Archive member included to satisfy reference by file (symbol)

C:/ST/STM32CubeIDE_1.19.0/STM32CubeIDE/plugins/com.st.stm32cube.ide.mcu.externaltools.gnu-tools-for-stm32.13.3.rel1.win32_1.0.0.202411081344/tools/bin/../lib/gcc/arm-none-eabi/13.3.1/../../../../arm-none-eabi/lib/thumb/v7e-m+fp/hard\libc_nano.a(libc_a-exit.o)
                              C:/ST/STM32CubeIDE_1.19.0/STM32CubeIDE/plugins/com.st.stm32cube.ide.mcu.externaltools.gnu-tools-for-stm32.13.3.rel1.win32_1.0.0.202411081344/tools/bin/../lib/gcc/arm-none-eabi/13.3.1/../../../../arm-none-eabi/lib/thumb/v7e-m+fp/hard/crt0.o (exit)
C:/ST/STM32CubeIDE_1.19.0/STM32CubeIDE/plugins/com.st.stm32cube.ide.mcu.externaltools.gnu-tools-for-stm32.13.3.rel1.win32_1.0.0.202411081344/tools/bin/../lib/gcc/arm-none-eabi/13.3.1/../../../../arm-none-eabi/lib/thumb/v7e-m+fp/hard\libc_nano.a(libc_a-findfp.o)
                              C:/ST/STM32CubeIDE_1.19.0/STM32CubeIDE/plugins/com.st.stm32cube.ide.mcu.externaltools.gnu-tools-for-stm32.13.3.rel1.win32_1.0.0.202411081344/tools/bin/../lib/gcc/arm-none-eabi/13.3.1/../../../../arm-none-eabi/lib/thumb/v7e-m+fp/hard\libc_nano.a(libc_a-exit.o) (__stdio_exit_handler)
C:/ST/STM32CubeIDE_1.19.0/STM32CubeIDE/plugins/com.st.stm32cube.ide.mcu.externaltools.gnu-tools-for-stm32.13.3.rel1.win32_1.0.0.202411081344/tools/bin/../lib/gcc/arm-none-eabi/13.3.1/../../../../arm-none-eabi/lib/thumb/v7e-m+fp/hard\libc_nano.a(libc_a-fwalk.o)
                              C:/ST/STM32CubeIDE_1.19.0/STM32CubeIDE/plugins/com.st.stm32cube.ide.mcu.externaltools.gnu-tools-for-stm32.13.3.rel1.win32_1.0.0.202411081344/tools/bin/../lib/gcc/arm-none-eabi/13.3.1/../../../../arm-none-eabi/lib/thumb/v7e-m+fp/hard\libc_nano.a(libc_a-findfp.o) (_fwalk_sglue)
C:/ST/STM32CubeIDE_1.19.0/STM32CubeIDE/plugins/com.st.stm32cube.ide.mcu.externaltools.gnu-tools-for-stm32.13.3.rel1.win32_1.0.0.202411081344/tools/bin/../lib/gcc/arm-none-eabi/13.3.1/../../../../arm-none-eabi/lib/thumb/v7e-m+fp/hard\libc_nano.a(libc_a-printf.o)
                              ./MEMS/App/app_mems.o (printf)
C:/ST/STM32CubeIDE_1.19.0/STM32CubeIDE/plugins/com.st.stm32cube.ide.mcu.externaltools.gnu-tools-for-stm32.13.3.rel1.win32_1.0.0.202411081344/tools/bin/../lib/gcc/arm-none-eabi/13.3.1/../../../../arm-none-eabi/lib/thumb/v7e-m+fp/hard\libc_nano.a(libc_a-snprintf.o)
                              ./MEMS/App/app_mems.o (snprintf)
C:/ST/STM32CubeIDE_1.19.0/STM32CubeIDE/plugins/com.st.stm32cube.ide.mcu.externaltools.gnu-tools-for-stm32.13.3.rel1.win32_1.0.0.202411081344/tools/bin/../lib/gcc/arm-none-eabi/13.3.1/../../../../arm-none-eabi/lib/thumb/v7e-m+fp/hard\libc_nano.a(libc_a-stdio.o)
                              C:/ST/STM32CubeIDE_1.19.0/STM32CubeIDE/plugins/com.st.stm32cube.ide.mcu.externaltools.gnu-tools-for-stm32.13.3.rel1.win32_1.0.0.202411081344/tools/bin/../lib/gcc/arm-none-eabi/13.3.1/../../../../arm-none-eabi/lib/thumb/v7e-m+fp/hard\libc_nano.a(libc_a-findfp.o) (__sread)
C:/ST/STM32CubeIDE_1.19.0/STM32CubeIDE/plugins/com.st.stm32cube.ide.mcu.externaltools.gnu-tools-for-stm32.13.3.rel1.win32_1.0.0.202411081344/tools/bin/../lib/gcc/arm-none-eabi/13.3.1/../../../../arm-none-eabi/lib/thumb/v7e-m+fp/hard\libc_nano.a(libc_a-memset.o)
                              C:/ST/STM32CubeIDE_1.19.0/STM32CubeIDE/plugins/com.st.stm32cube.ide.mcu.externaltools.gnu-tools-for-stm32.13.3.rel1.win32_1.0.0.202411081344/tools/bin/../lib/gcc/arm-none-eabi/13.3.1/../../../../arm-none-eabi/lib/thumb/v7e-m+fp/hard/crt0.o (memset)
C:/ST/STM32CubeIDE_1.19.0/STM32CubeIDE/plugins/com.st.stm32cube.ide.mcu.externaltools.gnu-tools-for-stm32.13.3.rel1.win32_1.0.0.202411081344/tools/bin/../lib/gcc/arm-none-eabi/13.3.1/../../../../arm-none-eabi/lib/thumb/v7e-m+fp/hard\libc_nano.a(libc_a-closer.o)
                              C:/ST/STM32CubeIDE_1.19.0/STM32CubeIDE/plugins/com.st.stm32cube.ide.mcu.externaltools.gnu-tools-for-stm32.13.3.rel1.win32_1.0.0.202411081344/tools/bin/../lib/gcc/arm-none-eabi/13.3.1/../../../../arm-none-eabi/lib/thumb/v7e-m+fp/hard\libc_nano.a(libc_a-stdio.o) (_close_r)
C:/ST/STM32CubeIDE_1.19.0/STM32CubeIDE/plugins/com.st.stm32cube.ide.mcu.externaltools.gnu-tools-for-stm32.13.3.rel1.win32_1.0.0.202411081344/tools/bin/../lib/gcc/arm-none-eabi/13.3.1/../../../../arm-none-eabi/lib/thumb/v7e-m+fp/hard\libc_nano.a(libc_a-reent.o)
                              C:/ST/STM32CubeIDE_1.19.0/STM32CubeIDE/plugins/com.st.stm32cube.ide.mcu.externaltools.gnu-tools-for-stm32.13.3.rel1.win32_1.0.0.202411081344/tools/bin/../lib/gcc/arm-none-eabi/13.3.1/../../../../arm-none-eabi/lib/thumb/v7e-m+fp/hard\libc_nano.a(libc_a-closer.o) (errno)
C:/ST/STM32CubeIDE_1.19.0/STM32CubeIDE/plugins/com.st.stm32cube.ide.mcu.externaltools.gnu-tools-for-stm32.13.3.rel1.win32_1.0.0.202411081344/tools/bin/../lib/gcc/arm-none-eabi/13.3.1/../../../../arm-none-eabi/lib/thumb/v7e-m+fp/hard\libc_nano.a(libc_a-impure.o)
[...]
Memory Configuration

Name             Origin             Length             Attributes
RAM              0x20000000         0x00018000         xrw
RAM2             0x10000000         0x00008000         xrw
FLASH            0x08000000         0x00100000         xr
*default*        0x00000000         0xffffffff

Linker script and memory map

LOAD C:/ST/STM32CubeIDE_1.19.0/STM32CubeIDE/plugins/com.st.stm32cube.ide.mcu.externaltools.gnu-tools-for-stm32.13.3.rel1.win32_1.0.0.202411081344/tools/bin/../lib/gcc/arm-none-eabi/13.3.1/thumb/v7e-m+fp/hard/crti.o
LOAD C:/ST/STM32CubeIDE_1.19.0/STM32CubeIDE/plugins/com.st.stm32cube.ide.mcu.externaltools.gnu-tools-for-stm32.13.3.rel1.win32_1.0.0.202411081344/tools/bin/../lib/gcc/arm-none-eabi/13.3.1/thumb/v7e-m+fp/hard/crtbegin.o
LOAD C:/ST/STM32CubeIDE_1.19.0/STM32CubeIDE/plugins/com.st.stm32cube.ide.mcu.externaltools.gnu-tools-for-stm32.13.3.rel1.win32_1.0.0.202411081344/tools/bin/../lib/gcc/arm-none-eabi/13.3.1/../../../../arm-none-eabi/lib/thumb/v7e-m+fp/hard/crt0.o
LOAD ./Core/Src/main.o
LOAD ./Core/Src/stm32l4xx_hal_msp.o
LOAD ./Core/Src/stm32l4xx_it.o
LOAD ./Core/Src/stm32l4xx_nucleo_bus.o
LOAD ./Core/Src/syscalls.o
LOAD ./Core/Src/sysmem.o
LOAD ./Core/Src/system_stm32l4xx.o
LOAD ./Core/Startup/startup_stm32l476rgtx.o
LOAD ./Drivers/BSP/Components/lis2duxs12/lis2duxs12.o
LOAD ./Drivers/BSP/Components/lis2duxs12/lis2duxs12_reg.o
LOAD ./Drivers/BSP/Components/lis2mdl/lis2mdl.o
LOAD ./Drivers/BSP/Components/lis2mdl/lis2mdl_reg.o
LOAD ./Drivers/BSP/Components/lps22df/lps22df.o
LOAD ./Drivers/BSP/Components/lps22df/lps22df_reg.o
LOAD ./Drivers/BSP/Components/lsm6dso16is/lsm6dso16is.o
LOAD ./Drivers/BSP/Components/lsm6dso16is/lsm6dso16is_reg.o
LOAD ./Drivers/BSP/Components/lsm6dsv16x/lsm6dsv16x.o
LOAD ./Drivers/BSP/Components/lsm6dsv16x/lsm6dsv16x_reg.o
LOAD ./Drivers/BSP/Components/sht40ad1b/sht40ad1b.o
LOAD ./Drivers/BSP/Components/sht40ad1b/sht40ad1b_reg.o
LOAD ./Drivers/BSP/Components/stts22h/stts22h.o
LOAD ./Drivers/BSP/Components/stts22h/stts22h_reg.o
LOAD ./Drivers/BSP/IKS4A1/iks4a1_env_sensors.o
LOAD ./Drivers/BSP/IKS4A1/iks4a1_env_sensors_ex.o
LOAD ./Drivers/BSP/IKS4A1/iks4a1_motion_sensors.o
LOAD ./Drivers/BSP/IKS4A1/iks4a1_motion_sensors_ex.o
LOAD ./Drivers/BSP/STM32L4xx_Nucleo/stm32l4xx_nucleo.o
LOAD ./Drivers/STM32L4xx_HAL_Driver/Src/stm32l4xx_hal.o
LOAD ./Drivers/STM32L4xx_HAL_Driver/Src/stm32l4xx_hal_cortex.o
LOAD ./Drivers/STM32L4xx_HAL_Driver/Src/stm32l4xx_hal_crc.o
LOAD ./Drivers/STM32L4xx_HAL_Driver/Src/stm32l4xx_hal_crc_ex.o
LOAD ./Drivers/STM32L4xx_HAL_Driver/Src/stm32l4xx_hal_dma.o
LOAD ./Drivers/STM32L4xx_HAL_Driver/Src/stm32l4xx_hal_dma_ex.o
LOAD ./Drivers/STM32L4xx_HAL_Driver/Src/stm32l4xx_hal_exti.o
LOAD ./Drivers/STM32L4xx_HAL_Driver/Src/stm32l4xx_hal_flash.o
LOAD ./Drivers/STM32L4xx_HAL_Driver/Src/stm32l4xx_hal_flash_ex.o
LOAD ./Drivers/STM32L4xx_HAL_Driver/Src/stm32l4xx_hal_flash_ramfunc.o
LOAD ./Drivers/STM32L4xx_HAL_Driver/Src/stm32l4xx_hal_gpio.o
LOAD ./Drivers/STM32L4xx_HAL_Driver/Src/stm32l4xx_hal_i2c.o
LOAD ./Drivers/STM32L4xx_HAL_Driver/Src/stm32l4xx_hal_i2c_ex.o
LOAD ./Drivers/STM32L4xx_HAL_Driver/Src/stm32l4xx_hal_pwr.o
LOAD ./Drivers/STM32L4xx_HAL_Driver/Src/stm32l4xx_hal_pwr_ex.o
LOAD ./Drivers/STM32L4xx_HAL_Driver/Src/stm32l4xx_hal_rcc.o
LOAD ./Drivers/STM32L4xx_HAL_Driver/Src/stm32l4xx_hal_rcc_ex.o
LOAD ./Drivers/STM32L4xx_HAL_Driver/Src/stm32l4xx_hal_rtc.o
LOAD ./Drivers/STM32L4xx_HAL_Driver/Src/stm32l4xx_hal_rtc_ex.o
LOAD ./Drivers/STM32L4xx_HAL_Driver/Src/stm32l4xx_hal_spi.o
LOAD ./Drivers/STM32L4xx_HAL_Driver/Src/stm32l4xx_hal_spi_ex.o
LOAD ./Drivers/STM32L4xx_HAL_Driver/Src/stm32l4xx_hal_tim.o
LOAD ./Drivers/STM32L4xx_HAL_Driver/Src/stm32l4xx_hal_tim_ex.o
LOAD ./Drivers/STM32L4xx_HAL_Driver/Src/stm32l4xx_hal_uart.o
LOAD ./Drivers/STM32L4xx_HAL_Driver/Src/stm32l4xx_hal_uart_ex.o
LOAD ./MEMS/App/app_mems.o
START GROUP
LOAD C:/ST/STM32CubeIDE_1.19.0/STM32CubeIDE/plugins/com.st.stm32cube.ide.mcu.externaltools.gnu-tools-for-stm32.13.3.rel1.win32_1.0.0.202411081344/tools/bin/../lib/gcc/arm-none-eabi/13.3.1/../../../../arm-none-eabi/lib/thumb/v7e-m+fp/hard\libc_nano.a
LOAD C:/ST/STM32CubeIDE_1.19.0/STM32CubeIDE/plugins/com.st.stm32cube.ide.mcu.externaltools.gnu-tools-for-stm32.13.3.rel1.win32_1.0.0.202411081344/tools/bin/../lib/gcc/arm-none-eabi/13.3.1/../../../../arm-none-eabi/lib/thumb/v7e-m+fp/hard\libm.a
END GROUP
START GROUP
LOAD C:/ST/STM32CubeIDE_1.19.0/STM32CubeIDE/plugins/com.st.stm32cube.ide.mcu.externaltools.gnu-tools-for-stm32.13.3.rel1.win32_1.0.0.202411081344/tools/bin/../lib/gcc/arm-none-eabi/13.3.1/thumb/v7e-m+fp/hard\libgcc.a
LOAD C:/ST/STM32CubeIDE_1.19.0/STM32CubeIDE/plugins/com.st.stm32cube.ide.mcu.externaltools.gnu-tools-for-stm32.13.3.rel1.win32_1.0.0.202411081344/tools/bin/../lib/gcc/arm-none-eabi/13.3.1/../../../../arm-none-eabi/lib/thumb/v7e-m+fp/hard\libc_nano.a
END GROUP
START GROUP
LOAD C:/ST/STM32CubeIDE_1.19.0/STM32CubeIDE/plugins/com.st.stm32cube.ide.mcu.externaltools.gnu-tools-for-stm32.13.3.rel1.win32_1.0.0.202411081344/tools/bin/../lib/gcc/arm-none-eabi/13.3.1/thumb/v7e-m+fp/hard\libgcc.a
LOAD C:/ST/STM32CubeIDE_1.19.0/STM32CubeIDE/plugins/com.st.stm32cube.ide.mcu.externaltools.gnu-tools-for-stm32.13.3.rel1.win32_1.0.0.202411081344/tools/bin/../lib/gcc/arm-none-eabi/13.3.1/../../../../arm-none-eabi/lib/thumb/v7e-m+fp/hard\libc_nano.a
LOAD C:/ST/STM32CubeIDE_1.19.0/STM32CubeIDE/plugins/com.st.stm32cube.ide.mcu.externaltools.gnu-tools-for-stm32.13.3.rel1.win32_1.0.0.202411081344/tools/bin/../lib/gcc/arm-none-eabi/13.3.1/../../../../arm-none-eabi/lib/thumb/v7e-m+fp/hard\libnosys.a
END GROUP
START GROUP
LOAD C:/ST/STM32CubeIDE_1.19.0/STM32CubeIDE/plugins/com.st.stm32cube.ide.mcu.externaltools.gnu-tools-for-stm32.13.3.rel1.win32_1.0.0.202411081344/tools/bin/../lib/gcc/arm-none-eabi/13.3.1/thumb/v7e-m+fp/hard\libgcc.a
LOAD C:/ST/STM32CubeIDE_1.19.0/STM32CubeIDE/plugins/com.st.stm32cube.ide.mcu.externaltools.gnu-tools-for-stm32.13.3.rel1.win32_1.0.0.202411081344/tools/bin/../lib/gcc/arm-none-eabi/13.3.1/../../../../arm-none-eabi/lib/thumb/v7e-m+fp/hard\libc_nano.a
LOAD C:/ST/STM32CubeIDE_1.19.0/STM32CubeIDE/plugins/com.st.stm32cube.ide.mcu.externaltools.gnu-tools-for-stm32.13.3.rel1.win32_1.0.0.202411081344/tools/bin/../lib/gcc/arm-none-eabi/13.3.1/../../../../arm-none-eabi/lib/thumb/v7e-m+fp/hard\libnosys.a
END GROUP
LOAD C:/ST/STM32CubeIDE_1.19.0/STM32CubeIDE/plugins/com.st.stm32cube.ide.mcu.externaltools.gnu-tools-for-stm32.13.3.rel1.win32_1.0.0.202411081344/tools/bin/../lib/gcc/arm-none-eabi/13.3.1/thumb/v7e-m+fp/hard/crtend.o
LOAD C:/ST/STM32CubeIDE_1.19.0/STM32CubeIDE/plugins/com.st.stm32cube.ide.mcu.externaltools.gnu-tools-for-stm32.13.3.rel1.win32_1.0.0.202411081344/tools/bin/../lib/gcc/arm-none-eabi/13.3.1/thumb/v7e-m+fp/hard/crtn.o
                0x20018000                        _estack = (ORIGIN (RAM) + LENGTH (RAM))
                0x00000800                        _Min_Heap_Size = 0x800
                0x00001200                        _Min_Stack_Size = 0x1200

.isr_vector     0x08000000      0x188
                0x08000000                        . = ALIGN (0x4)
 *(.isr_vector)
 .isr_vector    0x08000000      0x188 ./Core/Startup/startup_stm32l476rgtx.o
                0x08000000                g_pfnVectors
                0x08000188                        . = ALIGN (0x4)

.text           0x08000190    0x14104
                0x08000190                        . = ALIGN (0x4)
 *(.text)
 .text          0x08000190       0x40 C:/ST/STM32CubeIDE_1.19.0/STM32CubeIDE/plugins/com.st.stm32cube.ide.mcu.externaltools.gnu-tools-for-stm32.13.3.rel1.win32_1.0.0.202411081344/tools/bin/../lib/gcc/arm-none-eabi/13.3.1/thumb/v7e-m+fp/hard/crtbegin.o
 .text          0x080001d0       0xa0 C:/ST/STM32CubeIDE_1.19.0/STM32CubeIDE/plugins/com.st.stm32cube.ide.mcu.externaltools.gnu-tools-for-stm32.13.3.rel1.win32_1.0.0.202411081344/tools/bin/../lib/gcc/arm-none-eabi/13.3.1/../../../../arm-none-eabi/lib/thumb/v7e-m+fp/hard\libc_nano.a(libc_a-memchr.o)
                0x080001d0                memchr
 .text          0x08000270      0x378 C:/ST/STM32CubeIDE_1.19.0/STM32CubeIDE/plugins/com.st.stm32cube.ide.mcu.externaltools.gnu-tools-for-stm32.13.3.rel1.win32_1.0.0.202411081344/tools/bin/../lib/gcc/arm-none-eabi/13.3.1/thumb/v7e-m+fp/hard\libgcc.a(_arm_addsubdf3.o)
                0x08000270                __aeabi_drsub
                0x08000278                __aeabi_dsub
                0x08000278                __subdf3
                0x0800027c                __aeabi_dadd
                0x0800027c                __adddf3
                0x080004f4                __floatunsidf
                0x080004f4                __aeabi_ui2d
                0x08000514                __floatsidf
                0x08000514                __aeabi_i2d
                0x08000538                __aeabi_f2d
                0x08000538                __extendsfdf2
                0x0800057c                __floatundidf
                0x0800057c                __aeabi_ul2d
                0x0800058c                __floatdidf
                0x0800058c                __aeabi_l2d
 .text          0x080005e8      0x424 C:/ST/STM32CubeIDE_1.19.0/STM32CubeIDE/plugins/com.st.stm32cube.ide.mcu.externaltools.gnu-tools-for-stm32.13.3.rel1.win32_1.0.0.202411081344/tools/bin/../lib/gcc/arm-none-eabi/13.3.1/thumb/v7e-m+fp/hard\libgcc.a(_arm_muldivdf3.o)
                0x080005e8                __aeabi_dmul
                0x080005e8                __muldf3
                0x0800083c                __divdf3
                0x0800083c                __aeabi_ddiv
 .text          0x08000a0c      0x110 C:/ST/STM32CubeIDE_1.19.0/STM32CubeIDE/plugins/com.st.stm32cube.ide.mcu.externaltools.gnu-tools-for-stm32.13.3.rel1.win32_1.0.0.202411081344/tools/bin/../lib/gcc/arm-none-eabi/13.3.1/thumb/v7e-m+fp/hard\libgcc.a(_arm_cmpdf2.o)
                0x08000a0c                __gtdf2
                0x08000a0c                __gedf2
                0x08000a14                __ltdf2
                0x08000a14                __ledf2
                0x08000a1c                __nedf2
                0x08000a1c                __eqdf2
                0x08000a1c                __cmpdf2
                0x08000a98                __aeabi_cdrcmple
                0x08000aa8                __aeabi_cdcmpeq
                0x08000aa8                __aeabi_cdcmple
                0x08000ab8                __aeabi_dcmpeq
                0x08000acc                __aeabi_dcmplt
                0x08000ae0                __aeabi_dcmple
                0x08000af4                __aeabi_dcmpge
                0x08000b08                __aeabi_dcmpgt
 .text          0x08000b1c       0x2c C:/ST/STM32CubeIDE_1.19.0/STM32CubeIDE/plugins/com.st.stm32cube.ide.mcu.externaltools.gnu-tools-for-stm32.13.3.rel1.win32_1.0.0.202411081344/tools/bin/../lib/gcc/arm-none-eabi/13.3.1/thumb/v7e-m+fp/hard\libgcc.a(_arm_unorddf2.o)
                0x08000b1c                __unorddf2
                0x08000b1c                __aeabi_dcmpun
 .text          0x08000b48       0x50 C:/ST/STM32CubeIDE_1.19.0/STM32CubeIDE/plugins/com.st.stm32cube.ide.mcu.externaltools.gnu-tools-for-stm32.13.3.rel1.win32_1.0.0.202411081344/tools/bin/../lib/gcc/arm-none-eabi/13.3.1/thumb/v7e-m+fp/hard\libgcc.a(_arm_fixdfsi.o)
                0x08000b48                __aeabi_d2iz
                0x08000b48                __fixdfsi
 .text          0x08000b98       0xa0 C:/ST/STM32CubeIDE_1.19.0/STM32CubeIDE/plugins/com.st.stm32cube.ide.mcu.externaltools.gnu-tools-for-stm32.13.3.rel1.win32_1.0.0.202411081344/tools/bin/../lib/gcc/arm-none-eabi/13.3.1/thumb/v7e-m+fp/hard\libgcc.a(_arm_truncdfsf2.o)
                0x08000b98                __truncdfsf2
                0x08000b98                __aeabi_d2f
 .text          0x08000c38       0x30 C:/ST/STM32CubeIDE_1.19.0/STM32CubeIDE/plugins/com.st.stm32cube.ide.mcu.externaltools.gnu-tools-for-stm32.13.3.rel1.win32_1.0.0.202411081344/tools/bin/../lib/gcc/arm-none-eabi/13.3.1/thumb/v7e-m+fp/hard\libgcc.a(_aeabi_uldivmod.o)
                0x08000c38                __aeabi_uldivmod
 .text          0x08000c68      0x2f8 C:/ST/STM32CubeIDE_1.19.0/STM32CubeIDE/plugins/com.st.stm32cube.ide.mcu.externaltools.gnu-tools-for-stm32.13.3.rel1.win32_1.0.0.202411081344/tools/bin/../lib/gcc/arm-none-eabi/13.3.1/thumb/v7e-m+fp/hard\libgcc.a(_udivmoddi4.o)
                0x08000c68                __udivmoddi4
 .text          0x08000f60        0x4 C:/ST/STM32CubeIDE_1.19.0/STM32CubeIDE/plugins/com.st.stm32cube.ide.mcu.externaltools.gnu-tools-for-stm32.13.3.rel1.win32_1.0.0.202411081344/tools/bin/../lib/gcc/arm-none-eabi/13.3.1/thumb/v7e-m+fp/hard\libgcc.a(_dvmd_tls.o)
                0x08000f60                __aeabi_idiv0
                0x08000f60                __aeabi_ldiv0
 *(.text*)
 .text.main     0x08000f64       0x36 ./Core/Src/main.o
                0x08000f64                main
 .text.SystemClock_Config
                0x08000f9a       0xa6 ./Core/Src/main.o
                0x08000f9a                SystemClock_Config
 .text.MX_CRC_Init
                0x08001040       0x44 ./Core/Src/main.o
 .text.MX_RTC_Init
                0x08001084       0xb8 ./Core/Src/main.o
 .text.MX_SPI2_Init
                0x0800113c       0x74 ./Core/Src/main.o
 .text.MX_TIM2_Init
                0x080011b0       0x9c ./Core/Src/main.o
 .text.MX_TIM3_Init
                0x0800124c       0x9c ./Core/Src/main.o
 .text.MX_USART1_UART_Init
                0x080012e8       0x60 ./Core/Src/main.o
 .text.MX_DMA_Init
                0x08001348       0x4c ./Core/Src/main.o
 .text.MX_GPIO_Init
                0x08001394       0x78 ./Core/Src/main.o
 .text.Error_Handler
                0x0800140c        0xc ./Core/Src/main.o
                0x0800140c                Error_Handler
 .text.HAL_MspInit
                0x08001418       0x48 ./Core/Src/stm32l4xx_hal_msp.o
                0x08001418                HAL_MspInit
 .text.HAL_CRC_MspInit
                0x08001460       0x40 ./Core/Src/stm32l4xx_hal_msp.o
                0x08001460                HAL_CRC_MspInit
 .text.HAL_RTC_MspInit
                0x080014a0       0x64 ./Core/Src/stm32l4xx_hal_msp.o
                0x080014a0                HAL_RTC_MspInit
 .text.HAL_SPI_MspInit
                0x08001504       0x98 ./Core/Src/stm32l4xx_hal_msp.o
                0x08001504                HAL_SPI_MspInit
 .text.HAL_TIM_Base_MspInit
                0x0800159c       0x70 ./Core/Src/stm32l4xx_hal_msp.o
                0x0800159c                HAL_TIM_Base_MspInit
 .text.HAL_UART_MspInit
                0x0800160c       0xcc ./Core/Src/stm32l4xx_hal_msp.o
                0x0800160c                HAL_UART_MspInit
 .text.NMI_Handler
                0x080016d8        0x8 ./Core/Src/stm32l4xx_it.o
                0x080016d8                NMI_Handler
 .text.HardFault_Handler
                0x080016e0        0x8 ./Core/Src/stm32l4xx_it.o
                0x080016e0                HardFault_Handler
 .text.MemManage_Handler
                0x080016e8        0x8 ./Core/Src/stm32l4xx_it.o
                0x080016e8                MemManage_Handler
 .text.BusFault_Handler
                0x080016f0        0x8 ./Core/Src/stm32l4xx_it.o
                0x080016f0                BusFault_Handler
 .text.UsageFault_Handler
                0x080016f8        0x8 ./Core/Src/stm32l4xx_it.o
                0x080016f8                UsageFault_Handler
 .text.SVC_Handler
                0x08001700        0xe ./Core/Src/stm32l4xx_it.o
                0x08001700                SVC_Handler
 .text.DebugMon_Handler
                0x0800170e        0xe ./Core/Src/stm32l4xx_it.o
                0x0800170e                DebugMon_Handler
 .text.PendSV_Handler
                0x0800171c        0xe ./Core/Src/stm32l4xx_it.o
                0x0800171c                PendSV_Handler
 .text.SysTick_Handler
                0x0800172a        0xc ./Core/Src/stm32l4xx_it.o
                0x0800172a                SysTick_Handler
 *fill*         0x08001736        0x2 
 .text.DMA1_Channel6_IRQHandler
                0x08001738       0x14 ./Core/Src/stm32l4xx_it.o
                0x08001738                DMA1_Channel6_IRQHandler
 .text.DMA1_Channel7_IRQHandler
                0x0800174c       0x14 ./Core/Src/stm32l4xx_it.o
                0x0800174c                DMA1_Channel7_IRQHandler
 .text.TIM3_IRQHandler
                0x08001760       0x14 ./Core/Src/stm32l4xx_it.o
                0x08001760                TIM3_IRQHandler
 .text.SPI2_IRQHandler
                0x08001774       0x14 ./Core/Src/stm32l4xx_it.o
                0x08001774                SPI2_IRQHandler
 .text.USART1_IRQHandler
                0x08001788       0x14 ./Core/Src/stm32l4xx_it.o
                0x08001788                USART1_IRQHandler
 .text.BSP_I2C1_Init
                0x0800179c       0x7c ./Core/Src/stm32l4xx_nucleo_bus.o
                0x0800179c                BSP_I2C1_Init
 .text.BSP_I2C1_DeInit
                0x08001818       0x50 ./Core/Src/stm32l4xx_nucleo_bus.o
                0x08001818                BSP_I2C1_DeInit
 .text.BSP_I2C1_WriteReg
                0x08001868       0x64 ./Core/Src/stm32l4xx_nucleo_bus.o
                0x08001868                BSP_I2C1_WriteReg
 .text.BSP_I2C1_ReadReg
                0x080018cc       0x64 ./Core/Src/stm32l4xx_nucleo_bus.o
                0x080018cc                BSP_I2C1_ReadReg
 .text.BSP_I2C1_Send
                0x08001930       0x54 ./Core/Src/stm32l4xx_nucleo_bus.o
                0x08001930                BSP_I2C1_Send
 .text.BSP_I2C1_Recv
                0x08001984       0x54 ./Core/Src/stm32l4xx_nucleo_bus.o
                0x08001984                BSP_I2C1_Recv
 .text.BSP_GetTick
                0x080019d8        0xe ./Core/Src/stm32l4xx_nucleo_bus.o
                0x080019d8                BSP_GetTick
 *fill*         0x080019e6        0x2 
 .text.MX_I2C1_Init
                0x080019e8       0x88 ./Core/Src/stm32l4xx_nucleo_bus.o
                0x080019e8                MX_I2C1_Init
 .text.I2C1_MspInit
                0x08001a70       0xdc ./Core/Src/stm32l4xx_nucleo_bus.o
 .text.I2C1_MspDeInit
                0x08001b4c       0x38 ./Core/Src/stm32l4xx_nucleo_bus.o
 .text._read    0x08001b84       0x3a ./Core/Src/syscalls.o
                0x08001b84                _read
 .text._write   0x08001bbe       0x38 ./Core/Src/syscalls.o
                0x08001bbe                _write
 .text._close   0x08001bf6       0x18 ./Core/Src/syscalls.o
                0x08001bf6                _close
 .text._fstat   0x08001c0e       0x20 ./Core/Src/syscalls.o
                0x08001c0e                _fstat
 .text._isatty  0x08001c2e       0x16 ./Core/Src/syscalls.o
                0x08001c2e                _isatty
 .text._lseek   0x08001c44       0x1a ./Core/Src/syscalls.o
                0x08001c44                _lseek
 *fill*         0x08001c5e        0x2 
 .text._sbrk    0x08001c60       0x6c ./Core/Src/sysmem.o
                0x08001c60                _sbrk
 .text.SystemInit
                0x08001ccc       0x24 ./Core/Src/system_stm32l4xx.o
                0x08001ccc                SystemInit
 .text.Reset_Handler
                0x08001cf0       0x50 ./Core/Startup/startup_stm32l476rgtx.o
                0x08001cf0                Reset_Handler
 .text.Default_Handler
                0x08001d40        0x2 ./Core/Startup/startup_stm32l476rgtx.o
                0x08001d40                RTC_Alarm_IRQHandler
                0x08001d40                EXTI2_IRQHandler
                0x08001d40                TIM8_TRG_COM_IRQHandler
                0x08001d40                TIM8_CC_IRQHandler
                0x08001d40                TIM1_CC_IRQHandler
                0x08001d40                TSC_IRQHandler
                0x08001d40                TAMP_STAMP_IRQHandler
                0x08001d40                EXTI3_IRQHandler
                0x08001d40                LPTIM2_IRQHandler
                0x08001d40                DFSDM1_FLT1_IRQHandler
                0x08001d40                I2C3_ER_IRQHandler
                0x08001d40                DFSDM1_FLT2_IRQHandler
                0x08001d40                EXTI0_IRQHandler
                0x08001d40                I2C2_EV_IRQHandler
                0x08001d40                CAN1_RX0_IRQHandler
                0x08001d40                FPU_IRQHandler
                0x08001d40                TIM1_UP_TIM16_IRQHandler
                0x08001d40                ADC1_2_IRQHandler
                0x08001d40                SPI1_IRQHandler
                0x08001d40                TIM6_DAC_IRQHandler
                0x08001d40                TIM8_UP_IRQHandler
                0x08001d40                DMA2_Channel2_IRQHandler
                0x08001d40                DMA1_Channel4_IRQHandler
                0x08001d40                SAI2_IRQHandler
                0x08001d40                DFSDM1_FLT3_IRQHandler
                0x08001d40                USART3_IRQHandler
                0x08001d40                CAN1_RX1_IRQHandler
                0x08001d40                LCD_IRQHandler
                0x08001d40                UART5_IRQHandler
                0x08001d40                ADC3_IRQHandler
                0x08001d40                TIM4_IRQHandler
                0x08001d40                DMA2_Channel1_IRQHandler
                0x08001d40                QUADSPI_IRQHandler
                0x08001d40                I2C1_EV_IRQHandler
                0x08001d40                UART4_IRQHandler
                0x08001d40                DMA2_Channel4_IRQHandler
                0x08001d40                RCC_IRQHandler
                0x08001d40                DMA1_Channel1_IRQHandler
                0x08001d40                Default_Handler
                0x08001d40                DMA2_Channel7_IRQHandler
                0x08001d40                EXTI15_10_IRQHandler
                0x08001d40                TIM7_IRQHandler
                0x08001d40                SDMMC1_IRQHandler
                0x08001d40                TIM5_IRQHandler
                0x08001d40                I2C3_EV_IRQHandler
                0x08001d40                EXTI9_5_IRQHandler
                0x08001d40                RTC_WKUP_IRQHandler
                0x08001d40                PVD_PVM_IRQHandler
                0x08001d40                CAN1_TX_IRQHandler
                0x08001d40                DMA2_Channel5_IRQHandler
                0x08001d40                DMA1_Channel5_IRQHandler
                0x08001d40                EXTI4_IRQHandler
                0x08001d40                RNG_IRQHandler
                0x08001d40                TIM1_TRG_COM_TIM17_IRQHandler
                0x08001d40                DMA1_Channel3_IRQHandler
                0x08001d40                COMP_IRQHandler
                0x08001d40                WWDG_IRQHandler
                0x08001d40                LPUART1_IRQHandler
                0x08001d40                DMA2_Channel6_IRQHandler
                0x08001d40                TIM2_IRQHandler
                0x08001d40                EXTI1_IRQHandler
                0x08001d40                USART2_IRQHandler
                0x08001d40                DFSDM1_FLT0_IRQHandler
                0x08001d40                I2C2_ER_IRQHandler
                0x08001d40                DMA1_Channel2_IRQHandler
                0x08001d40                TIM8_BRK_IRQHandler
                0x08001d40                CAN1_SCE_IRQHandler
                0x08001d40                FLASH_IRQHandler
                0x08001d40                OTG_FS_IRQHandler
                0x08001d40                SPI3_IRQHandler
                0x08001d40                I2C1_ER_IRQHandler
                0x08001d40                FMC_IRQHandler
                0x08001d40                SWPMI1_IRQHandler
                0x08001d40                LPTIM1_IRQHandler
                0x08001d40                SAI1_IRQHandler
                0x08001d40                DMA2_Channel3_IRQHandler
                0x08001d40                TIM1_BRK_TIM15_IRQHandler
 *fill*         0x08001d42        0x2 
 .text.LIS2DUXS12_RegisterBusIO
                0x08001d44      0x13c ./Drivers/BSP/Components/lis2duxs12/lis2duxs12.o
                0x08001d44                LIS2DUXS12_RegisterBusIO
 .text.LIS2DUXS12_Init
                0x08001e80       0xf4 ./Drivers/BSP/Components/lis2duxs12/lis2duxs12.o
                0x08001e80                LIS2DUXS12_Init
 .text.LIS2DUXS12_DeInit
                0x08001f74       0x3c ./Drivers/BSP/Components/lis2duxs12/lis2duxs12.o
                0x08001f74                LIS2DUXS12_DeInit
 .text.LIS2DUXS12_ExitDeepPowerDownI2C
                0x08001fb0       0x2a ./Drivers/BSP/Components/lis2duxs12/lis2duxs12.o
                0x08001fb0                LIS2DUXS12_ExitDeepPowerDownI2C
 .text.LIS2DUXS12_ExitDeepPowerDownSPI
                0x08001fda       0x24 ./Drivers/BSP/Components/lis2duxs12/lis2duxs12.o
                0x08001fda                LIS2DUXS12_ExitDeepPowerDownSPI
 .text.LIS2DUXS12_ReadID
                0x08001ffe       0x36 ./Drivers/BSP/Components/lis2duxs12/lis2duxs12.o
                0x08001ffe                LIS2DUXS12_ReadID
 .text.LIS2DUXS12_GetCapabilities
                0x08002034       0x5c ./Drivers/BSP/Components/lis2duxs12/lis2duxs12.o
                0x08002034                LIS2DUXS12_GetCapabilities
 .text.LIS2DUXS12_ACC_Enable
                0x08002090       0x4c ./Drivers/BSP/Components/lis2duxs12/lis2duxs12.o
                0x08002090                LIS2DUXS12_ACC_Enable
 .text.LIS2DUXS12_ACC_Disable
                0x080020dc       0xb4 ./Drivers/BSP/Components/lis2duxs12/lis2duxs12.o
                0x080020dc                LIS2DUXS12_ACC_Disable
 .text.LIS2DUXS12_ACC_GetSensitivity
                0x08002190       0x94 ./Drivers/BSP/Components/lis2duxs12/lis2duxs12.o
                0x08002190                LIS2DUXS12_ACC_GetSensitivity
 .text.LIS2DUXS12_ACC_GetOutputDataRate
                0x08002224      0x198 ./Drivers/BSP/Components/lis2duxs12/lis2duxs12.o
                0x08002224                LIS2DUXS12_ACC_GetOutputDataRate
 .text.LIS2DUXS12_ACC_SetOutputDataRate
                0x080023bc       0x22 ./Drivers/BSP/Components/lis2duxs12/lis2duxs12.o
                0x080023bc                LIS2DUXS12_ACC_SetOutputDataRate
 .text.LIS2DUXS12_ACC_SetOutputDataRate_With_Mode
                0x080023de       0x44 ./Drivers/BSP/Components/lis2duxs12/lis2duxs12.o
                0x080023de                LIS2DUXS12_ACC_SetOutputDataRate_With_Mode
 *fill*         0x08002422        0x2 
 .text.LIS2DUXS12_ACC_GetFullScale
                0x08002424       0x84 ./Drivers/BSP/Components/lis2duxs12/lis2duxs12.o
                0x08002424                LIS2DUXS12_ACC_GetFullScale
 .text.LIS2DUXS12_ACC_SetFullScale
                0x080024a8       0x6e ./Drivers/BSP/Components/lis2duxs12/lis2duxs12.o
                0x080024a8                LIS2DUXS12_ACC_SetFullScale
 .text.LIS2DUXS12_ACC_GetAxesRaw
                0x08002516       0x66 ./Drivers/BSP/Components/lis2duxs12/lis2duxs12.o
                0x08002516                LIS2DUXS12_ACC_GetAxesRaw
 .text.LIS2DUXS12_ACC_GetAxes
                0x0800257c       0x7e ./Drivers/BSP/Components/lis2duxs12/lis2duxs12.o
                0x0800257c                LIS2DUXS12_ACC_GetAxes
 .text.LIS2DUXS12_Write_Reg
                0x080025fa       0x36 ./Drivers/BSP/Components/lis2duxs12/lis2duxs12.o
                0x080025fa                LIS2DUXS12_Write_Reg
 .text.LIS2DUXS12_Set_Mem_Bank
                0x08002630       0x42 ./Drivers/BSP/Components/lis2duxs12/lis2duxs12.o
                0x08002630                LIS2DUXS12_Set_Mem_Bank
 *fill*         0x08002672        0x2 
 .text.LIS2DUXS12_ACC_SetOutputDataRate_When_Enabled
                0x08002674      0x2fc ./Drivers/BSP/Components/lis2duxs12/lis2duxs12.o
 .text.LIS2DUXS12_ACC_SetOutputDataRate_When_Disabled
                0x08002970      0x144 ./Drivers/BSP/Components/lis2duxs12/lis2duxs12.o
 .text.ReadRegWrap
                0x08002ab4       0x36 ./Drivers/BSP/Components/lis2duxs12/lis2duxs12.o
 .text.WriteRegWrap
                0x08002aea       0x36 ./Drivers/BSP/Components/lis2duxs12/lis2duxs12.o
 .text.lis2duxs12_read_reg
                0x08002b20       0x3a ./Drivers/BSP/Components/lis2duxs12/lis2duxs12_reg.o
                0x08002b20                lis2duxs12_read_reg
 .text.lis2duxs12_write_reg
                0x08002b5a       0x3a ./Drivers/BSP/Components/lis2duxs12/lis2duxs12_reg.o
                0x08002b5a                lis2duxs12_write_reg
 .text.lis2duxs12_from_fs2g_to_mg
                0x08002b94       0x30 ./Drivers/BSP/Components/lis2duxs12/lis2duxs12_reg.o
                0x08002b94                lis2duxs12_from_fs2g_to_mg
 .text.lis2duxs12_from_fs4g_to_mg
                0x08002bc4       0x30 ./Drivers/BSP/Components/lis2duxs12/lis2duxs12_reg.o
                0x08002bc4                lis2duxs12_from_fs4g_to_mg
 .text.lis2duxs12_from_fs8g_to_mg
                0x08002bf4       0x30 ./Drivers/BSP/Components/lis2duxs12/lis2duxs12_reg.o
                0x08002bf4                lis2duxs12_from_fs8g_to_mg
 .text.lis2duxs12_from_fs16g_to_mg
                0x08002c24       0x30 ./Drivers/BSP/Components/lis2duxs12/lis2duxs12_reg.o
                0x08002c24                lis2duxs12_from_fs16g_to_mg
 .text.lis2duxs12_device_id_get
                0x08002c54       0x22 ./Drivers/BSP/Components/lis2duxs12/lis2duxs12_reg.o
                0x08002c54                lis2duxs12_device_id_get
 *fill*         0x08002c76        0x2 
 .text.lis2duxs12_init_set
                0x08002c78      0x214 ./Drivers/BSP/Components/lis2duxs12/lis2duxs12_reg.o
                0x08002c78                lis2duxs12_init_set
 .text.lis2duxs12_status_get
                0x08002e8c       0x86 ./Drivers/BSP/Components/lis2duxs12/lis2duxs12_reg.o
                0x08002e8c                lis2duxs12_status_get
 *fill*         0x08002f12        0x2 
 .text.lis2duxs12_mode_set
                0x08002f14      0x178 ./Drivers/BSP/Components/lis2duxs12/lis2duxs12_reg.o
                0x08002f14                lis2duxs12_mode_set
 .text.lis2duxs12_mode_get
                0x0800308c      0x220 ./Drivers/BSP/Components/lis2duxs12/lis2duxs12_reg.o
                0x0800308c                lis2duxs12_mode_get
 .text.lis2duxs12_exit_deep_power_down
                0x080032ac       0x3e ./Drivers/BSP/Components/lis2duxs12/lis2duxs12_reg.o
                0x080032ac                lis2duxs12_exit_deep_power_down
 *fill*         0x080032ea        0x2 
 .text.lis2duxs12_xl_data_get
                0x080032ec      0x158 ./Drivers/BSP/Components/lis2duxs12/lis2duxs12_reg.o
                0x080032ec                lis2duxs12_xl_data_get
 .text.lis2duxs12_i3c_configure_set
                0x08003444       0x70 ./Drivers/BSP/Components/lis2duxs12/lis2duxs12_reg.o
                0x08003444                lis2duxs12_i3c_configure_set
 .text.lis2duxs12_i3c_configure_get
                0x080034b4       0x7e ./Drivers/BSP/Components/lis2duxs12/lis2duxs12_reg.o
                0x080034b4                lis2duxs12_i3c_configure_get
 .text.lis2duxs12_mem_bank_set
                0x08003532       0x4c ./Drivers/BSP/Components/lis2duxs12/lis2duxs12_reg.o
                0x08003532                lis2duxs12_mem_bank_set
 .text.lis2duxs12_fifo_mode_set
                0x0800357e      0x186 ./Drivers/BSP/Components/lis2duxs12/lis2duxs12_reg.o
                0x0800357e                lis2duxs12_fifo_mode_set
 .text.LIS2MDL_RegisterBusIO
                0x08003704      0x100 ./Drivers/BSP/Components/lis2mdl/lis2mdl.o
                0x08003704                LIS2MDL_RegisterBusIO
 .text.LIS2MDL_Init
                0x08003804      0x10c ./Drivers/BSP/Components/lis2mdl/lis2mdl.o
                0x08003804                LIS2MDL_Init
 .text.LIS2MDL_DeInit
                0x08003910       0x2c ./Drivers/BSP/Components/lis2mdl/lis2mdl.o
                0x08003910                LIS2MDL_DeInit
 .text.LIS2MDL_ReadID
                0x0800393c       0x4c ./Drivers/BSP/Components/lis2mdl/lis2mdl.o
                0x0800393c                LIS2MDL_ReadID
 .text.LIS2MDL_GetCapabilities
                0x08003988       0x5c ./Drivers/BSP/Components/lis2mdl/lis2mdl.o
                0x08003988                LIS2MDL_GetCapabilities
 .text.LIS2MDL_MAG_Enable
                0x080039e4       0x84 ./Drivers/BSP/Components/lis2mdl/lis2mdl.o
                0x080039e4                LIS2MDL_MAG_Enable
 .text.LIS2MDL_MAG_Disable
                0x08003a68       0x86 ./Drivers/BSP/Components/lis2mdl/lis2mdl.o
                0x08003a68                LIS2MDL_MAG_Disable
 .text.LIS2MDL_MAG_GetSensitivity
                0x08003aee       0x20 ./Drivers/BSP/Components/lis2mdl/lis2mdl.o
                0x08003aee                LIS2MDL_MAG_GetSensitivity
 *fill*         0x08003b0e        0x2 
 .text.LIS2MDL_MAG_GetOutputDataRate
                0x08003b10       0x8c ./Drivers/BSP/Components/lis2mdl/lis2mdl.o
                0x08003b10                LIS2MDL_MAG_GetOutputDataRate
 .text.LIS2MDL_MAG_SetOutputDataRate
                0x08003b9c       0xc8 ./Drivers/BSP/Components/lis2mdl/lis2mdl.o
                0x08003b9c                LIS2MDL_MAG_SetOutputDataRate
 .text.LIS2MDL_MAG_GetFullScale
                0x08003c64       0x1e ./Drivers/BSP/Components/lis2mdl/lis2mdl.o
                0x08003c64                LIS2MDL_MAG_GetFullScale
 .text.LIS2MDL_MAG_SetFullScale
                0x08003c82       0x18 ./Drivers/BSP/Components/lis2mdl/lis2mdl.o
                0x08003c82                LIS2MDL_MAG_SetFullScale
 .text.LIS2MDL_MAG_GetAxesRaw
                0x08003c9a       0x48 ./Drivers/BSP/Components/lis2mdl/lis2mdl.o
                0x08003c9a                LIS2MDL_MAG_GetAxesRaw
 .text.LIS2MDL_MAG_GetAxes
                0x08003ce2      0x114 ./Drivers/BSP/Components/lis2mdl/lis2mdl.o
                0x08003ce2                LIS2MDL_MAG_GetAxes
 .text.LIS2MDL_Write_Reg
                0x08003df6       0x56 ./Drivers/BSP/Components/lis2mdl/lis2mdl.o
                0x08003df6                LIS2MDL_Write_Reg
 .text.ReadMagRegWrap
                0x08003e4c       0x82 ./Drivers/BSP/Components/lis2mdl/lis2mdl.o
 .text.WriteMagRegWrap
                0x08003ece       0x82 ./Drivers/BSP/Components/lis2mdl/lis2mdl.o
 .text.LSM6DSOX_SENSORHUB_LIS2MDL_ReadShData
                0x08003f50      0x27e ./Drivers/BSP/Components/lis2mdl/lis2mdl.o
 .text.LSM6DSOX_SENSORHUB_LIS2MDL_WriteShData
                0x080041ce      0x23c ./Drivers/BSP/Components/lis2mdl/lis2mdl.o
 .text.lis2mdl_read_reg
                0x0800440a       0x3c ./Drivers/BSP/Components/lis2mdl/lis2mdl_reg.o
                0x0800440a                lis2mdl_read_reg
 .text.lis2mdl_write_reg
                0x08004446       0x3c ./Drivers/BSP/Components/lis2mdl/lis2mdl_reg.o
                0x08004446                lis2mdl_write_reg
 .text.lis2mdl_operating_mode_set
                0x08004482       0x4c ./Drivers/BSP/Components/lis2mdl/lis2mdl_reg.o
                0x08004482                lis2mdl_operating_mode_set
 .text.lis2mdl_data_rate_set
                0x080044ce       0x4c ./Drivers/BSP/Components/lis2mdl/lis2mdl_reg.o
                0x080044ce                lis2mdl_data_rate_set
 *fill*         0x0800451a        0x2 
 .text.lis2mdl_data_rate_get
                0x0800451c       0x70 ./Drivers/BSP/Components/lis2mdl/lis2mdl_reg.o
                0x0800451c                lis2mdl_data_rate_get
 .text.lis2mdl_block_data_update_set
                0x0800458c       0x4c ./Drivers/BSP/Components/lis2mdl/lis2mdl_reg.o
                0x0800458c                lis2mdl_block_data_update_set
 .text.lis2mdl_magnetic_raw_get
                0x080045d8       0x90 ./Drivers/BSP/Components/lis2mdl/lis2mdl_reg.o
                0x080045d8                lis2mdl_magnetic_raw_get
 .text.lis2mdl_device_id_get
                0x08004668       0x22 ./Drivers/BSP/Components/lis2mdl/lis2mdl_reg.o
                0x08004668                lis2mdl_device_id_get
 .text.lis2mdl_self_test_set
                0x0800468a       0x4c ./Drivers/BSP/Components/lis2mdl/lis2mdl_reg.o
                0x0800468a                lis2mdl_self_test_set
 .text.lis2mdl_i2c_interface_set
                0x080046d6       0x4c ./Drivers/BSP/Components/lis2mdl/lis2mdl_reg.o
                0x080046d6                lis2mdl_i2c_interface_set
 *fill*         0x08004722        0x2 
 .text.LPS22DF_RegisterBusIO
                0x08004724       0xd4 ./Drivers/BSP/Components/lps22df/lps22df.o
                0x08004724                LPS22DF_RegisterBusIO
 .text.LPS22DF_Init
                0x080047f8       0x36 ./Drivers/BSP/Components/lps22df/lps22df.o
                0x080047f8                LPS22DF_Init
 .text.LPS22DF_DeInit
                0x0800482e       0x48 ./Drivers/BSP/Components/lps22df/lps22df.o
                0x0800482e                LPS22DF_DeInit
 .text.LPS22DF_ReadID
                0x08004876       0x36 ./Drivers/BSP/Components/lps22df/lps22df.o
                0x08004876                LPS22DF_ReadID
 .text.LPS22DF_GetCapabilities
                0x080048ac       0x58 ./Drivers/BSP/Components/lps22df/lps22df.o
                0x080048ac                LPS22DF_GetCapabilities
 .text.LPS22DF_PRESS_Enable
                0x08004904       0x46 ./Drivers/BSP/Components/lps22df/lps22df.o
                0x08004904                LPS22DF_PRESS_Enable
 .text.LPS22DF_PRESS_Disable
                0x0800494a       0x80 ./Drivers/BSP/Components/lps22df/lps22df.o
                0x0800494a                LPS22DF_PRESS_Disable
 .text.LPS22DF_PRESS_GetOutputDataRate
                0x080049ca       0x1c ./Drivers/BSP/Components/lps22df/lps22df.o
                0x080049ca                LPS22DF_PRESS_GetOutputDataRate
 .text.LPS22DF_PRESS_SetOutputDataRate
                0x080049e6       0x38 ./Drivers/BSP/Components/lps22df/lps22df.o
                0x080049e6                LPS22DF_PRESS_SetOutputDataRate
 .text.LPS22DF_PRESS_GetPressure
                0x08004a1e       0x42 ./Drivers/BSP/Components/lps22df/lps22df.o
                0x08004a1e                LPS22DF_PRESS_GetPressure
 .text.LPS22DF_TEMP_Enable
                0x08004a60       0x46 ./Drivers/BSP/Components/lps22df/lps22df.o
                0x08004a60                LPS22DF_TEMP_Enable
 .text.LPS22DF_TEMP_Disable
                0x08004aa6       0x80 ./Drivers/BSP/Components/lps22df/lps22df.o
                0x08004aa6                LPS22DF_TEMP_Disable
 .text.LPS22DF_TEMP_GetOutputDataRate
                0x08004b26       0x1c ./Drivers/BSP/Components/lps22df/lps22df.o
                0x08004b26                LPS22DF_TEMP_GetOutputDataRate
 .text.LPS22DF_TEMP_SetOutputDataRate
                0x08004b42       0x38 ./Drivers/BSP/Components/lps22df/lps22df.o
                0x08004b42                LPS22DF_TEMP_SetOutputDataRate
 .text.LPS22DF_TEMP_GetTemperature
                0x08004b7a       0x44 ./Drivers/BSP/Components/lps22df/lps22df.o
                0x08004b7a                LPS22DF_TEMP_GetTemperature
 .text.LPS22DF_Write_Reg
                0x08004bbe       0x36 ./Drivers/BSP/Components/lps22df/lps22df.o
                0x08004bbe                LPS22DF_Write_Reg
 .text.LPS22DF_GetOutputDataRate
                0x08004bf4       0xd4 ./Drivers/BSP/Components/lps22df/lps22df.o
 .text.LPS22DF_SetOutputDataRate_When_Enabled
                0x08004cc8      0x118 ./Drivers/BSP/Components/lps22df/lps22df.o
 .text.LPS22DF_SetOutputDataRate_When_Disabled
                0x08004de0       0xc8 ./Drivers/BSP/Components/lps22df/lps22df.o
 .text.LPS22DF_Initialize
                0x08004ea8       0xb8 ./Drivers/BSP/Components/lps22df/lps22df.o
 .text.ReadRegWrap
                0x08004f60       0x36 ./Drivers/BSP/Components/lps22df/lps22df.o
 .text.WriteRegWrap
                0x08004f96       0x36 ./Drivers/BSP/Components/lps22df/lps22df.o
 .text.lps22df_read_reg
                0x08004fcc       0x3c ./Drivers/BSP/Components/lps22df/lps22df_reg.o
                0x08004fcc                lps22df_read_reg
 .text.lps22df_write_reg
                0x08005008       0x3c ./Drivers/BSP/Components/lps22df/lps22df_reg.o
                0x08005008                lps22df_write_reg
 .text.bytecpy  0x08005044       0x2a ./Drivers/BSP/Components/lps22df/lps22df_reg.o
 *fill*         0x0800506e        0x2 
 .text.lps22df_from_lsb_to_hPa
                0x08005070       0x30 ./Drivers/BSP/Components/lps22df/lps22df_reg.o
                0x08005070                lps22df_from_lsb_to_hPa
 .text.lps22df_from_lsb_to_celsius
                0x080050a0       0x34 ./Drivers/BSP/Components/lps22df/lps22df_reg.o
                0x080050a0                lps22df_from_lsb_to_celsius
 .text.lps22df_id_get
                0x080050d4       0x2a ./Drivers/BSP/Components/lps22df/lps22df_reg.o
                0x080050d4                lps22df_id_get
 .text.lps22df_bus_mode_set
                0x080050fe       0xc4 ./Drivers/BSP/Components/lps22df/lps22df_reg.o
                0x080050fe                lps22df_bus_mode_set
 .text.lps22df_init_set
                0x080051c2      0x1c4 ./Drivers/BSP/Components/lps22df/lps22df_reg.o
                0x080051c2                lps22df_init_set
 .text.lps22df_status_get
                0x08005386      0x10a ./Drivers/BSP/Components/lps22df/lps22df_reg.o
                0x08005386                lps22df_status_get
 .text.lps22df_mode_set
                0x08005490       0xbc ./Drivers/BSP/Components/lps22df/lps22df_reg.o
                0x08005490                lps22df_mode_set
 .text.lps22df_mode_get
                0x0800554c      0x198 ./Drivers/BSP/Components/lps22df/lps22df_reg.o
                0x0800554c                lps22df_mode_get
 .text.lps22df_pressure_raw_get
                0x080056e4       0x52 ./Drivers/BSP/Components/lps22df/lps22df_reg.o
                0x080056e4                lps22df_pressure_raw_get
 .text.lps22df_temperature_raw_get
                0x08005736       0x44 ./Drivers/BSP/Components/lps22df/lps22df_reg.o
                0x08005736                lps22df_temperature_raw_get
 *fill*         0x0800577a        0x2 
 .text.LSM6DSO16IS_RegisterBusIO
                0x0800577c       0xcc ./Drivers/BSP/Components/lsm6dso16is/lsm6dso16is.o
                0x0800577c                LSM6DSO16IS_RegisterBusIO
 .text.LSM6DSO16IS_Init
                0x08005848       0xd8 ./Drivers/BSP/Components/lsm6dso16is/lsm6dso16is.o
                0x08005848                LSM6DSO16IS_Init
 .text.LSM6DSO16IS_DeInit
                0x08005920       0x58 ./Drivers/BSP/Components/lsm6dso16is/lsm6dso16is.o
                0x08005920                LSM6DSO16IS_DeInit
 .text.LSM6DSO16IS_ReadID
                0x08005978       0x30 ./Drivers/BSP/Components/lsm6dso16is/lsm6dso16is.o
                0x08005978                LSM6DSO16IS_ReadID
 .text.LSM6DSO16IS_GetCapabilities
                0x080059a8       0x5c ./Drivers/BSP/Components/lsm6dso16is/lsm6dso16is.o
                0x080059a8                LSM6DSO16IS_GetCapabilities
 .text.LSM6DSO16IS_ACC_Enable
                0x08005a04       0x4e ./Drivers/BSP/Components/lsm6dso16is/lsm6dso16is.o
                0x08005a04                LSM6DSO16IS_ACC_Enable
 .text.LSM6DSO16IS_ACC_Disable
                0x08005a52       0x64 ./Drivers/BSP/Components/lsm6dso16is/lsm6dso16is.o
                0x08005a52                LSM6DSO16IS_ACC_Disable
 *fill*         0x08005ab6        0x2 
 .text.LSM6DSO16IS_ACC_GetSensitivity
                0x08005ab8       0x8c ./Drivers/BSP/Components/lsm6dso16is/lsm6dso16is.o
                0x08005ab8                LSM6DSO16IS_ACC_GetSensitivity
 .text.LSM6DSO16IS_ACC_GetOutputDataRate
                0x08005b44      0x148 ./Drivers/BSP/Components/lsm6dso16is/lsm6dso16is.o
                0x08005b44                LSM6DSO16IS_ACC_GetOutputDataRate
 .text.LSM6DSO16IS_ACC_SetOutputDataRate
                0x08005c8c       0x3a ./Drivers/BSP/Components/lsm6dso16is/lsm6dso16is.o
                0x08005c8c                LSM6DSO16IS_ACC_SetOutputDataRate
 *fill*         0x08005cc6        0x2 
 .text.LSM6DSO16IS_ACC_GetFullScale
                0x08005cc8       0x7c ./Drivers/BSP/Components/lsm6dso16is/lsm6dso16is.o
                0x08005cc8                LSM6DSO16IS_ACC_GetFullScale
 .text.LSM6DSO16IS_ACC_SetFullScale
                0x08005d44       0x54 ./Drivers/BSP/Components/lsm6dso16is/lsm6dso16is.o
                0x08005d44                LSM6DSO16IS_ACC_SetFullScale
 .text.LSM6DSO16IS_ACC_GetAxesRaw
                0x08005d98       0x4c ./Drivers/BSP/Components/lsm6dso16is/lsm6dso16is.o
                0x08005d98                LSM6DSO16IS_ACC_GetAxesRaw
 .text.LSM6DSO16IS_ACC_GetAxes
                0x08005de4       0xb2 ./Drivers/BSP/Components/lsm6dso16is/lsm6dso16is.o
                0x08005de4                LSM6DSO16IS_ACC_GetAxes
 .text.LSM6DSO16IS_GYRO_Enable
                0x08005e96       0x4e ./Drivers/BSP/Components/lsm6dso16is/lsm6dso16is.o
                0x08005e96                LSM6DSO16IS_GYRO_Enable
 .text.LSM6DSO16IS_GYRO_Disable
                0x08005ee4       0x64 ./Drivers/BSP/Components/lsm6dso16is/lsm6dso16is.o
                0x08005ee4                LSM6DSO16IS_GYRO_Disable
 .text.LSM6DSO16IS_GYRO_GetSensitivity
                0x08005f48       0xcc ./Drivers/BSP/Components/lsm6dso16is/lsm6dso16is.o
                0x08005f48                LSM6DSO16IS_GYRO_GetSensitivity
 .text.LSM6DSO16IS_GYRO_GetOutputDataRate
                0x08006014      0x138 ./Drivers/BSP/Components/lsm6dso16is/lsm6dso16is.o
                0x08006014                LSM6DSO16IS_GYRO_GetOutputDataRate
 .text.LSM6DSO16IS_GYRO_SetOutputDataRate
                0x0800614c       0x3a ./Drivers/BSP/Components/lsm6dso16is/lsm6dso16is.o
                0x0800614c                LSM6DSO16IS_GYRO_SetOutputDataRate
 *fill*         0x08006186        0x2 
 .text.LSM6DSO16IS_GYRO_GetFullScale
                0x08006188       0xbc ./Drivers/BSP/Components/lsm6dso16is/lsm6dso16is.o
                0x08006188                LSM6DSO16IS_GYRO_GetFullScale
 .text.LSM6DSO16IS_GYRO_SetFullScale
                0x08006244       0x62 ./Drivers/BSP/Components/lsm6dso16is/lsm6dso16is.o
                0x08006244                LSM6DSO16IS_GYRO_SetFullScale
 .text.LSM6DSO16IS_GYRO_GetAxesRaw
                0x080062a6       0x4c ./Drivers/BSP/Components/lsm6dso16is/lsm6dso16is.o
                0x080062a6                LSM6DSO16IS_GYRO_GetAxesRaw
 .text.LSM6DSO16IS_GYRO_GetAxes
                0x080062f2       0xb2 ./Drivers/BSP/Components/lsm6dso16is/lsm6dso16is.o
                0x080062f2                LSM6DSO16IS_GYRO_GetAxes
 .text.LSM6DSO16IS_Write_Reg
                0x080063a4       0x3a ./Drivers/BSP/Components/lsm6dso16is/lsm6dso16is.o
                0x080063a4                LSM6DSO16IS_Write_Reg
 .text.LSM6DSO16IS_Set_Mem_Bank
                0x080063de       0x4c ./Drivers/BSP/Components/lsm6dso16is/lsm6dso16is.o
                0x080063de                LSM6DSO16IS_Set_Mem_Bank
 *fill*         0x0800642a        0x2 
 .text.LSM6DSO16IS_ACC_SetOutputDataRate_When_Enabled
                0x0800642c      0x11c ./Drivers/BSP/Components/lsm6dso16is/lsm6dso16is.o
 .text.LSM6DSO16IS_ACC_SetOutputDataRate_When_Disabled
                0x08006548      0x104 ./Drivers/BSP/Components/lsm6dso16is/lsm6dso16is.o
 .text.LSM6DSO16IS_GYRO_SetOutputDataRate_When_Enabled
                0x0800664c      0x11c ./Drivers/BSP/Components/lsm6dso16is/lsm6dso16is.o
 .text.LSM6DSO16IS_GYRO_SetOutputDataRate_When_Disabled
                0x08006768      0x104 ./Drivers/BSP/Components/lsm6dso16is/lsm6dso16is.o
 .text.ReadRegWrap
                0x0800686c       0x36 ./Drivers/BSP/Components/lsm6dso16is/lsm6dso16is.o
 .text.WriteRegWrap
                0x080068a2       0x36 ./Drivers/BSP/Components/lsm6dso16is/lsm6dso16is.o
 .text.lsm6dso16is_read_reg
                0x080068d8       0x3c ./Drivers/BSP/Components/lsm6dso16is/lsm6dso16is_reg.o
                0x080068d8                lsm6dso16is_read_reg
 .text.lsm6dso16is_write_reg
                0x08006914       0x3c ./Drivers/BSP/Components/lsm6dso16is/lsm6dso16is_reg.o
                0x08006914                lsm6dso16is_write_reg
 .text.lsm6dso16is_mem_bank_set
                0x08006950       0x52 ./Drivers/BSP/Components/lsm6dso16is/lsm6dso16is_reg.o
                0x08006950                lsm6dso16is_mem_bank_set
 .text.lsm6dso16is_device_id_get
                0x080069a2       0x22 ./Drivers/BSP/Components/lsm6dso16is/lsm6dso16is_reg.o
                0x080069a2                lsm6dso16is_device_id_get
 .text.lsm6dso16is_xl_hm_mode_set
                0x080069c4       0x4c ./Drivers/BSP/Components/lsm6dso16is/lsm6dso16is_reg.o
                0x080069c4                lsm6dso16is_xl_hm_mode_set
 .text.lsm6dso16is_xl_full_scale_set
                0x08006a10       0x4c ./Drivers/BSP/Components/lsm6dso16is/lsm6dso16is_reg.o
                0x08006a10                lsm6dso16is_xl_full_scale_set
 .text.lsm6dso16is_xl_full_scale_get
                0x08006a5c       0x70 ./Drivers/BSP/Components/lsm6dso16is/lsm6dso16is_reg.o
                0x08006a5c                lsm6dso16is_xl_full_scale_get
 .text.lsm6dso16is_xl_data_rate_set
                0x08006acc       0x7e ./Drivers/BSP/Components/lsm6dso16is/lsm6dso16is_reg.o
                0x08006acc                lsm6dso16is_xl_data_rate_set
 *fill*         0x08006b4a        0x2 
 .text.lsm6dso16is_xl_data_rate_get
                0x08006b4c      0x184 ./Drivers/BSP/Components/lsm6dso16is/lsm6dso16is_reg.o
                0x08006b4c                lsm6dso16is_xl_data_rate_get
 .text.lsm6dso16is_gy_hm_mode_set
                0x08006cd0       0x4c ./Drivers/BSP/Components/lsm6dso16is/lsm6dso16is_reg.o
                0x08006cd0                lsm6dso16is_gy_hm_mode_set
 .text.lsm6dso16is_gy_full_scale_set
                0x08006d1c       0x60 ./Drivers/BSP/Components/lsm6dso16is/lsm6dso16is_reg.o
                0x08006d1c                lsm6dso16is_gy_full_scale_set
 .text.lsm6dso16is_gy_full_scale_get
                0x08006d7c       0xb8 ./Drivers/BSP/Components/lsm6dso16is/lsm6dso16is_reg.o
                0x08006d7c                lsm6dso16is_gy_full_scale_get
 .text.lsm6dso16is_gy_data_rate_set
                0x08006e34       0x7e ./Drivers/BSP/Components/lsm6dso16is/lsm6dso16is_reg.o
                0x08006e34                lsm6dso16is_gy_data_rate_set
 *fill*         0x08006eb2        0x2 
 .text.lsm6dso16is_gy_data_rate_get
                0x08006eb4      0x178 ./Drivers/BSP/Components/lsm6dso16is/lsm6dso16is_reg.o
                0x08006eb4                lsm6dso16is_gy_data_rate_get
 .text.lsm6dso16is_auto_increment_set
                0x0800702c       0x4c ./Drivers/BSP/Components/lsm6dso16is/lsm6dso16is_reg.o
                0x0800702c                lsm6dso16is_auto_increment_set
 .text.lsm6dso16is_block_data_update_set
                0x08007078       0x4c ./Drivers/BSP/Components/lsm6dso16is/lsm6dso16is_reg.o
                0x08007078                lsm6dso16is_block_data_update_set
 .text.lsm6dso16is_angular_rate_raw_get
                0x080070c4       0x90 ./Drivers/BSP/Components/lsm6dso16is/lsm6dso16is_reg.o
                0x080070c4                lsm6dso16is_angular_rate_raw_get
 .text.lsm6dso16is_acceleration_raw_get
                0x08007154       0x90 ./Drivers/BSP/Components/lsm6dso16is/lsm6dso16is_reg.o
                0x08007154                lsm6dso16is_acceleration_raw_get
 .text.LSM6DSV16X_RegisterBusIO
                0x080071e4       0xec ./Drivers/BSP/Components/lsm6dsv16x/lsm6dsv16x.o
                0x080071e4                LSM6DSV16X_RegisterBusIO
 .text.LSM6DSV16X_Init
                0x080072d0      0x106 ./Drivers/BSP/Components/lsm6dsv16x/lsm6dsv16x.o
                0x080072d0                LSM6DSV16X_Init
 .text.LSM6DSV16X_DeInit
                0x080073d6       0x6e ./Drivers/BSP/Components/lsm6dsv16x/lsm6dsv16x.o
                0x080073d6                LSM6DSV16X_DeInit
 .text.LSM6DSV16X_ReadID
                0x08007444       0x2c ./Drivers/BSP/Components/lsm6dsv16x/lsm6dsv16x.o
                0x08007444                LSM6DSV16X_ReadID
 .text.LSM6DSV16X_GetCapabilities
                0x08007470       0x5c ./Drivers/BSP/Components/lsm6dsv16x/lsm6dsv16x.o
                0x08007470                LSM6DSV16X_GetCapabilities
 .text.LSM6DSV16X_ACC_Enable
                0x080074cc       0x48 ./Drivers/BSP/Components/lsm6dsv16x/lsm6dsv16x.o
                0x080074cc                LSM6DSV16X_ACC_Enable
 .text.LSM6DSV16X_ACC_Disable
                0x08007514       0x5e ./Drivers/BSP/Components/lsm6dsv16x/lsm6dsv16x.o
                0x08007514                LSM6DSV16X_ACC_Disable
 *fill*         0x08007572        0x2 
 .text.LSM6DSV16X_ACC_GetSensitivity
                0x08007574       0x8c ./Drivers/BSP/Components/lsm6dsv16x/lsm6dsv16x.o
                0x08007574                LSM6DSV16X_ACC_GetSensitivity
 .text.LSM6DSV16X_ACC_GetOutputDataRate
                0x08007600      0x288 ./Drivers/BSP/Components/lsm6dsv16x/lsm6dsv16x.o
                0x08007600                LSM6DSV16X_ACC_GetOutputDataRate
 .text.LSM6DSV16X_ACC_SetOutputDataRate
                0x08007888       0x38 ./Drivers/BSP/Components/lsm6dsv16x/lsm6dsv16x.o
                0x08007888                LSM6DSV16X_ACC_SetOutputDataRate
 .text.LSM6DSV16X_ACC_GetFullScale
                0x080078c0       0x7c ./Drivers/BSP/Components/lsm6dsv16x/lsm6dsv16x.o
                0x080078c0                LSM6DSV16X_ACC_GetFullScale
 .text.LSM6DSV16X_ACC_SetFullScale
                0x0800793c       0x50 ./Drivers/BSP/Components/lsm6dsv16x/lsm6dsv16x.o
                0x0800793c                LSM6DSV16X_ACC_SetFullScale
 .text.LSM6DSV16X_ACC_GetAxesRaw
                0x0800798c       0x48 ./Drivers/BSP/Components/lsm6dsv16x/lsm6dsv16x.o
                0x0800798c                LSM6DSV16X_ACC_GetAxesRaw
 .text.LSM6DSV16X_ACC_GetAxes
                0x080079d4       0xae ./Drivers/BSP/Components/lsm6dsv16x/lsm6dsv16x.o
                0x080079d4                LSM6DSV16X_ACC_GetAxes
 .text.LSM6DSV16X_GYRO_Enable
                0x08007a82       0x48 ./Drivers/BSP/Components/lsm6dsv16x/lsm6dsv16x.o
                0x08007a82                LSM6DSV16X_GYRO_Enable
 .text.LSM6DSV16X_GYRO_Disable
                0x08007aca       0x5e ./Drivers/BSP/Components/lsm6dsv16x/lsm6dsv16x.o
                0x08007aca                LSM6DSV16X_GYRO_Disable
 .text.LSM6DSV16X_GYRO_GetSensitivity
                0x08007b28       0xc8 ./Drivers/BSP/Components/lsm6dsv16x/lsm6dsv16x.o
                0x08007b28                LSM6DSV16X_GYRO_GetSensitivity
 .text.LSM6DSV16X_GYRO_GetOutputDataRate
                0x08007bf0      0x288 ./Drivers/BSP/Components/lsm6dsv16x/lsm6dsv16x.o
                0x08007bf0                LSM6DSV16X_GYRO_GetOutputDataRate
 .text.LSM6DSV16X_GYRO_SetOutputDataRate
                0x08007e78       0x38 ./Drivers/BSP/Components/lsm6dsv16x/lsm6dsv16x.o
                0x08007e78                LSM6DSV16X_GYRO_SetOutputDataRate
 .text.LSM6DSV16X_GYRO_GetFullScale
                0x08007eb0       0xb8 ./Drivers/BSP/Components/lsm6dsv16x/lsm6dsv16x.o
                0x08007eb0                LSM6DSV16X_GYRO_GetFullScale
 .text.LSM6DSV16X_GYRO_SetFullScale
                0x08007f68       0x6a ./Drivers/BSP/Components/lsm6dsv16x/lsm6dsv16x.o
                0x08007f68                LSM6DSV16X_GYRO_SetFullScale
 .text.LSM6DSV16X_GYRO_GetAxesRaw
                0x08007fd2       0x48 ./Drivers/BSP/Components/lsm6dsv16x/lsm6dsv16x.o
                0x08007fd2                LSM6DSV16X_GYRO_GetAxesRaw
 .text.LSM6DSV16X_GYRO_GetAxes
                0x0800801a       0xae ./Drivers/BSP/Components/lsm6dsv16x/lsm6dsv16x.o
                0x0800801a                LSM6DSV16X_GYRO_GetAxes
 .text.LSM6DSV16X_Write_Reg
                0x080080c8       0x36 ./Drivers/BSP/Components/lsm6dsv16x/lsm6dsv16x.o
                0x080080c8                LSM6DSV16X_Write_Reg
 .text.LSM6DSV16X_Set_Mem_Bank
                0x080080fe       0x4c ./Drivers/BSP/Components/lsm6dsv16x/lsm6dsv16x.o
                0x080080fe                LSM6DSV16X_Set_Mem_Bank
 *fill*         0x0800814a        0x2 
 .text.LSM6DSV16X_ACC_SetOutputDataRate_When_Enabled
                0x0800814c      0x144 ./Drivers/BSP/Components/lsm6dsv16x/lsm6dsv16x.o
 .text.LSM6DSV16X_ACC_SetOutputDataRate_When_Disabled
                0x08008290      0x130 ./Drivers/BSP/Components/lsm6dsv16x/lsm6dsv16x.o
 .text.LSM6DSV16X_GYRO_SetOutputDataRate_When_Enabled
                0x080083c0      0x12c ./Drivers/BSP/Components/lsm6dsv16x/lsm6dsv16x.o
 .text.LSM6DSV16X_GYRO_SetOutputDataRate_When_Disabled
                0x080084ec      0x11c ./Drivers/BSP/Components/lsm6dsv16x/lsm6dsv16x.o
 .text.ReadRegWrap
                0x08008608       0x36 ./Drivers/BSP/Components/lsm6dsv16x/lsm6dsv16x.o
 .text.WriteRegWrap
                0x0800863e       0x36 ./Drivers/BSP/Components/lsm6dsv16x/lsm6dsv16x.o
 .text.lsm6dsv16x_read_reg
                0x08008674       0x3c ./Drivers/BSP/Components/lsm6dsv16x/lsm6dsv16x_reg.o
                0x08008674                lsm6dsv16x_read_reg
 .text.lsm6dsv16x_write_reg
                0x080086b0       0x3c ./Drivers/BSP/Components/lsm6dsv16x/lsm6dsv16x_reg.o
                0x080086b0                lsm6dsv16x_write_reg
 .text.lsm6dsv16x_mem_bank_set
                0x080086ec       0x62 ./Drivers/BSP/Components/lsm6dsv16x/lsm6dsv16x_reg.o
                0x080086ec                lsm6dsv16x_mem_bank_set
 .text.lsm6dsv16x_device_id_get
                0x0800874e       0x22 ./Drivers/BSP/Components/lsm6dsv16x/lsm6dsv16x_reg.o
                0x0800874e                lsm6dsv16x_device_id_get
 .text.lsm6dsv16x_xl_data_rate_set
                0x08008770       0xa2 ./Drivers/BSP/Components/lsm6dsv16x/lsm6dsv16x_reg.o
                0x08008770                lsm6dsv16x_xl_data_rate_set
 *fill*         0x08008812        0x2 
 .text.lsm6dsv16x_xl_data_rate_get
                0x08008814      0x220 ./Drivers/BSP/Components/lsm6dsv16x/lsm6dsv16x_reg.o
                0x08008814                lsm6dsv16x_xl_data_rate_get
 .text.lsm6dsv16x_gy_data_rate_set
                0x08008a34       0x9e ./Drivers/BSP/Components/lsm6dsv16x/lsm6dsv16x_reg.o
                0x08008a34                lsm6dsv16x_gy_data_rate_set
 *fill*         0x08008ad2        0x2 
 .text.lsm6dsv16x_gy_data_rate_get
                0x08008ad4      0x220 ./Drivers/BSP/Components/lsm6dsv16x/lsm6dsv16x_reg.o
                0x08008ad4                lsm6dsv16x_gy_data_rate_get
 .text.lsm6dsv16x_auto_increment_set
                0x08008cf4       0x4c ./Drivers/BSP/Components/lsm6dsv16x/lsm6dsv16x_reg.o
                0x08008cf4                lsm6dsv16x_auto_increment_set
 .text.lsm6dsv16x_block_data_update_set
                0x08008d40       0x4c ./Drivers/BSP/Components/lsm6dsv16x/lsm6dsv16x_reg.o
                0x08008d40                lsm6dsv16x_block_data_update_set
 .text.lsm6dsv16x_gy_full_scale_set
                0x08008d8c       0x4c ./Drivers/BSP/Components/lsm6dsv16x/lsm6dsv16x_reg.o
                0x08008d8c                lsm6dsv16x_gy_full_scale_set
 .text.lsm6dsv16x_gy_full_scale_get
                0x08008dd8       0xb0 ./Drivers/BSP/Components/lsm6dsv16x/lsm6dsv16x_reg.o
                0x08008dd8                lsm6dsv16x_gy_full_scale_get
 .text.lsm6dsv16x_xl_full_scale_set
                0x08008e88       0x4c ./Drivers/BSP/Components/lsm6dsv16x/lsm6dsv16x_reg.o
                0x08008e88                lsm6dsv16x_xl_full_scale_set
 .text.lsm6dsv16x_xl_full_scale_get
                0x08008ed4       0x7c ./Drivers/BSP/Components/lsm6dsv16x/lsm6dsv16x_reg.o
                0x08008ed4                lsm6dsv16x_xl_full_scale_get
 .text.lsm6dsv16x_angular_rate_raw_get
                0x08008f50       0x9a ./Drivers/BSP/Components/lsm6dsv16x/lsm6dsv16x_reg.o
                0x08008f50                lsm6dsv16x_angular_rate_raw_get
 .text.lsm6dsv16x_acceleration_raw_get
                0x08008fea       0x9a ./Drivers/BSP/Components/lsm6dsv16x/lsm6dsv16x_reg.o
                0x08008fea                lsm6dsv16x_acceleration_raw_get
 .text.lsm6dsv16x_fifo_mode_set
                0x08009084       0x4c ./Drivers/BSP/Components/lsm6dsv16x/lsm6dsv16x_reg.o
                0x08009084                lsm6dsv16x_fifo_mode_set
 .text.lsm6dsv16x_ah_qvar_mode_set
                0x080090d0       0x4a ./Drivers/BSP/Components/lsm6dsv16x/lsm6dsv16x_reg.o
                0x080090d0                lsm6dsv16x_ah_qvar_mode_set
 *fill*         0x0800911a        0x2 
 .text.SHT40AD1B_RegisterBusIO
                0x0800911c       0x94 ./Drivers/BSP/Components/sht40ad1b/sht40ad1b.o
                0x0800911c                SHT40AD1B_RegisterBusIO
 .text.SHT40AD1B_Init
                0x080091b0       0x2e ./Drivers/BSP/Components/sht40ad1b/sht40ad1b.o
                0x080091b0                SHT40AD1B_Init
 .text.SHT40AD1B_DeInit
                0x080091de       0x1e ./Drivers/BSP/Components/sht40ad1b/sht40ad1b.o
                0x080091de                SHT40AD1B_DeInit
 .text.SHT40AD1B_ReadID
                0x080091fc       0x20 ./Drivers/BSP/Components/sht40ad1b/sht40ad1b.o
                0x080091fc                SHT40AD1B_ReadID
 .text.SHT40AD1B_GetCapabilities
                0x0800921c       0x56 ./Drivers/BSP/Components/sht40ad1b/sht40ad1b.o
                0x0800921c                SHT40AD1B_GetCapabilities
 .text.SHT40AD1B_HUM_Enable
                0x08009272       0x2c ./Drivers/BSP/Components/sht40ad1b/sht40ad1b.o
                0x08009272                SHT40AD1B_HUM_Enable
 .text.SHT40AD1B_HUM_Disable
                0x0800929e       0x2c ./Drivers/BSP/Components/sht40ad1b/sht40ad1b.o
                0x0800929e                SHT40AD1B_HUM_Disable
 .text.SHT40AD1B_HUM_GetOutputDataRate
                0x080092ca       0x20 ./Drivers/BSP/Components/sht40ad1b/sht40ad1b.o
                0x080092ca                SHT40AD1B_HUM_GetOutputDataRate
 .text.SHT40AD1B_HUM_SetOutputDataRate
                0x080092ea       0x1a ./Drivers/BSP/Components/sht40ad1b/sht40ad1b.o
                0x080092ea                SHT40AD1B_HUM_SetOutputDataRate
 .text.SHT40AD1B_HUM_GetHumidity
                0x08009304       0x2e ./Drivers/BSP/Components/sht40ad1b/sht40ad1b.o
                0x08009304                SHT40AD1B_HUM_GetHumidity
 .text.SHT40AD1B_TEMP_Enable
                0x08009332       0x2c ./Drivers/BSP/Components/sht40ad1b/sht40ad1b.o
                0x08009332                SHT40AD1B_TEMP_Enable
 .text.SHT40AD1B_TEMP_Disable
                0x0800935e       0x2c ./Drivers/BSP/Components/sht40ad1b/sht40ad1b.o
                0x0800935e                SHT40AD1B_TEMP_Disable
 .text.SHT40AD1B_TEMP_GetOutputDataRate
                0x0800938a       0x20 ./Drivers/BSP/Components/sht40ad1b/sht40ad1b.o
                0x0800938a                SHT40AD1B_TEMP_GetOutputDataRate
 .text.SHT40AD1B_TEMP_SetOutputDataRate
                0x080093aa       0x1a ./Drivers/BSP/Components/sht40ad1b/sht40ad1b.o
                0x080093aa                SHT40AD1B_TEMP_SetOutputDataRate
 .text.SHT40AD1B_TEMP_GetTemperature
                0x080093c4       0x2e ./Drivers/BSP/Components/sht40ad1b/sht40ad1b.o
                0x080093c4                SHT40AD1B_TEMP_GetTemperature
 .text.GetData  0x080093f2       0x3a ./Drivers/BSP/Components/sht40ad1b/sht40ad1b.o
 .text.ReadRegWrap
                0x0800942c       0x40 ./Drivers/BSP/Components/sht40ad1b/sht40ad1b.o
 .text.WriteRegWrap
                0x0800946c       0x40 ./Drivers/BSP/Components/sht40ad1b/sht40ad1b.o
 .text.sht40ad1b_read_reg
                0x080094ac       0x30 ./Drivers/BSP/Components/sht40ad1b/sht40ad1b_reg.o
                0x080094ac                sht40ad1b_read_reg
 .text.sht40ad1b_write_reg
                0x080094dc       0x30 ./Drivers/BSP/Components/sht40ad1b/sht40ad1b_reg.o
                0x080094dc                sht40ad1b_write_reg
 .text.sht40ad1b_data_get
                0x0800950c      0x14c ./Drivers/BSP/Components/sht40ad1b/sht40ad1b_reg.o
                0x0800950c                sht40ad1b_data_get
 .text.sht40ad1b_device_id_get
                0x08009658       0x1e ./Drivers/BSP/Components/sht40ad1b/sht40ad1b_reg.o
                0x08009658                sht40ad1b_device_id_get
 .text.crc_calculate
                0x08009676       0x7a ./Drivers/BSP/Components/sht40ad1b/sht40ad1b_reg.o
 .text.crc_check
                0x080096f0       0x32 ./Drivers/BSP/Components/sht40ad1b/sht40ad1b_reg.o
 *fill*         0x08009722        0x2 
 .text.STTS22H_RegisterBusIO
                0x08009724       0x94 ./Drivers/BSP/Components/stts22h/stts22h.o
                0x08009724                STTS22H_RegisterBusIO
 .text.STTS22H_Init
                0x080097b8       0x74 ./Drivers/BSP/Components/stts22h/stts22h.o
                0x080097b8                STTS22H_Init
 .text.STTS22H_DeInit
                0x0800982c       0x36 ./Drivers/BSP/Components/stts22h/stts22h.o
                0x0800982c                STTS22H_DeInit
 .text.STTS22H_ReadID
                0x08009862       0x36 ./Drivers/BSP/Components/stts22h/stts22h.o
                0x08009862                STTS22H_ReadID
 .text.STTS22H_GetCapabilities
                0x08009898       0x58 ./Drivers/BSP/Components/stts22h/stts22h.o
                0x08009898                STTS22H_GetCapabilities
 .text.STTS22H_TEMP_Enable
                0x080098f0       0x44 ./Drivers/BSP/Components/stts22h/stts22h.o
                0x080098f0                STTS22H_TEMP_Enable
 .text.STTS22H_TEMP_Disable
                0x08009934       0x58 ./Drivers/BSP/Components/stts22h/stts22h.o
                0x08009934                STTS22H_TEMP_Disable
 .text.STTS22H_TEMP_GetOutputDataRate
                0x0800998c      0x15c ./Drivers/BSP/Components/stts22h/stts22h.o
                0x0800998c                STTS22H_TEMP_GetOutputDataRate
 .text.STTS22H_TEMP_SetOutputDataRate
                0x08009ae8       0x94 ./Drivers/BSP/Components/stts22h/stts22h.o
                0x08009ae8                STTS22H_TEMP_SetOutputDataRate
 .text.STTS22H_TEMP_GetTemperature
                0x08009b7c       0x44 ./Drivers/BSP/Components/stts22h/stts22h.o
                0x08009b7c                STTS22H_TEMP_GetTemperature
 .text.ReadRegWrap
                0x08009bc0       0x6e ./Drivers/BSP/Components/stts22h/stts22h.o
 .text.WriteRegWrap
                0x08009c2e       0x6e ./Drivers/BSP/Components/stts22h/stts22h.o
 .text.stts22h_read_reg
                0x08009c9c       0x3c ./Drivers/BSP/Components/stts22h/stts22h_reg.o
                0x08009c9c                stts22h_read_reg
 .text.stts22h_write_reg
                0x08009cd8       0x3c ./Drivers/BSP/Components/stts22h/stts22h_reg.o
                0x08009cd8                stts22h_write_reg
 .text.stts22h_from_lsb_to_celsius
                0x08009d14       0x34 ./Drivers/BSP/Components/stts22h/stts22h_reg.o
                0x08009d14                stts22h_from_lsb_to_celsius
 .text.stts22h_temp_data_rate_set
                0x08009d48       0x82 ./Drivers/BSP/Components/stts22h/stts22h_reg.o
                0x08009d48                stts22h_temp_data_rate_set
 *fill*         0x08009dca        0x2 
 .text.stts22h_temp_data_rate_get
                0x08009dcc      0x16c ./Drivers/BSP/Components/stts22h/stts22h_reg.o
                0x08009dcc                stts22h_temp_data_rate_get
 .text.stts22h_block_data_update_set
                0x08009f38       0x4c ./Drivers/BSP/Components/stts22h/stts22h_reg.o
                0x08009f38                stts22h_block_data_update_set
 .text.stts22h_temperature_raw_get
                0x08009f84       0x44 ./Drivers/BSP/Components/stts22h/stts22h_reg.o
                0x08009f84                stts22h_temperature_raw_get
 .text.stts22h_dev_id_get
                0x08009fc8       0x22 ./Drivers/BSP/Components/stts22h/stts22h_reg.o
                0x08009fc8                stts22h_dev_id_get
 .text.stts22h_auto_increment_set
                0x08009fea       0x4c ./Drivers/BSP/Components/stts22h/stts22h_reg.o
                0x08009fea                stts22h_auto_increment_set
 *fill*         0x0800a036        0x2 
 .text.IKS4A1_ENV_SENSOR_Init
                0x0800a038      0x21c ./Drivers/BSP/IKS4A1/iks4a1_env_sensors.o
                0x0800a038                IKS4A1_ENV_SENSOR_Init
 .text.IKS4A1_ENV_SENSOR_GetCapabilities
                0x0800a254       0x54 ./Drivers/BSP/IKS4A1/iks4a1_env_sensors.o
                0x0800a254                IKS4A1_ENV_SENSOR_GetCapabilities
 .text.IKS4A1_ENV_SENSOR_ReadID
                0x0800a2a8       0x54 ./Drivers/BSP/IKS4A1/iks4a1_env_sensors.o
                0x0800a2a8                IKS4A1_ENV_SENSOR_ReadID
 .text.IKS4A1_ENV_SENSOR_GetOutputDataRate
                0x0800a2fc       0x84 ./Drivers/BSP/IKS4A1/iks4a1_env_sensors.o
                0x0800a2fc                IKS4A1_ENV_SENSOR_GetOutputDataRate
 .text.IKS4A1_ENV_SENSOR_GetValue
                0x0800a380       0x84 ./Drivers/BSP/IKS4A1/iks4a1_env_sensors.o
                0x0800a380                IKS4A1_ENV_SENSOR_GetValue
 .text.STTS22H_0_Probe
                0x0800a404      0x16c ./Drivers/BSP/IKS4A1/iks4a1_env_sensors.o
 .text.LPS22DF_0_Probe
                0x0800a570      0x1a0 ./Drivers/BSP/IKS4A1/iks4a1_env_sensors.o
 .text.SHT40AD1B_0_Probe
                0x0800a710      0x1a0 ./Drivers/BSP/IKS4A1/iks4a1_env_sensors.o
 .text.IKS4A1_MOTION_SENSOR_Init
                0x0800a8b0      0x264 ./Drivers/BSP/IKS4A1/iks4a1_motion_sensors.o
                0x0800a8b0                IKS4A1_MOTION_SENSOR_Init
 .text.IKS4A1_MOTION_SENSOR_GetCapabilities
                0x0800ab14       0x54 ./Drivers/BSP/IKS4A1/iks4a1_motion_sensors.o
                0x0800ab14                IKS4A1_MOTION_SENSOR_GetCapabilities
 .text.IKS4A1_MOTION_SENSOR_ReadID
                0x0800ab68       0x54 ./Drivers/BSP/IKS4A1/iks4a1_motion_sensors.o
                0x0800ab68                IKS4A1_MOTION_SENSOR_ReadID
 .text.IKS4A1_MOTION_SENSOR_GetAxes
                0x0800abbc       0x88 ./Drivers/BSP/IKS4A1/iks4a1_motion_sensors.o
                0x0800abbc                IKS4A1_MOTION_SENSOR_GetAxes
 .text.IKS4A1_MOTION_SENSOR_GetOutputDataRate
                0x0800ac44       0x88 ./Drivers/BSP/IKS4A1/iks4a1_motion_sensors.o
                0x0800ac44                IKS4A1_MOTION_SENSOR_GetOutputDataRate
 .text.IKS4A1_MOTION_SENSOR_GetFullScale
                0x0800accc       0x88 ./Drivers/BSP/IKS4A1/iks4a1_motion_sensors.o
                0x0800accc                IKS4A1_MOTION_SENSOR_GetFullScale
 .text.LIS2MDL_0_Probe
                0x0800ad54      0x150 ./Drivers/BSP/IKS4A1/iks4a1_motion_sensors.o
 .text.LSM6DSV16X_0_Probe
                0x0800aea4      0x198 ./Drivers/BSP/IKS4A1/iks4a1_motion_sensors.o
 .text.LIS2DUXS12_0_Probe
                0x0800b03c      0x16c ./Drivers/BSP/IKS4A1/iks4a1_motion_sensors.o
 .text.LSM6DSO16IS_0_Probe
                0x0800b1a8      0x198 ./Drivers/BSP/IKS4A1/iks4a1_motion_sensors.o
 .text.BSP_LED_Init
                0x0800b340       0x24 ./Drivers/BSP/STM32L4xx_Nucleo/stm32l4xx_nucleo.o
                0x0800b340                BSP_LED_Init
 .text.LED_USER_GPIO_Init
                0x0800b364       0x7c ./Drivers/BSP/STM32L4xx_Nucleo/stm32l4xx_nucleo.o
 .text.BSP_PB_Init
                0x0800b3e0       0xa8 ./Drivers/BSP/STM32L4xx_Nucleo/stm32l4xx_nucleo.o
                0x0800b3e0                BSP_PB_Init
 .text.BSP_PB_GetState
                0x0800b488       0x38 ./Drivers/BSP/STM32L4xx_Nucleo/stm32l4xx_nucleo.o
                0x0800b488                BSP_PB_GetState
 .text.BUTTON_USER_EXTI_Callback
                0x0800b4c0        0xe ./Drivers/BSP/STM32L4xx_Nucleo/stm32l4xx_nucleo.o
 *fill*         0x0800b4ce        0x2 
 .text.BUTTON_USER_GPIO_Init
                0x0800b4d0       0x74 ./Drivers/BSP/STM32L4xx_Nucleo/stm32l4xx_nucleo.o
 .text.BSP_COM_Init
                0x0800b544       0x7c ./Drivers/BSP/STM32L4xx_Nucleo/stm32l4xx_nucleo.o
                0x0800b544                BSP_COM_Init
 .text.MX_USART2_UART_Init
                0x0800b5c0       0x68 ./Drivers/BSP/STM32L4xx_Nucleo/stm32l4xx_nucleo.o
                0x0800b5c0                MX_USART2_UART_Init
 .text.__io_putchar
                0x0800b628       0x38 ./Drivers/BSP/STM32L4xx_Nucleo/stm32l4xx_nucleo.o
                0x0800b628                __io_putchar
 .text.USART2_MspInit
                0x0800b660      0x15c ./Drivers/BSP/STM32L4xx_Nucleo/stm32l4xx_nucleo.o
 .text.HAL_Init
                0x0800b7bc       0x40 ./Drivers/STM32L4xx_HAL_Driver/Src/stm32l4xx_hal.o
                0x0800b7bc                HAL_Init
 .text.HAL_InitTick
                0x0800b7fc       0x78 ./Drivers/STM32L4xx_HAL_Driver/Src/stm32l4xx_hal.o
                0x0800b7fc                HAL_InitTick
 .text.HAL_IncTick
                0x0800b874       0x28 ./Drivers/STM32L4xx_HAL_Driver/Src/stm32l4xx_hal.o
                0x0800b874                HAL_IncTick
 .text.HAL_GetTick
                0x0800b89c       0x18 ./Drivers/STM32L4xx_HAL_Driver/Src/stm32l4xx_hal.o
                0x0800b89c                HAL_GetTick
 .text.HAL_Delay
                0x0800b8b4       0x48 ./Drivers/STM32L4xx_HAL_Driver/Src/stm32l4xx_hal.o
                0x0800b8b4                HAL_Delay
 .text.__NVIC_SetPriorityGrouping
                0x0800b8fc       0x48 ./Drivers/STM32L4xx_HAL_Driver/Src/stm32l4xx_hal_cortex.o
 .text.__NVIC_GetPriorityGrouping
                0x0800b944       0x1c ./Drivers/STM32L4xx_HAL_Driver/Src/stm32l4xx_hal_cortex.o
 .text.__NVIC_EnableIRQ
                0x0800b960       0x3c ./Drivers/STM32L4xx_HAL_Driver/Src/stm32l4xx_hal_cortex.o
 .text.__NVIC_SetPriority
                0x0800b99c       0x54 ./Drivers/STM32L4xx_HAL_Driver/Src/stm32l4xx_hal_cortex.o
 .text.NVIC_EncodePriority
                0x0800b9f0       0x66 ./Drivers/STM32L4xx_HAL_Driver/Src/stm32l4xx_hal_cortex.o
 *fill*         0x0800ba56        0x2 
 .text.SysTick_Config
                0x0800ba58       0x44 ./Drivers/STM32L4xx_HAL_Driver/Src/stm32l4xx_hal_cortex.o
 .text.HAL_NVIC_SetPriorityGrouping
                0x0800ba9c       0x16 ./Drivers/STM32L4xx_HAL_Driver/Src/stm32l4xx_hal_cortex.o
                0x0800ba9c                HAL_NVIC_SetPriorityGrouping
 .text.HAL_NVIC_SetPriority
                0x0800bab2       0x38 ./Drivers/STM32L4xx_HAL_Driver/Src/stm32l4xx_hal_cortex.o
                0x0800bab2                HAL_NVIC_SetPriority
 .text.HAL_NVIC_EnableIRQ
                0x0800baea       0x1c ./Drivers/STM32L4xx_HAL_Driver/Src/stm32l4xx_hal_cortex.o
                0x0800baea                HAL_NVIC_EnableIRQ
 .text.HAL_SYSTICK_Config
                0x0800bb06       0x18 ./Drivers/STM32L4xx_HAL_Driver/Src/stm32l4xx_hal_cortex.o
                0x0800bb06                HAL_SYSTICK_Config
 *fill*         0x0800bb1e        0x2 
 .text.HAL_CRC_Init
                0x0800bb20       0xc8 ./Drivers/STM32L4xx_HAL_Driver/Src/stm32l4xx_hal_crc.o
                0x0800bb20                HAL_CRC_Init
 .text.HAL_CRCEx_Polynomial_Set
                0x0800bbe8      0x11c ./Drivers/STM32L4xx_HAL_Driver/Src/stm32l4xx_hal_crc_ex.o
                0x0800bbe8                HAL_CRCEx_Polynomial_Set
 .text.HAL_DMA_Init
                0x0800bd04      0x170 ./Drivers/STM32L4xx_HAL_Driver/Src/stm32l4xx_hal_dma.o
                0x0800bd04                HAL_DMA_Init
 .text.HAL_DMA_Abort
                0x0800be74       0x7c ./Drivers/STM32L4xx_HAL_Driver/Src/stm32l4xx_hal_dma.o
                0x0800be74                HAL_DMA_Abort
 .text.HAL_DMA_Abort_IT
                0x0800bef0       0x82 ./Drivers/STM32L4xx_HAL_Driver/Src/stm32l4xx_hal_dma.o
                0x0800bef0                HAL_DMA_Abort_IT
 .text.HAL_DMA_IRQHandler
                0x0800bf72      0x15e ./Drivers/STM32L4xx_HAL_Driver/Src/stm32l4xx_hal_dma.o
                0x0800bf72                HAL_DMA_IRQHandler
 .text.HAL_EXTI_RegisterCallback
                0x0800c0d0       0x34 ./Drivers/STM32L4xx_HAL_Driver/Src/stm32l4xx_hal_exti.o
                0x0800c0d0                HAL_EXTI_RegisterCallback
 .text.HAL_EXTI_GetHandle
                0x0800c104       0x28 ./Drivers/STM32L4xx_HAL_Driver/Src/stm32l4xx_hal_exti.o
                0x0800c104                HAL_EXTI_GetHandle
 .text.HAL_GPIO_Init
                0x0800c12c      0x354 ./Drivers/STM32L4xx_HAL_Driver/Src/stm32l4xx_hal_gpio.o
                0x0800c12c                HAL_GPIO_Init
 .text.HAL_GPIO_DeInit
                0x0800c480      0x1e8 ./Drivers/STM32L4xx_HAL_Driver/Src/stm32l4xx_hal_gpio.o
                0x0800c480                HAL_GPIO_DeInit
 .text.HAL_GPIO_ReadPin
                0x0800c668       0x30 ./Drivers/STM32L4xx_HAL_Driver/Src/stm32l4xx_hal_gpio.o
                0x0800c668                HAL_GPIO_ReadPin
 .text.HAL_GPIO_WritePin
                0x0800c698       0x30 ./Drivers/STM32L4xx_HAL_Driver/Src/stm32l4xx_hal_gpio.o
                0x0800c698                HAL_GPIO_WritePin
 .text.HAL_I2C_Init
                0x0800c6c8      0x136 ./Drivers/STM32L4xx_HAL_Driver/Src/stm32l4xx_hal_i2c.o
                0x0800c6c8                HAL_I2C_Init
 .text.HAL_I2C_DeInit
                0x0800c7fe       0x5e ./Drivers/STM32L4xx_HAL_Driver/Src/stm32l4xx_hal_i2c.o
                0x0800c7fe                HAL_I2C_DeInit
 .text.HAL_I2C_MspInit
                0x0800c85c       0x14 ./Drivers/STM32L4xx_HAL_Driver/Src/stm32l4xx_hal_i2c.o
                0x0800c85c                HAL_I2C_MspInit
 .text.HAL_I2C_MspDeInit
                0x0800c870       0x14 ./Drivers/STM32L4xx_HAL_Driver/Src/stm32l4xx_hal_i2c.o
                0x0800c870                HAL_I2C_MspDeInit
 .text.HAL_I2C_Master_Transmit
                0x0800c884      0x230 ./Drivers/STM32L4xx_HAL_Driver/Src/stm32l4xx_hal_i2c.o
                0x0800c884                HAL_I2C_Master_Transmit
 .text.HAL_I2C_Master_Receive
                0x0800cab4      0x1ec ./Drivers/STM32L4xx_HAL_Driver/Src/stm32l4xx_hal_i2c.o
                0x0800cab4                HAL_I2C_Master_Receive
 .text.HAL_I2C_Mem_Write
                0x0800cca0      0x228 ./Drivers/STM32L4xx_HAL_Driver/Src/stm32l4xx_hal_i2c.o
                0x0800cca0                HAL_I2C_Mem_Write
 .text.HAL_I2C_Mem_Read
                0x0800cec8      0x234 ./Drivers/STM32L4xx_HAL_Driver/Src/stm32l4xx_hal_i2c.o
                0x0800cec8                HAL_I2C_Mem_Read
 .text.HAL_I2C_GetState
                0x0800d0fc       0x1c ./Drivers/STM32L4xx_HAL_Driver/Src/stm32l4xx_hal_i2c.o
                0x0800d0fc                HAL_I2C_GetState
 .text.HAL_I2C_GetError
                0x0800d118       0x18 ./Drivers/STM32L4xx_HAL_Driver/Src/stm32l4xx_hal_i2c.o
                0x0800d118                HAL_I2C_GetError
 .text.I2C_RequestMemoryWrite
                0x0800d130       0xa8 ./Drivers/STM32L4xx_HAL_Driver/Src/stm32l4xx_hal_i2c.o
 .text.I2C_RequestMemoryRead
                0x0800d1d8       0xa8 ./Drivers/STM32L4xx_HAL_Driver/Src/stm32l4xx_hal_i2c.o
 .text.I2C_Flush_TXDR
                0x0800d280       0x48 ./Drivers/STM32L4xx_HAL_Driver/Src/stm32l4xx_hal_i2c.o
 .text.I2C_WaitOnFlagUntilTimeout
                0x0800d2c8       0xb2 ./Drivers/STM32L4xx_HAL_Driver/Src/stm32l4xx_hal_i2c.o
 .text.I2C_WaitOnTXISFlagUntilTimeout
                0x0800d37a       0x8e ./Drivers/STM32L4xx_HAL_Driver/Src/stm32l4xx_hal_i2c.o
 .text.I2C_WaitOnSTOPFlagUntilTimeout
                0x0800d408       0x86 ./Drivers/STM32L4xx_HAL_Driver/Src/stm32l4xx_hal_i2c.o
 *fill*         0x0800d48e        0x2 
 .text.I2C_WaitOnRXNEFlagUntilTimeout
                0x0800d490      0x118 ./Drivers/STM32L4xx_HAL_Driver/Src/stm32l4xx_hal_i2c.o
 .text.I2C_IsErrorOccurred
                0x0800d5a8      0x1c0 ./Drivers/STM32L4xx_HAL_Driver/Src/stm32l4xx_hal_i2c.o
 .text.I2C_TransferConfig
                0x0800d768       0x64 ./Drivers/STM32L4xx_HAL_Driver/Src/stm32l4xx_hal_i2c.o
 .text.HAL_I2CEx_ConfigAnalogFilter
                0x0800d7cc       0x96 ./Drivers/STM32L4xx_HAL_Driver/Src/stm32l4xx_hal_i2c_ex.o
                0x0800d7cc                HAL_I2CEx_ConfigAnalogFilter
 .text.HAL_I2CEx_ConfigDigitalFilter
                0x0800d862       0x98 ./Drivers/STM32L4xx_HAL_Driver/Src/stm32l4xx_hal_i2c_ex.o
                0x0800d862                HAL_I2CEx_ConfigDigitalFilter
 *fill*         0x0800d8fa        0x2 
 .text.HAL_PWREx_GetVoltageRange
                0x0800d8fc       0x1c ./Drivers/STM32L4xx_HAL_Driver/Src/stm32l4xx_hal_pwr_ex.o
                0x0800d8fc                HAL_PWREx_GetVoltageRange
 .text.HAL_PWREx_ControlVoltageScaling
                0x0800d918       0xac ./Drivers/STM32L4xx_HAL_Driver/Src/stm32l4xx_hal_pwr_ex.o
                0x0800d918                HAL_PWREx_ControlVoltageScaling
 .text.HAL_RCC_OscConfig
                0x0800d9c4      0x7b8 ./Drivers/STM32L4xx_HAL_Driver/Src/stm32l4xx_hal_rcc.o
                0x0800d9c4                HAL_RCC_OscConfig
 .text.HAL_RCC_ClockConfig
                0x0800e17c      0x200 ./Drivers/STM32L4xx_HAL_Driver/Src/stm32l4xx_hal_rcc.o
                0x0800e17c                HAL_RCC_ClockConfig
 .text.HAL_RCC_GetSysClockFreq
                0x0800e37c      0x118 ./Drivers/STM32L4xx_HAL_Driver/Src/stm32l4xx_hal_rcc.o
                0x0800e37c                HAL_RCC_GetSysClockFreq
 .text.HAL_RCC_GetHCLKFreq
                0x0800e494       0x18 ./Drivers/STM32L4xx_HAL_Driver/Src/stm32l4xx_hal_rcc.o
                0x0800e494                HAL_RCC_GetHCLKFreq
 .text.HAL_RCC_GetPCLK1Freq
                0x0800e4ac       0x2c ./Drivers/STM32L4xx_HAL_Driver/Src/stm32l4xx_hal_rcc.o
                0x0800e4ac                HAL_RCC_GetPCLK1Freq
 .text.HAL_RCC_GetPCLK2Freq
                0x0800e4d8       0x2c ./Drivers/STM32L4xx_HAL_Driver/Src/stm32l4xx_hal_rcc.o
                0x0800e4d8                HAL_RCC_GetPCLK2Freq
 .text.RCC_SetFlashLatencyFromMSIRange
                0x0800e504       0xc0 ./Drivers/STM32L4xx_HAL_Driver/Src/stm32l4xx_hal_rcc.o
 .text.HAL_RCCEx_PeriphCLKConfig
                0x0800e5c4      0x5d4 ./Drivers/STM32L4xx_HAL_Driver/Src/stm32l4xx_hal_rcc_ex.o
                0x0800e5c4                HAL_RCCEx_PeriphCLKConfig
 .text.RCCEx_PLLSAI1_Config
                0x0800eb98      0x1e8 ./Drivers/STM32L4xx_HAL_Driver/Src/stm32l4xx_hal_rcc_ex.o
 .text.RCCEx_PLLSAI2_Config
                0x0800ed80      0x1bc ./Drivers/STM32L4xx_HAL_Driver/Src/stm32l4xx_hal_rcc_ex.o
 .text.HAL_RTC_Init
                0x0800ef3c      0x110 ./Drivers/STM32L4xx_HAL_Driver/Src/stm32l4xx_hal_rtc.o
                0x0800ef3c                HAL_RTC_Init
 .text.HAL_RTC_SetTime
                0x0800f04c      0x13a ./Drivers/STM32L4xx_HAL_Driver/Src/stm32l4xx_hal_rtc.o
                0x0800f04c                HAL_RTC_SetTime
 .text.HAL_RTC_SetDate
                0x0800f186      0x10e ./Drivers/STM32L4xx_HAL_Driver/Src/stm32l4xx_hal_rtc.o
                0x0800f186                HAL_RTC_SetDate
 .text.HAL_RTC_WaitForSynchro
                0x0800f294       0x48 ./Drivers/STM32L4xx_HAL_Driver/Src/stm32l4xx_hal_rtc.o
                0x0800f294                HAL_RTC_WaitForSynchro
 .text.RTC_EnterInitMode
                0x0800f2dc       0x66 ./Drivers/STM32L4xx_HAL_Driver/Src/stm32l4xx_hal_rtc.o
                0x0800f2dc                RTC_EnterInitMode
 *fill*         0x0800f342        0x2 
 .text.RTC_ExitInitMode
                0x0800f344       0x7c ./Drivers/STM32L4xx_HAL_Driver/Src/stm32l4xx_hal_rtc.o
                0x0800f344                RTC_ExitInitMode
 .text.RTC_ByteToBcd2
                0x0800f3c0       0x40 ./Drivers/STM32L4xx_HAL_Driver/Src/stm32l4xx_hal_rtc.o
                0x0800f3c0                RTC_ByteToBcd2
 .text.HAL_SPI_Init
                0x0800f400      0x146 ./Drivers/STM32L4xx_HAL_Driver/Src/stm32l4xx_hal_spi.o
                0x0800f400                HAL_SPI_Init
 *fill*         0x0800f546        0x2 
 .text.HAL_SPI_IRQHandler
                0x0800f548      0x200 ./Drivers/STM32L4xx_HAL_Driver/Src/stm32l4xx_hal_spi.o
                0x0800f548                HAL_SPI_IRQHandler
 .text.HAL_SPI_ErrorCallback
                0x0800f748       0x14 ./Drivers/STM32L4xx_HAL_Driver/Src/stm32l4xx_hal_spi.o
                0x0800f748                HAL_SPI_ErrorCallback
 .text.SPI_DMAAbortOnError
                0x0800f75c       0x2a ./Drivers/STM32L4xx_HAL_Driver/Src/stm32l4xx_hal_spi.o
 .text.HAL_TIM_Base_Init
                0x0800f786       0xae ./Drivers/STM32L4xx_HAL_Driver/Src/stm32l4xx_hal_tim.o
                0x0800f786                HAL_TIM_Base_Init
 .text.HAL_TIM_IRQHandler
                0x0800f834      0x20e ./Drivers/STM32L4xx_HAL_Driver/Src/stm32l4xx_hal_tim.o
                0x0800f834                HAL_TIM_IRQHandler
 .text.HAL_TIM_ConfigClockSource
                0x0800fa42      0x192 ./Drivers/STM32L4xx_HAL_Driver/Src/stm32l4xx_hal_tim.o
                0x0800fa42                HAL_TIM_ConfigClockSource
 .text.HAL_TIM_PeriodElapsedCallback
                0x0800fbd4       0x14 ./Drivers/STM32L4xx_HAL_Driver/Src/stm32l4xx_hal_tim.o
                0x0800fbd4                HAL_TIM_PeriodElapsedCallback
 .text.HAL_TIM_OC_DelayElapsedCallback
                0x0800fbe8       0x14 ./Drivers/STM32L4xx_HAL_Driver/Src/stm32l4xx_hal_tim.o
                0x0800fbe8                HAL_TIM_OC_DelayElapsedCallback
 .text.HAL_TIM_IC_CaptureCallback
                0x0800fbfc       0x14 ./Drivers/STM32L4xx_HAL_Driver/Src/stm32l4xx_hal_tim.o
                0x0800fbfc                HAL_TIM_IC_CaptureCallback
 .text.HAL_TIM_PWM_PulseFinishedCallback
                0x0800fc10       0x14 ./Drivers/STM32L4xx_HAL_Driver/Src/stm32l4xx_hal_tim.o
                0x0800fc10                HAL_TIM_PWM_PulseFinishedCallback
 .text.HAL_TIM_TriggerCallback
                0x0800fc24       0x14 ./Drivers/STM32L4xx_HAL_Driver/Src/stm32l4xx_hal_tim.o
                0x0800fc24                HAL_TIM_TriggerCallback
 .text.TIM_Base_SetConfig
                0x0800fc38      0x14c ./Drivers/STM32L4xx_HAL_Driver/Src/stm32l4xx_hal_tim.o
                0x0800fc38                TIM_Base_SetConfig
 .text.TIM_TI1_ConfigInputStage
                0x0800fd84       0x5e ./Drivers/STM32L4xx_HAL_Driver/Src/stm32l4xx_hal_tim.o
 .text.TIM_TI2_ConfigInputStage
                0x0800fde2       0x60 ./Drivers/STM32L4xx_HAL_Driver/Src/stm32l4xx_hal_tim.o
 .text.TIM_ITRx_SetConfig
                0x0800fe42       0x36 ./Drivers/STM32L4xx_HAL_Driver/Src/stm32l4xx_hal_tim.o
 .text.TIM_ETR_SetConfig
                0x0800fe78       0x40 ./Drivers/STM32L4xx_HAL_Driver/Src/stm32l4xx_hal_tim.o
                0x0800fe78                TIM_ETR_SetConfig
 .text.HAL_TIMEx_MasterConfigSynchronization
                0x0800feb8      0x110 ./Drivers/STM32L4xx_HAL_Driver/Src/stm32l4xx_hal_tim_ex.o
                0x0800feb8                HAL_TIMEx_MasterConfigSynchronization
 .text.HAL_TIMEx_CommutCallback
                0x0800ffc8       0x14 ./Drivers/STM32L4xx_HAL_Driver/Src/stm32l4xx_hal_tim_ex.o
                0x0800ffc8                HAL_TIMEx_CommutCallback
 .text.HAL_TIMEx_BreakCallback
                0x0800ffdc       0x14 ./Drivers/STM32L4xx_HAL_Driver/Src/stm32l4xx_hal_tim_ex.o
                0x0800ffdc                HAL_TIMEx_BreakCallback
 .text.HAL_TIMEx_Break2Callback
                0x0800fff0       0x14 ./Drivers/STM32L4xx_HAL_Driver/Src/stm32l4xx_hal_tim_ex.o
                0x0800fff0                HAL_TIMEx_Break2Callback
 .text.HAL_UART_Init
                0x08010004       0x9c ./Drivers/STM32L4xx_HAL_Driver/Src/stm32l4xx_hal_uart.o
                0x08010004                HAL_UART_Init
 .text.HAL_UART_Transmit
                0x080100a0      0x112 ./Drivers/STM32L4xx_HAL_Driver/Src/stm32l4xx_hal_uart.o
                0x080100a0                HAL_UART_Transmit
 *fill*         0x080101b2        0x2 
 .text.HAL_UART_IRQHandler
                0x080101b4      0x60c ./Drivers/STM32L4xx_HAL_Driver/Src/stm32l4xx_hal_uart.o
                0x080101b4                HAL_UART_IRQHandler
 .text.HAL_UART_TxCpltCallback
                0x080107c0       0x14 ./Drivers/STM32L4xx_HAL_Driver/Src/stm32l4xx_hal_uart.o
                0x080107c0                HAL_UART_TxCpltCallback
 .text.HAL_UART_ErrorCallback
                0x080107d4       0x14 ./Drivers/STM32L4xx_HAL_Driver/Src/stm32l4xx_hal_uart.o
                0x080107d4                HAL_UART_ErrorCallback
 .text.HAL_UARTEx_RxEventCallback
                0x080107e8       0x18 ./Drivers/STM32L4xx_HAL_Driver/Src/stm32l4xx_hal_uart.o
                0x080107e8                HAL_UARTEx_RxEventCallback
 .text.UART_SetConfig
                0x08010800      0x570 ./Drivers/STM32L4xx_HAL_Driver/Src/stm32l4xx_hal_uart.o
                0x08010800                UART_SetConfig
 .text.UART_AdvFeatureConfig
                0x08010d70      0x144 ./Drivers/STM32L4xx_HAL_Driver/Src/stm32l4xx_hal_uart.o
                0x08010d70                UART_AdvFeatureConfig
 .text.UART_CheckIdleState
                0x08010eb4      0x150 ./Drivers/STM32L4xx_HAL_Driver/Src/stm32l4xx_hal_uart.o
                0x08010eb4                UART_CheckIdleState
 .text.UART_WaitOnFlagUntilTimeout
                0x08011004       0xda ./Drivers/STM32L4xx_HAL_Driver/Src/stm32l4xx_hal_uart.o
                0x08011004                UART_WaitOnFlagUntilTimeout
 .text.UART_EndRxTransfer
                0x080110de       0xc8 ./Drivers/STM32L4xx_HAL_Driver/Src/stm32l4xx_hal_uart.o
 .text.UART_DMAAbortOnError
                0x080111a6       0x2c ./Drivers/STM32L4xx_HAL_Driver/Src/stm32l4xx_hal_uart.o
 .text.UART_EndTransmit_IT
                0x080111d2       0x54 ./Drivers/STM32L4xx_HAL_Driver/Src/stm32l4xx_hal_uart.o
 .text.HAL_UARTEx_WakeupCallback
                0x08011226       0x14 ./Drivers/STM32L4xx_HAL_Driver/Src/stm32l4xx_hal_uart_ex.o
                0x08011226                HAL_UARTEx_WakeupCallback
 .text.MX_MEMS_Init
                0x0801123a        0xc ./MEMS/App/app_mems.o
                0x0801123a                MX_MEMS_Init
 .text.MX_MEMS_Process
                0x08011246        0xc ./MEMS/App/app_mems.o
                0x08011246                MX_MEMS_Process
 *fill*         0x08011252        0x2 
 .text.MX_IKS4A1_DataLogTerminal_Init
                0x08011254      0x3f0 ./MEMS/App/app_mems.o
 .text.BSP_PB_Callback
                0x08011644       0x20 ./MEMS/App/app_mems.o
                0x08011644                BSP_PB_Callback
 .text.MX_IKS4A1_DataLogTerminal_Process
                0x08011664      0x14c ./MEMS/App/app_mems.o
 .text.floatToInt
                0x080117b0      0x114 ./MEMS/App/app_mems.o
 .text.Accelero_Sensor_Handler
                0x080118c4      0x180 ./MEMS/App/app_mems.o
 .text.Gyro_Sensor_Handler
                0x08011a44      0x180 ./MEMS/App/app_mems.o
 .text.Magneto_Sensor_Handler
                0x08011bc4      0x180 ./MEMS/App/app_mems.o
 .text.Temp_Sensor_Handler
                0x08011d44      0x150 ./MEMS/App/app_mems.o
 .text.Press_Sensor_Handler
                0x08011e94      0x140 ./MEMS/App/app_mems.o
 .text.Hum_Sensor_Handler
                0x08011fd4      0x140 ./MEMS/App/app_mems.o
 .text.std      0x08012114       0x6c C:/ST/STM32CubeIDE_1.19.0/STM32CubeIDE/plugins/com.st.stm32cube.ide.mcu.externaltools.gnu-tools-for-stm32.13.3.rel1.win32_1.0.0.202411081344/tools/bin/../lib/gcc/arm-none-eabi/13.3.1/../../../../arm-none-eabi/lib/thumb/v7e-m+fp/hard\libc_nano.a(libc_a-findfp.o)
 .text.stdio_exit_handler
                0x08012180       0x18 C:/ST/STM32CubeIDE_1.19.0/STM32CubeIDE/plugins/com.st.stm32cube.ide.mcu.externaltools.gnu-tools-for-stm32.13.3.rel1.win32_1.0.0.202411081344/tools/bin/../lib/gcc/arm-none-eabi/13.3.1/../../../../arm-none-eabi/lib/thumb/v7e-m+fp/hard\libc_nano.a(libc_a-findfp.o)
 .text.cleanup_stdio
                0x08012198       0x40 C:/ST/STM32CubeIDE_1.19.0/STM32CubeIDE/plugins/com.st.stm32cube.ide.mcu.externaltools.gnu-tools-for-stm32.13.3.rel1.win32_1.0.0.202411081344/tools/bin/../lib/gcc/arm-none-eabi/13.3.1/../../../../arm-none-eabi/lib/thumb/v7e-m+fp/hard\libc_nano.a(libc_a-findfp.o)
 .text.global_stdio_init.part.0
                0x080121d8       0x3c C:/ST/STM32CubeIDE_1.19.0/STM32CubeIDE/plugins/com.st.stm32cube.ide.mcu.externaltools.gnu-tools-for-stm32.13.3.rel1.win32_1.0.0.202411081344/tools/bin/../lib/gcc/arm-none-eabi/13.3.1/../../../../arm-none-eabi/lib/thumb/v7e-m+fp/hard\libc_nano.a(libc_a-findfp.o)
 .text.__sfp_lock_acquire
                0x08012214        0xc C:/ST/STM32CubeIDE_1.19.0/STM32CubeIDE/plugins/com.st.stm32cube.ide.mcu.externaltools.gnu-tools-for-stm32.13.3.rel1.win32_1.0.0.202411081344/tools/bin/../lib/gcc/arm-none-eabi/13.3.1/../../../../arm-none-eabi/lib/thumb/v7e-m+fp/hard\libc_nano.a(libc_a-findfp.o)
                0x08012214                __sfp_lock_acquire
 .text.__sfp_lock_release
                0x08012220        0xc C:/ST/STM32CubeIDE_1.19.0/STM32CubeIDE/plugins/com.st.stm32cube.ide.mcu.externaltools.gnu-tools-for-stm32.13.3.rel1.win32_1.0.0.202411081344/tools/bin/../lib/gcc/arm-none-eabi/13.3.1/../../../../arm-none-eabi/lib/thumb/v7e-m+fp/hard\libc_nano.a(libc_a-findfp.o)
                0x08012220                __sfp_lock_release
 .text.__sinit  0x0801222c       0x30 C:/ST/STM32CubeIDE_1.19.0/STM32CubeIDE/plugins/com.st.stm32cube.ide.mcu.externaltools.gnu-tools-for-stm32.13.3.rel1.win32_1.0.0.202411081344/tools/bin/../lib/gcc/arm-none-eabi/13.3.1/../../../../arm-none-eabi/lib/thumb/v7e-m+fp/hard\libc_nano.a(libc_a-findfp.o)
                0x0801222c                __sinit
 .text._fwalk_sglue
                0x0801225c       0x3c C:/ST/STM32CubeIDE_1.19.0/STM32CubeIDE/plugins/com.st.stm32cube.ide.mcu.externaltools.gnu-tools-for-stm32.13.3.rel1.win32_1.0.0.202411081344/tools/bin/../lib/gcc/arm-none-eabi/13.3.1/../../../../arm-none-eabi/lib/thumb/v7e-m+fp/hard\libc_nano.a(libc_a-fwalk.o)
                0x0801225c                _fwalk_sglue
 .text.printf   0x08012298       0x24 C:/ST/STM32CubeIDE_1.19.0/STM32CubeIDE/plugins/com.st.stm32cube.ide.mcu.externaltools.gnu-tools-for-stm32.13.3.rel1.win32_1.0.0.202411081344/tools/bin/../lib/gcc/arm-none-eabi/13.3.1/../../../../arm-none-eabi/lib/thumb/v7e-m+fp/hard\libc_nano.a(libc_a-printf.o)