../Core/Src/main.c:82:5:main	8	static
../Core/Src/main.c:135:6:SystemClock_Config	96	static
../Core/Src/main.c:186:13:MX_CRC_Init	8	static
../Core/Src/main.c:217:13:MX_RTC_Init	32	static
../Core/Src/main.c:281:13:MX_SPI2_Init	8	static
../Core/Src/main.c:320:13:MX_TIM2_Init	40	static
../Core/Src/main.c:365:13:MX_TIM3_Init	40	static
../Core/Src/main.c:410:13:MX_USART1_UART_Init	8	static
../Core/Src/main.c:443:13:MX_DMA_Init	16	static
../Core/Src/main.c:464:13:MX_GPIO_Init	24	static
../Core/Src/main.c:489:6:Error_Handler	4	static,ignoring_inline_asm
