C:/Users/jpaul/Documents/STM/IKS4A1/Sensor_Board_Dataset/MEMS/App/app_mems.c:62:6:MX_MEMS_Init	8	static
C:/Users/jpaul/Documents/STM/IKS4A1/Sensor_Board_Dataset/MEMS/App/app_mems.c:84:6:MX_MEMS_Process	8	static
C:/Users/jpaul/Documents/STM/IKS4A1/Sensor_Board_Dataset/MEMS/App/app_mems.c:101:6:MX_IKS4A1_DataLogTerminal_Init	56	static
C:/Users/jpaul/Documents/STM/IKS4A1/Sensor_Board_Dataset/MEMS/App/app_mems.c:182:6:BSP_PB_Callback	16	static
C:/Users/jpaul/Documents/STM/IKS4A1/Sensor_Board_Dataset/MEMS/App/app_mems.c:191:6:MX_IKS4A1_DataLogTerminal_Process	16	static
C:/Users/jpaul/Documents/STM/IKS4A1/Sensor_Board_Dataset/MEMS/App/app_mems.c:257:13:floatToInt	32	static
C:/Users/jpaul/Documents/STM/IKS4A1/Sensor_Board_Dataset/MEMS/App/app_mems.c:279:13:Accelero_Sensor_Handler	88	static
C:/Users/jpaul/Documents/STM/IKS4A1/Sensor_Board_Dataset/MEMS/App/app_mems.c:346:13:Gyro_Sensor_Handler	88	static
C:/Users/jpaul/Documents/STM/IKS4A1/Sensor_Board_Dataset/MEMS/App/app_mems.c:413:13:Magneto_Sensor_Handler	88	static
C:/Users/jpaul/Documents/STM/IKS4A1/Sensor_Board_Dataset/MEMS/App/app_mems.c:480:13:Temp_Sensor_Handler	56	static
C:/Users/jpaul/Documents/STM/IKS4A1/Sensor_Board_Dataset/MEMS/App/app_mems.c:536:13:Press_Sensor_Handler	48	static
C:/Users/jpaul/Documents/STM/IKS4A1/Sensor_Board_Dataset/MEMS/App/app_mems.c:592:13:Hum_Sensor_Handler	48	static
