Archive member included to satisfy reference by file (symbol)

C:/ST/STM32CubeIDE_1.16.0/STM32CubeIDE/plugins/com.st.stm32cube.ide.mcu.externaltools.gnu-tools-for-stm32.13.3.rel1.win32_1.0.0.202411081344/tools/bin/../lib/gcc/arm-none-eabi/13.3.1/../../../../arm-none-eabi/lib/thumb/v7e-m+fp/hard\libc_nano.a(libc_a-exit.o)
                              C:/ST/STM32CubeIDE_1.16.0/STM32CubeIDE/plugins/com.st.stm32cube.ide.mcu.externaltools.gnu-tools-for-stm32.13.3.rel1.win32_1.0.0.202411081344/tools/bin/../lib/gcc/arm-none-eabi/13.3.1/../../../../arm-none-eabi/lib/thumb/v7e-m+fp/hard/crt0.o (exit)
C:/ST/STM32CubeIDE_1.16.0/STM32CubeIDE/plugins/com.st.stm32cube.ide.mcu.externaltools.gnu-tools-for-stm32.13.3.rel1.win32_1.0.0.202411081344/tools/bin/../lib/gcc/arm-none-eabi/13.3.1/../../../../arm-none-eabi/lib/thumb/v7e-m+fp/hard\libc_nano.a(libc_a-findfp.o)
                              C:/ST/STM32CubeIDE_1.16.0/STM32CubeIDE/plugins/com.st.stm32cube.ide.mcu.externaltools.gnu-tools-for-stm32.13.3.rel1.win32_1.0.0.202411081344/tools/bin/../lib/gcc/arm-none-eabi/13.3.1/../../../../arm-none-eabi/lib/thumb/v7e-m+fp/hard\libc_nano.a(libc_a-exit.o) (__stdio_exit_handler)
C:/ST/STM32CubeIDE_1.16.0/STM32CubeIDE/plugins/com.st.stm32cube.ide.mcu.externaltools.gnu-tools-for-stm32.13.3.rel1.win32_1.0.0.202411081344/tools/bin/../lib/gcc/arm-none-eabi/13.3.1/../../../../arm-none-eabi/lib/thumb/v7e-m+fp/hard\libc_nano.a(libc_a-fwalk.o)
                              C:/ST/STM32CubeIDE_1.16.0/STM32CubeIDE/plugins/com.st.stm32cube.ide.mcu.externaltools.gnu-tools-for-stm32.13.3.rel1.win32_1.0.0.202411081344/tools/bin/../lib/gcc/arm-none-eabi/13.3.1/../../../../arm-none-eabi/lib/thumb/v7e-m+fp/hard\libc_nano.a(libc_a-findfp.o) (_fwalk_sglue)
C:/ST/STM32CubeIDE_1.16.0/STM32CubeIDE/plugins/com.st.stm32cube.ide.mcu.externaltools.gnu-tools-for-stm32.13.3.rel1.win32_1.0.0.202411081344/tools/bin/../lib/gcc/arm-none-eabi/13.3.1/../../../../arm-none-eabi/lib/thumb/v7e-m+fp/hard\libc_nano.a(libc_a-printf.o)
                              ./Application/User/MEMS/App/app_mems.o (printf)
C:/ST/STM32CubeIDE_1.16.0/STM32CubeIDE/plugins/com.st.stm32cube.ide.mcu.externaltools.gnu-tools-for-stm32.13.3.rel1.win32_1.0.0.202411081344/tools/bin/../lib/gcc/arm-none-eabi/13.3.1/../../../../arm-none-eabi/lib/thumb/v7e-m+fp/hard\libc_nano.a(libc_a-snprintf.o)
                              ./Application/User/MEMS/App/app_mems.o (snprintf)
C:/ST/STM32CubeIDE_1.16.0/STM32CubeIDE/plugins/com.st.stm32cube.ide.mcu.externaltools.gnu-tools-for-stm32.13.3.rel1.win32_1.0.0.202411081344/tools/bin/../lib/gcc/arm-none-eabi/13.3.1/../../../../arm-none-eabi/lib/thumb/v7e-m+fp/hard\libc_nano.a(libc_a-stdio.o)
                              C:/ST/STM32CubeIDE_1.16.0/STM32CubeIDE/plugins/com.st.stm32cube.ide.mcu.externaltools.gnu-tools-for-stm32.13.3.rel1.win32_1.0.0.202411081344/tools/bin/../lib/gcc/arm-none-eabi/13.3.1/../../../../arm-none-eabi/lib/thumb/v7e-m+fp/hard\libc_nano.a(libc_a-findfp.o) (__sread)
C:/ST/STM32CubeIDE_1.16.0/STM32CubeIDE/plugins/com.st.stm32cube.ide.mcu.externaltools.gnu-tools-for-stm32.13.3.rel1.win32_1.0.0.202411081344/tools/bin/../lib/gcc/arm-none-eabi/13.3.1/../../../../arm-none-eabi/lib/thumb/v7e-m+fp/hard\libc_nano.a(libc_a-memset.o)
                              C:/ST/STM32CubeIDE_1.16.0/STM32CubeIDE/plugins/com.st.stm32cube.ide.mcu.externaltools.gnu-tools-for-stm32.13.3.rel1.win32_1.0.0.202411081344/tools/bin/../lib/gcc/arm-none-eabi/13.3.1/../../../../arm-none-eabi/lib/thumb/v7e-m+fp/hard/crt0.o (memset)
C:/ST/STM32CubeIDE_1.16.0/STM32CubeIDE/plugins/com.st.stm32cube.ide.mcu.externaltools.gnu-tools-for-stm32.13.3.rel1.win32_1.0.0.202411081344/tools/bin/../lib/gcc/arm-none-eabi/13.3.1/../../../../arm-none-eabi/lib/thumb/v7e-m+fp/hard\libc_nano.a(libc_a-closer.o)
                              C:/ST/STM32CubeIDE_1.16.0/STM32CubeIDE/plugins/com.st.stm32cube.ide.mcu.externaltools.gnu-tools-for-stm32.13.3.rel1.win32_1.0.0.202411081344/tools/bin/../lib/gcc/arm-none-eabi/13.3.1/../../../../arm-none-eabi/lib/thumb/v7e-m+fp/hard\libc_nano.a(libc_a-stdio.o) (_close_r)
C:/ST/STM32CubeIDE_1.16.0/STM32CubeIDE/plugins/com.st.stm32cube.ide.mcu.externaltools.gnu-tools-for-stm32.13.3.rel1.win32_1.0.0.202411081344/tools/bin/../lib/gcc/arm-none-eabi/13.3.1/../../../../arm-none-eabi/lib/thumb/v7e-m+fp/hard\libc_nano.a(libc_a-reent.o)
                              C:/ST/STM32CubeIDE_1.16.0/STM32CubeIDE/plugins/com.st.stm32cube.ide.mcu.externaltools.gnu-tools-for-stm32.13.3.rel1.win32_1.0.0.202411081344/tools/bin/../lib/gcc/arm-none-eabi/13.3.1/../../../../arm-none-eabi/lib/thumb/v7e-m+fp/hard\libc_nano.a(libc_a-closer.o) (errno)
C:/ST/STM32CubeIDE_1.16.0/STM32CubeIDE/plugins/com.st.stm32cube.ide.mcu.externaltools.gnu-tools-for-stm32.13.3.rel1.win32_1.0.0.202411081344/tools/bin/../lib/gcc/arm-none-eabi/13.3.1/../../../../arm-none-eabi/lib/thumb/v7e-m+fp/hard\libc_nano.a(libc_a-impure.o)
[...]
Memory Configuration

Name             Origin             Length             Attributes
RAM              0x20000000         0x00018000         xrw
RAM2             0x10000000         0x00008000         xrw
FLASH            0x08000000         0x00100000         xr
*default*        0x00000000         0xffffffff

Linker script and memory map

LOAD C:/ST/STM32CubeIDE_1.16.0/STM32CubeIDE/plugins/com.st.stm32cube.ide.mcu.externaltools.gnu-tools-for-stm32.13.3.rel1.win32_1.0.0.202411081344/tools/bin/../lib/gcc/arm-none-eabi/13.3.1/thumb/v7e-m+fp/hard/crti.o
LOAD C:/ST/STM32CubeIDE_1.16.0/STM32CubeIDE/plugins/com.st.stm32cube.ide.mcu.externaltools.gnu-tools-for-stm32.13.3.rel1.win32_1.0.0.202411081344/tools/bin/../lib/gcc/arm-none-eabi/13.3.1/thumb/v7e-m+fp/hard/crtbegin.o
LOAD C:/ST/STM32CubeIDE_1.16.0/STM32CubeIDE/plugins/com.st.stm32cube.ide.mcu.externaltools.gnu-tools-for-stm32.13.3.rel1.win32_1.0.0.202411081344/tools/bin/../lib/gcc/arm-none-eabi/13.3.1/../../../../arm-none-eabi/lib/thumb/v7e-m+fp/hard/crt0.o
LOAD ./Application/User/Core/main.o
LOAD ./Application/User/Core/stm32l4xx_hal_msp.o
LOAD ./Application/User/Core/stm32l4xx_it.o
LOAD ./Application/User/Core/stm32l4xx_nucleo_bus.o
LOAD ./Application/User/Core/syscalls.o
LOAD ./Application/User/Core/sysmem.o
LOAD ./Application/User/MEMS/App/app_mems.o
LOAD ./Application/User/Startup/startup_stm32l476rgtx.o
LOAD ./Drivers/BSP/Components/lis2duxs12.o
LOAD ./Drivers/BSP/Components/lis2duxs12_reg.o
LOAD ./Drivers/BSP/Components/lis2mdl.o
LOAD ./Drivers/BSP/Components/lis2mdl_reg.o
LOAD ./Drivers/BSP/Components/lps22df.o
LOAD ./Drivers/BSP/Components/lps22df_reg.o
LOAD ./Drivers/BSP/Components/lsm6dso16is.o
LOAD ./Drivers/BSP/Components/lsm6dso16is_reg.o
LOAD ./Drivers/BSP/Components/lsm6dsv16x.o
LOAD ./Drivers/BSP/Components/lsm6dsv16x_reg.o
LOAD ./Drivers/BSP/Components/sht40ad1b.o
LOAD ./Drivers/BSP/Components/sht40ad1b_reg.o
LOAD ./Drivers/BSP/Components/stts22h.o
LOAD ./Drivers/BSP/Components/stts22h_reg.o
LOAD ./Drivers/BSP/IKS4A1/iks4a1_env_sensors.o
LOAD ./Drivers/BSP/IKS4A1/iks4a1_env_sensors_ex.o
LOAD ./Drivers/BSP/IKS4A1/iks4a1_motion_sensors.o
LOAD ./Drivers/BSP/IKS4A1/iks4a1_motion_sensors_ex.o
LOAD ./Drivers/BSP/STM32L4xx_Nucleo/stm32l4xx_nucleo.o
LOAD ./Drivers/CMSIS/system_stm32l4xx.o
LOAD ./Drivers/STM32L4xx_HAL_Driver/stm32l4xx_hal.o
LOAD ./Drivers/STM32L4xx_HAL_Driver/stm32l4xx_hal_cortex.o
LOAD ./Drivers/STM32L4xx_HAL_Driver/stm32l4xx_hal_crc.o
LOAD ./Drivers/STM32L4xx_HAL_Driver/stm32l4xx_hal_crc_ex.o
LOAD ./Drivers/STM32L4xx_HAL_Driver/stm32l4xx_hal_dma.o
LOAD ./Drivers/STM32L4xx_HAL_Driver/stm32l4xx_hal_dma_ex.o
LOAD ./Drivers/STM32L4xx_HAL_Driver/stm32l4xx_hal_exti.o
LOAD ./Drivers/STM32L4xx_HAL_Driver/stm32l4xx_hal_flash.o
LOAD ./Drivers/STM32L4xx_HAL_Driver/stm32l4xx_hal_flash_ex.o
LOAD ./Drivers/STM32L4xx_HAL_Driver/stm32l4xx_hal_flash_ramfunc.o
LOAD ./Drivers/STM32L4xx_HAL_Driver/stm32l4xx_hal_gpio.o
LOAD ./Drivers/STM32L4xx_HAL_Driver/stm32l4xx_hal_i2c.o
LOAD ./Drivers/STM32L4xx_HAL_Driver/stm32l4xx_hal_i2c_ex.o
LOAD ./Drivers/STM32L4xx_HAL_Driver/stm32l4xx_hal_pwr.o
LOAD ./Drivers/STM32L4xx_HAL_Driver/stm32l4xx_hal_pwr_ex.o
LOAD ./Drivers/STM32L4xx_HAL_Driver/stm32l4xx_hal_rcc.o
LOAD ./Drivers/STM32L4xx_HAL_Driver/stm32l4xx_hal_rcc_ex.o
LOAD ./Drivers/STM32L4xx_HAL_Driver/stm32l4xx_hal_rtc.o
LOAD ./Drivers/STM32L4xx_HAL_Driver/stm32l4xx_hal_rtc_ex.o
LOAD ./Drivers/STM32L4xx_HAL_Driver/stm32l4xx_hal_spi.o
LOAD ./Drivers/STM32L4xx_HAL_Driver/stm32l4xx_hal_spi_ex.o
LOAD ./Drivers/STM32L4xx_HAL_Driver/stm32l4xx_hal_tim.o
LOAD ./Drivers/STM32L4xx_HAL_Driver/stm32l4xx_hal_tim_ex.o
LOAD ./Drivers/STM32L4xx_HAL_Driver/stm32l4xx_hal_uart.o
LOAD ./Drivers/STM32L4xx_HAL_Driver/stm32l4xx_hal_uart_ex.o
START GROUP
LOAD C:/ST/STM32CubeIDE_1.16.0/STM32CubeIDE/plugins/com.st.stm32cube.ide.mcu.externaltools.gnu-tools-for-stm32.13.3.rel1.win32_1.0.0.202411081344/tools/bin/../lib/gcc/arm-none-eabi/13.3.1/../../../../arm-none-eabi/lib/thumb/v7e-m+fp/hard\libc_nano.a
LOAD C:/ST/STM32CubeIDE_1.16.0/STM32CubeIDE/plugins/com.st.stm32cube.ide.mcu.externaltools.gnu-tools-for-stm32.13.3.rel1.win32_1.0.0.202411081344/tools/bin/../lib/gcc/arm-none-eabi/13.3.1/../../../../arm-none-eabi/lib/thumb/v7e-m+fp/hard\libm.a
END GROUP
START GROUP
LOAD C:/ST/STM32CubeIDE_1.16.0/STM32CubeIDE/plugins/com.st.stm32cube.ide.mcu.externaltools.gnu-tools-for-stm32.13.3.rel1.win32_1.0.0.202411081344/tools/bin/../lib/gcc/arm-none-eabi/13.3.1/thumb/v7e-m+fp/hard\libgcc.a
LOAD C:/ST/STM32CubeIDE_1.16.0/STM32CubeIDE/plugins/com.st.stm32cube.ide.mcu.externaltools.gnu-tools-for-stm32.13.3.rel1.win32_1.0.0.202411081344/tools/bin/../lib/gcc/arm-none-eabi/13.3.1/../../../../arm-none-eabi/lib/thumb/v7e-m+fp/hard\libc_nano.a
END GROUP
START GROUP
LOAD C:/ST/STM32CubeIDE_1.16.0/STM32CubeIDE/plugins/com.st.stm32cube.ide.mcu.externaltools.gnu-tools-for-stm32.13.3.rel1.win32_1.0.0.202411081344/tools/bin/../lib/gcc/arm-none-eabi/13.3.1/thumb/v7e-m+fp/hard\libgcc.a
LOAD C:/ST/STM32CubeIDE_1.16.0/STM32CubeIDE/plugins/com.st.stm32cube.ide.mcu.externaltools.gnu-tools-for-stm32.13.3.rel1.win32_1.0.0.202411081344/tools/bin/../lib/gcc/arm-none-eabi/13.3.1/../../../../arm-none-eabi/lib/thumb/v7e-m+fp/hard\libc_nano.a
LOAD C:/ST/STM32CubeIDE_1.16.0/STM32CubeIDE/plugins/com.st.stm32cube.ide.mcu.externaltools.gnu-tools-for-stm32.13.3.rel1.win32_1.0.0.202411081344/tools/bin/../lib/gcc/arm-none-eabi/13.3.1/../../../../arm-none-eabi/lib/thumb/v7e-m+fp/hard\libnosys.a
END GROUP
START GROUP
LOAD C:/ST/STM32CubeIDE_1.16.0/STM32CubeIDE/plugins/com.st.stm32cube.ide.mcu.externaltools.gnu-tools-for-stm32.13.3.rel1.win32_1.0.0.202411081344/tools/bin/../lib/gcc/arm-none-eabi/13.3.1/thumb/v7e-m+fp/hard\libgcc.a
LOAD C:/ST/STM32CubeIDE_1.16.0/STM32CubeIDE/plugins/com.st.stm32cube.ide.mcu.externaltools.gnu-tools-for-stm32.13.3.rel1.win32_1.0.0.202411081344/tools/bin/../lib/gcc/arm-none-eabi/13.3.1/../../../../arm-none-eabi/lib/thumb/v7e-m+fp/hard\libc_nano.a
LOAD C:/ST/STM32CubeIDE_1.16.0/STM32CubeIDE/plugins/com.st.stm32cube.ide.mcu.externaltools.gnu-tools-for-stm32.13.3.rel1.win32_1.0.0.202411081344/tools/bin/../lib/gcc/arm-none-eabi/13.3.1/../../../../arm-none-eabi/lib/thumb/v7e-m+fp/hard\libnosys.a
END GROUP
LOAD C:/ST/STM32CubeIDE_1.16.0/STM32CubeIDE/plugins/com.st.stm32cube.ide.mcu.externaltools.gnu-tools-for-stm32.13.3.rel1.win32_1.0.0.202411081344/tools/bin/../lib/gcc/arm-none-eabi/13.3.1/thumb/v7e-m+fp/hard/crtend.o
LOAD C:/ST/STM32CubeIDE_1.16.0/STM32CubeIDE/plugins/com.st.stm32cube.ide.mcu.externaltools.gnu-tools-for-stm32.13.3.rel1.win32_1.0.0.202411081344/tools/bin/../lib/gcc/arm-none-eabi/13.3.1/thumb/v7e-m+fp/hard/crtn.o
                0x20018000                        _estack = (ORIGIN (RAM) + LENGTH (RAM))
                0x00000800                        _Min_Heap_Size = 0x800
                0x00001200                        _Min_Stack_Size = 0x1200

.isr_vector     0x08000000      0x188
                0x08000000                        . = ALIGN (0x4)
 *(.isr_vector)
 .isr_vector    0x08000000      0x188 ./Application/User/Startup/startup_stm32l476rgtx.o
                0x08000000                g_pfnVectors
                0x08000188                        . = ALIGN (0x4)

.text           0x08000190    0x140fc
                0x08000190                        . = ALIGN (0x4)
 *(.text)
 .text          0x08000190       0x40 C:/ST/STM32CubeIDE_1.16.0/STM32CubeIDE/plugins/com.st.stm32cube.ide.mcu.externaltools.gnu-tools-for-stm32.13.3.rel1.win32_1.0.0.202411081344/tools/bin/../lib/gcc/arm-none-eabi/13.3.1/thumb/v7e-m+fp/hard/crtbegin.o
 .text          0x080001d0       0xa0 C:/ST/STM32CubeIDE_1.16.0/STM32CubeIDE/plugins/com.st.stm32cube.ide.mcu.externaltools.gnu-tools-for-stm32.13.3.rel1.win32_1.0.0.202411081344/tools/bin/../lib/gcc/arm-none-eabi/13.3.1/../../../../arm-none-eabi/lib/thumb/v7e-m+fp/hard\libc_nano.a(libc_a-memchr.o)
                0x080001d0                memchr
 .text          0x08000270      0x378 C:/ST/STM32CubeIDE_1.16.0/STM32CubeIDE/plugins/com.st.stm32cube.ide.mcu.externaltools.gnu-tools-for-stm32.13.3.rel1.win32_1.0.0.202411081344/tools/bin/../lib/gcc/arm-none-eabi/13.3.1/thumb/v7e-m+fp/hard\libgcc.a(_arm_addsubdf3.o)
                0x08000270                __aeabi_drsub
                0x08000278                __aeabi_dsub
                0x08000278                __subdf3
                0x0800027c                __aeabi_dadd
                0x0800027c                __adddf3
                0x080004f4                __floatunsidf
                0x080004f4                __aeabi_ui2d
                0x08000514                __floatsidf
                0x08000514                __aeabi_i2d
                0x08000538                __aeabi_f2d
                0x08000538                __extendsfdf2
                0x0800057c                __floatundidf
                0x0800057c                __aeabi_ul2d
                0x0800058c                __floatdidf
                0x0800058c                __aeabi_l2d
 .text          0x080005e8      0x424 C:/ST/STM32CubeIDE_1.16.0/STM32CubeIDE/plugins/com.st.stm32cube.ide.mcu.externaltools.gnu-tools-for-stm32.13.3.rel1.win32_1.0.0.202411081344/tools/bin/../lib/gcc/arm-none-eabi/13.3.1/thumb/v7e-m+fp/hard\libgcc.a(_arm_muldivdf3.o)
                0x080005e8                __aeabi_dmul
                0x080005e8                __muldf3
                0x0800083c                __divdf3
                0x0800083c                __aeabi_ddiv
 .text          0x08000a0c      0x110 C:/ST/STM32CubeIDE_1.16.0/STM32CubeIDE/plugins/com.st.stm32cube.ide.mcu.externaltools.gnu-tools-for-stm32.13.3.rel1.win32_1.0.0.202411081344/tools/bin/../lib/gcc/arm-none-eabi/13.3.1/thumb/v7e-m+fp/hard\libgcc.a(_arm_cmpdf2.o)
                0x08000a0c                __gtdf2
                0x08000a0c                __gedf2
                0x08000a14                __ltdf2
                0x08000a14                __ledf2
                0x08000a1c                __nedf2
                0x08000a1c                __eqdf2
                0x08000a1c                __cmpdf2
                0x08000a98                __aeabi_cdrcmple
                0x08000aa8                __aeabi_cdcmpeq
                0x08000aa8                __aeabi_cdcmple
                0x08000ab8                __aeabi_dcmpeq
                0x08000acc                __aeabi_dcmplt
                0x08000ae0                __aeabi_dcmple
                0x08000af4                __aeabi_dcmpge
                0x08000b08                __aeabi_dcmpgt
 .text          0x08000b1c       0x2c C:/ST/STM32CubeIDE_1.16.0/STM32CubeIDE/plugins/com.st.stm32cube.ide.mcu.externaltools.gnu-tools-for-stm32.13.3.rel1.win32_1.0.0.202411081344/tools/bin/../lib/gcc/arm-none-eabi/13.3.1/thumb/v7e-m+fp/hard\libgcc.a(_arm_unorddf2.o)
                0x08000b1c                __unorddf2
                0x08000b1c                __aeabi_dcmpun
 .text          0x08000b48       0x50 C:/ST/STM32CubeIDE_1.16.0/STM32CubeIDE/plugins/com.st.stm32cube.ide.mcu.externaltools.gnu-tools-for-stm32.13.3.rel1.win32_1.0.0.202411081344/tools/bin/../lib/gcc/arm-none-eabi/13.3.1/thumb/v7e-m+fp/hard\libgcc.a(_arm_fixdfsi.o)
                0x08000b48                __aeabi_d2iz
                0x08000b48                __fixdfsi
 .text          0x08000b98       0xa0 C:/ST/STM32CubeIDE_1.16.0/STM32CubeIDE/plugins/com.st.stm32cube.ide.mcu.externaltools.gnu-tools-for-stm32.13.3.rel1.win32_1.0.0.202411081344/tools/bin/../lib/gcc/arm-none-eabi/13.3.1/thumb/v7e-m+fp/hard\libgcc.a(_arm_truncdfsf2.o)
                0x08000b98                __truncdfsf2
                0x08000b98                __aeabi_d2f
 .text          0x08000c38       0x30 C:/ST/STM32CubeIDE_1.16.0/STM32CubeIDE/plugins/com.st.stm32cube.ide.mcu.externaltools.gnu-tools-for-stm32.13.3.rel1.win32_1.0.0.202411081344/tools/bin/../lib/gcc/arm-none-eabi/13.3.1/thumb/v7e-m+fp/hard\libgcc.a(_aeabi_uldivmod.o)
                0x08000c38                __aeabi_uldivmod
 .text          0x08000c68      0x2f8 C:/ST/STM32CubeIDE_1.16.0/STM32CubeIDE/plugins/com.st.stm32cube.ide.mcu.externaltools.gnu-tools-for-stm32.13.3.rel1.win32_1.0.0.202411081344/tools/bin/../lib/gcc/arm-none-eabi/13.3.1/thumb/v7e-m+fp/hard\libgcc.a(_udivmoddi4.o)
                0x08000c68                __udivmoddi4
 .text          0x08000f60        0x4 C:/ST/STM32CubeIDE_1.16.0/STM32CubeIDE/plugins/com.st.stm32cube.ide.mcu.externaltools.gnu-tools-for-stm32.13.3.rel1.win32_1.0.0.202411081344/tools/bin/../lib/gcc/arm-none-eabi/13.3.1/thumb/v7e-m+fp/hard\libgcc.a(_dvmd_tls.o)
                0x08000f60                __aeabi_idiv0
                0x08000f60                __aeabi_ldiv0
 *(.text*)
 .text.main     0x08000f64       0x3e ./Application/User/Core/main.o
                0x08000f64                main
 .text.SystemClock_Config
                0x08000fa2       0xa6 ./Application/User/Core/main.o
                0x08000fa2                SystemClock_Config
 .text.MX_CRC_Init
                0x08001048       0x44 ./Application/User/Core/main.o
 .text.MX_RTC_Init
                0x0800108c       0xb8 ./Application/User/Core/main.o
 .text.MX_SPI2_Init
                0x08001144       0x74 ./Application/User/Core/main.o
 .text.MX_TIM2_Init
                0x080011b8       0x9c ./Application/User/Core/main.o
 .text.MX_TIM3_Init
                0x08001254       0x9c ./Application/User/Core/main.o
 .text.MX_USART1_UART_Init
                0x080012f0       0x60 ./Application/User/Core/main.o
 .text.MX_DMA_Init
                0x08001350       0x4c ./Application/User/Core/main.o
 .text.MX_GPIO_Init
                0x0800139c       0x78 ./Application/User/Core/main.o
 .text.Error_Handler
                0x08001414        0xc ./Application/User/Core/main.o
                0x08001414                Error_Handler
 .text.HAL_MspInit
                0x08001420       0x48 ./Application/User/Core/stm32l4xx_hal_msp.o
                0x08001420                HAL_MspInit
 .text.HAL_CRC_MspInit
                0x08001468       0x40 ./Application/User/Core/stm32l4xx_hal_msp.o
                0x08001468                HAL_CRC_MspInit
 .text.HAL_RTC_MspInit
                0x080014a8       0x64 ./Application/User/Core/stm32l4xx_hal_msp.o
                0x080014a8                HAL_RTC_MspInit
 .text.HAL_SPI_MspInit
                0x0800150c       0x98 ./Application/User/Core/stm32l4xx_hal_msp.o
                0x0800150c                HAL_SPI_MspInit
 .text.HAL_TIM_Base_MspInit
                0x080015a4       0x70 ./Application/User/Core/stm32l4xx_hal_msp.o
                0x080015a4                HAL_TIM_Base_MspInit
 .text.HAL_UART_MspInit
                0x08001614       0xcc ./Application/User/Core/stm32l4xx_hal_msp.o
                0x08001614                HAL_UART_MspInit
 .text.NMI_Handler
                0x080016e0        0x8 ./Application/User/Core/stm32l4xx_it.o
                0x080016e0                NMI_Handler
 .text.HardFault_Handler
                0x080016e8        0x8 ./Application/User/Core/stm32l4xx_it.o
                0x080016e8                HardFault_Handler
 .text.MemManage_Handler
                0x080016f0        0x8 ./Application/User/Core/stm32l4xx_it.o
                0x080016f0                MemManage_Handler
 .text.BusFault_Handler
                0x080016f8        0x8 ./Application/User/Core/stm32l4xx_it.o
                0x080016f8                BusFault_Handler
 .text.UsageFault_Handler
                0x08001700        0x8 ./Application/User/Core/stm32l4xx_it.o
                0x08001700                UsageFault_Handler
 .text.SVC_Handler
                0x08001708        0xe ./Application/User/Core/stm32l4xx_it.o
                0x08001708                SVC_Handler
 .text.DebugMon_Handler
                0x08001716        0xe ./Application/User/Core/stm32l4xx_it.o
                0x08001716                DebugMon_Handler
 .text.PendSV_Handler
                0x08001724        0xe ./Application/User/Core/stm32l4xx_it.o
                0x08001724                PendSV_Handler
 .text.SysTick_Handler
                0x08001732        0xc ./Application/User/Core/stm32l4xx_it.o
                0x08001732                SysTick_Handler
 *fill*         0x0800173e        0x2 
 .text.DMA1_Channel6_IRQHandler
                0x08001740       0x14 ./Application/User/Core/stm32l4xx_it.o
                0x08001740                DMA1_Channel6_IRQHandler
 .text.DMA1_Channel7_IRQHandler
                0x08001754       0x14 ./Application/User/Core/stm32l4xx_it.o
                0x08001754                DMA1_Channel7_IRQHandler
 .text.TIM3_IRQHandler
                0x08001768       0x14 ./Application/User/Core/stm32l4xx_it.o
                0x08001768                TIM3_IRQHandler
 .text.SPI2_IRQHandler
                0x0800177c       0x14 ./Application/User/Core/stm32l4xx_it.o
                0x0800177c                SPI2_IRQHandler
 .text.USART1_IRQHandler
                0x08001790       0x14 ./Application/User/Core/stm32l4xx_it.o
                0x08001790                USART1_IRQHandler
 .text.BSP_I2C1_Init
                0x080017a4       0x7c ./Application/User/Core/stm32l4xx_nucleo_bus.o
                0x080017a4                BSP_I2C1_Init
 .text.BSP_I2C1_DeInit
                0x08001820       0x50 ./Application/User/Core/stm32l4xx_nucleo_bus.o
                0x08001820                BSP_I2C1_DeInit
 .text.BSP_I2C1_WriteReg
                0x08001870       0x64 ./Application/User/Core/stm32l4xx_nucleo_bus.o
                0x08001870                BSP_I2C1_WriteReg
 .text.BSP_I2C1_ReadReg
                0x080018d4       0x64 ./Application/User/Core/stm32l4xx_nucleo_bus.o
                0x080018d4                BSP_I2C1_ReadReg
 .text.BSP_I2C1_Send
                0x08001938       0x54 ./Application/User/Core/stm32l4xx_nucleo_bus.o
                0x08001938                BSP_I2C1_Send
 .text.BSP_I2C1_Recv
                0x0800198c       0x54 ./Application/User/Core/stm32l4xx_nucleo_bus.o
                0x0800198c                BSP_I2C1_Recv
 .text.BSP_GetTick
                0x080019e0        0xe ./Application/User/Core/stm32l4xx_nucleo_bus.o
                0x080019e0                BSP_GetTick
 *fill*         0x080019ee        0x2 
 .text.MX_I2C1_Init
                0x080019f0       0x88 ./Application/User/Core/stm32l4xx_nucleo_bus.o
                0x080019f0                MX_I2C1_Init
 .text.I2C1_MspInit
                0x08001a78       0xdc ./Application/User/Core/stm32l4xx_nucleo_bus.o
 .text.I2C1_MspDeInit
                0x08001b54       0x38 ./Application/User/Core/stm32l4xx_nucleo_bus.o
 .text._read    0x08001b8c       0x3a ./Application/User/Core/syscalls.o
                0x08001b8c                _read
 .text._write   0x08001bc6       0x38 ./Application/User/Core/syscalls.o
                0x08001bc6                _write
 .text._close   0x08001bfe       0x18 ./Application/User/Core/syscalls.o
                0x08001bfe                _close
 .text._fstat   0x08001c16       0x20 ./Application/User/Core/syscalls.o
                0x08001c16                _fstat
 .text._isatty  0x08001c36       0x16 ./Application/User/Core/syscalls.o
                0x08001c36                _isatty
 .text._lseek   0x08001c4c       0x1a ./Application/User/Core/syscalls.o
                0x08001c4c                _lseek
 *fill*         0x08001c66        0x2 
 .text._sbrk    0x08001c68       0x6c ./Application/User/Core/sysmem.o
                0x08001c68                _sbrk
 .text.MX_MEMS_Init
                0x08001cd4        0xc ./Application/User/MEMS/App/app_mems.o
                0x08001cd4                MX_MEMS_Init
 .text.MX_MEMS_Process
                0x08001ce0        0xc ./Application/User/MEMS/App/app_mems.o
                0x08001ce0                MX_MEMS_Process
 .text.MX_IKS4A1_DataLogTerminal_Init
                0x08001cec      0x3f0 ./Application/User/MEMS/App/app_mems.o
 .text.BSP_PB_Callback
                0x080020dc       0x20 ./Application/User/MEMS/App/app_mems.o
                0x080020dc                BSP_PB_Callback
 .text.MX_IKS4A1_DataLogTerminal_Process
                0x080020fc      0x13c ./Application/User/MEMS/App/app_mems.o
 .text.floatToInt
                0x08002238      0x114 ./Application/User/MEMS/App/app_mems.o
 .text.Accelero_Sensor_Handler
                0x0800234c      0x180 ./Application/User/MEMS/App/app_mems.o
 .text.Gyro_Sensor_Handler
                0x080024cc      0x180 ./Application/User/MEMS/App/app_mems.o
 .text.Magneto_Sensor_Handler
                0x0800264c      0x180 ./Application/User/MEMS/App/app_mems.o
 .text.Temp_Sensor_Handler
                0x080027cc      0x150 ./Application/User/MEMS/App/app_mems.o
 .text.Press_Sensor_Handler
                0x0800291c      0x140 ./Application/User/MEMS/App/app_mems.o
 .text.Hum_Sensor_Handler
                0x08002a5c      0x140 ./Application/User/MEMS/App/app_mems.o
 .text.Reset_Handler
                0x08002b9c       0x50 ./Application/User/Startup/startup_stm32l476rgtx.o
                0x08002b9c                Reset_Handler
 .text.Default_Handler
                0x08002bec        0x2 ./Application/User/Startup/startup_stm32l476rgtx.o
                0x08002bec                RTC_Alarm_IRQHandler
                0x08002bec                EXTI2_IRQHandler
                0x08002bec                TIM8_TRG_COM_IRQHandler
                0x08002bec                TIM8_CC_IRQHandler
                0x08002bec                TIM1_CC_IRQHandler
                0x08002bec                TSC_IRQHandler
                0x08002bec                TAMP_STAMP_IRQHandler
                0x08002bec                EXTI3_IRQHandler
                0x08002bec                LPTIM2_IRQHandler
                0x08002bec                DFSDM1_FLT1_IRQHandler
                0x08002bec                I2C3_ER_IRQHandler
                0x08002bec                DFSDM1_FLT2_IRQHandler
                0x08002bec                EXTI0_IRQHandler
                0x08002bec                I2C2_EV_IRQHandler
                0x08002bec                CAN1_RX0_IRQHandler
                0x08002bec                FPU_IRQHandler
                0x08002bec                TIM1_UP_TIM16_IRQHandler
                0x08002bec                ADC1_2_IRQHandler
                0x08002bec                SPI1_IRQHandler
                0x08002bec                TIM6_DAC_IRQHandler
                0x08002bec                TIM8_UP_IRQHandler
                0x08002bec                DMA2_Channel2_IRQHandler
                0x08002bec                DMA1_Channel4_IRQHandler
                0x08002bec                SAI2_IRQHandler
                0x08002bec                DFSDM1_FLT3_IRQHandler
                0x08002bec                USART3_IRQHandler
                0x08002bec                CAN1_RX1_IRQHandler
                0x08002bec                LCD_IRQHandler
                0x08002bec                UART5_IRQHandler
                0x08002bec                ADC3_IRQHandler
                0x08002bec                TIM4_IRQHandler
                0x08002bec                DMA2_Channel1_IRQHandler
                0x08002bec                QUADSPI_IRQHandler
                0x08002bec                I2C1_EV_IRQHandler
                0x08002bec                UART4_IRQHandler
                0x08002bec                DMA2_Channel4_IRQHandler
                0x08002bec                RCC_IRQHandler
                0x08002bec                DMA1_Channel1_IRQHandler
                0x08002bec                Default_Handler
                0x08002bec                DMA2_Channel7_IRQHandler
                0x08002bec                EXTI15_10_IRQHandler
                0x08002bec                TIM7_IRQHandler
                0x08002bec                SDMMC1_IRQHandler
                0x08002bec                TIM5_IRQHandler
                0x08002bec                I2C3_EV_IRQHandler
                0x08002bec                EXTI9_5_IRQHandler
                0x08002bec                RTC_WKUP_IRQHandler
                0x08002bec                PVD_PVM_IRQHandler
                0x08002bec                CAN1_TX_IRQHandler
                0x08002bec                DMA2_Channel5_IRQHandler
                0x08002bec                DMA1_Channel5_IRQHandler
                0x08002bec                EXTI4_IRQHandler
                0x08002bec                RNG_IRQHandler
                0x08002bec                TIM1_TRG_COM_TIM17_IRQHandler
                0x08002bec                DMA1_Channel3_IRQHandler
                0x08002bec                COMP_IRQHandler
                0x08002bec                WWDG_IRQHandler
                0x08002bec                LPUART1_IRQHandler
                0x08002bec                DMA2_Channel6_IRQHandler
                0x08002bec                TIM2_IRQHandler
                0x08002bec                EXTI1_IRQHandler
                0x08002bec                USART2_IRQHandler
                0x08002bec                DFSDM1_FLT0_IRQHandler
                0x08002bec                I2C2_ER_IRQHandler
                0x08002bec                DMA1_Channel2_IRQHandler
                0x08002bec                TIM8_BRK_IRQHandler
                0x08002bec                CAN1_SCE_IRQHandler
                0x08002bec                FLASH_IRQHandler
                0x08002bec                OTG_FS_IRQHandler
                0x08002bec                SPI3_IRQHandler
                0x08002bec                I2C1_ER_IRQHandler
                0x08002bec                FMC_IRQHandler
                0x08002bec                SWPMI1_IRQHandler
                0x08002bec                LPTIM1_IRQHandler
                0x08002bec                SAI1_IRQHandler
                0x08002bec                DMA2_Channel3_IRQHandler
                0x08002bec                TIM1_BRK_TIM15_IRQHandler
 *fill*         0x08002bee        0x2 
 .text.LIS2DUXS12_RegisterBusIO
                0x08002bf0      0x13c ./Drivers/BSP/Components/lis2duxs12.o
                0x08002bf0                LIS2DUXS12_RegisterBusIO
 .text.LIS2DUXS12_Init
                0x08002d2c       0xf4 ./Drivers/BSP/Components/lis2duxs12.o
                0x08002d2c                LIS2DUXS12_Init
 .text.LIS2DUXS12_DeInit
                0x08002e20       0x3c ./Drivers/BSP/Components/lis2duxs12.o
                0x08002e20                LIS2DUXS12_DeInit
 .text.LIS2DUXS12_ExitDeepPowerDownI2C
                0x08002e5c       0x2a ./Drivers/BSP/Components/lis2duxs12.o
                0x08002e5c                LIS2DUXS12_ExitDeepPowerDownI2C
 .text.LIS2DUXS12_ExitDeepPowerDownSPI
                0x08002e86       0x24 ./Drivers/BSP/Components/lis2duxs12.o
                0x08002e86                LIS2DUXS12_ExitDeepPowerDownSPI
 .text.LIS2DUXS12_ReadID
                0x08002eaa       0x36 ./Drivers/BSP/Components/lis2duxs12.o
                0x08002eaa                LIS2DUXS12_ReadID
 .text.LIS2DUXS12_GetCapabilities
                0x08002ee0       0x5c ./Drivers/BSP/Components/lis2duxs12.o
                0x08002ee0                LIS2DUXS12_GetCapabilities
 .text.LIS2DUXS12_ACC_Enable
                0x08002f3c       0x4c ./Drivers/BSP/Components/lis2duxs12.o
                0x08002f3c                LIS2DUXS12_ACC_Enable
 .text.LIS2DUXS12_ACC_Disable
                0x08002f88       0xb4 ./Drivers/BSP/Components/lis2duxs12.o
                0x08002f88                LIS2DUXS12_ACC_Disable
 .text.LIS2DUXS12_ACC_GetSensitivity
                0x0800303c       0x94 ./Drivers/BSP/Components/lis2duxs12.o
                0x0800303c                LIS2DUXS12_ACC_GetSensitivity
 .text.LIS2DUXS12_ACC_GetOutputDataRate
                0x080030d0      0x198 ./Drivers/BSP/Components/lis2duxs12.o
                0x080030d0                LIS2DUXS12_ACC_GetOutputDataRate
 .text.LIS2DUXS12_ACC_SetOutputDataRate
                0x08003268       0x22 ./Drivers/BSP/Components/lis2duxs12.o
                0x08003268                LIS2DUXS12_ACC_SetOutputDataRate
 .text.LIS2DUXS12_ACC_SetOutputDataRate_With_Mode
                0x0800328a       0x44 ./Drivers/BSP/Components/lis2duxs12.o
                0x0800328a                LIS2DUXS12_ACC_SetOutputDataRate_With_Mode
 *fill*         0x080032ce        0x2 
 .text.LIS2DUXS12_ACC_GetFullScale
                0x080032d0       0x84 ./Drivers/BSP/Components/lis2duxs12.o
                0x080032d0                LIS2DUXS12_ACC_GetFullScale
 .text.LIS2DUXS12_ACC_SetFullScale
                0x08003354       0x6e ./Drivers/BSP/Components/lis2duxs12.o
                0x08003354                LIS2DUXS12_ACC_SetFullScale
 .text.LIS2DUXS12_ACC_GetAxesRaw
                0x080033c2       0x66 ./Drivers/BSP/Components/lis2duxs12.o
                0x080033c2                LIS2DUXS12_ACC_GetAxesRaw
 .text.LIS2DUXS12_ACC_GetAxes
                0x08003428       0x7e ./Drivers/BSP/Components/lis2duxs12.o
                0x08003428                LIS2DUXS12_ACC_GetAxes
 .text.LIS2DUXS12_Write_Reg
                0x080034a6       0x36 ./Drivers/BSP/Components/lis2duxs12.o
                0x080034a6                LIS2DUXS12_Write_Reg
 .text.LIS2DUXS12_Set_Mem_Bank
                0x080034dc       0x42 ./Drivers/BSP/Components/lis2duxs12.o
                0x080034dc                LIS2DUXS12_Set_Mem_Bank
 *fill*         0x0800351e        0x2 
 .text.LIS2DUXS12_ACC_SetOutputDataRate_When_Enabled
                0x08003520      0x2fc ./Drivers/BSP/Components/lis2duxs12.o
 .text.LIS2DUXS12_ACC_SetOutputDataRate_When_Disabled
                0x0800381c      0x144 ./Drivers/BSP/Components/lis2duxs12.o
 .text.ReadRegWrap
                0x08003960       0x36 ./Drivers/BSP/Components/lis2duxs12.o
 .text.WriteRegWrap
                0x08003996       0x36 ./Drivers/BSP/Components/lis2duxs12.o
 .text.lis2duxs12_read_reg
                0x080039cc       0x3a ./Drivers/BSP/Components/lis2duxs12_reg.o
                0x080039cc                lis2duxs12_read_reg
 .text.lis2duxs12_write_reg
                0x08003a06       0x3a ./Drivers/BSP/Components/lis2duxs12_reg.o
                0x08003a06                lis2duxs12_write_reg
 .text.lis2duxs12_from_fs2g_to_mg
                0x08003a40       0x30 ./Drivers/BSP/Components/lis2duxs12_reg.o
                0x08003a40                lis2duxs12_from_fs2g_to_mg
 .text.lis2duxs12_from_fs4g_to_mg
                0x08003a70       0x30 ./Drivers/BSP/Components/lis2duxs12_reg.o
                0x08003a70                lis2duxs12_from_fs4g_to_mg
 .text.lis2duxs12_from_fs8g_to_mg
                0x08003aa0       0x30 ./Drivers/BSP/Components/lis2duxs12_reg.o
                0x08003aa0                lis2duxs12_from_fs8g_to_mg
 .text.lis2duxs12_from_fs16g_to_mg
                0x08003ad0       0x30 ./Drivers/BSP/Components/lis2duxs12_reg.o
                0x08003ad0                lis2duxs12_from_fs16g_to_mg
 .text.lis2duxs12_device_id_get
                0x08003b00       0x22 ./Drivers/BSP/Components/lis2duxs12_reg.o
                0x08003b00                lis2duxs12_device_id_get
 *fill*         0x08003b22        0x2 
 .text.lis2duxs12_init_set
                0x08003b24      0x214 ./Drivers/BSP/Components/lis2duxs12_reg.o
                0x08003b24                lis2duxs12_init_set
 .text.lis2duxs12_status_get
                0x08003d38       0x86 ./Drivers/BSP/Components/lis2duxs12_reg.o
                0x08003d38                lis2duxs12_status_get
 *fill*         0x08003dbe        0x2 
 .text.lis2duxs12_mode_set
                0x08003dc0      0x178 ./Drivers/BSP/Components/lis2duxs12_reg.o
                0x08003dc0                lis2duxs12_mode_set
 .text.lis2duxs12_mode_get
                0x08003f38      0x220 ./Drivers/BSP/Components/lis2duxs12_reg.o
                0x08003f38                lis2duxs12_mode_get
 .text.lis2duxs12_exit_deep_power_down
                0x08004158       0x3e ./Drivers/BSP/Components/lis2duxs12_reg.o
                0x08004158                lis2duxs12_exit_deep_power_down
 *fill*         0x08004196        0x2 
 .text.lis2duxs12_xl_data_get
                0x08004198      0x158 ./Drivers/BSP/Components/lis2duxs12_reg.o
                0x08004198                lis2duxs12_xl_data_get
 .text.lis2duxs12_i3c_configure_set
                0x080042f0       0x70 ./Drivers/BSP/Components/lis2duxs12_reg.o
                0x080042f0                lis2duxs12_i3c_configure_set
 .text.lis2duxs12_i3c_configure_get
                0x08004360       0x7e ./Drivers/BSP/Components/lis2duxs12_reg.o
                0x08004360                lis2duxs12_i3c_configure_get
 .text.lis2duxs12_mem_bank_set
                0x080043de       0x4c ./Drivers/BSP/Components/lis2duxs12_reg.o
                0x080043de                lis2duxs12_mem_bank_set
 .text.lis2duxs12_fifo_mode_set
                0x0800442a      0x186 ./Drivers/BSP/Components/lis2duxs12_reg.o
                0x0800442a                lis2duxs12_fifo_mode_set
 .text.LIS2MDL_RegisterBusIO
                0x080045b0      0x100 ./Drivers/BSP/Components/lis2mdl.o
                0x080045b0                LIS2MDL_RegisterBusIO
 .text.LIS2MDL_Init
                0x080046b0      0x10c ./Drivers/BSP/Components/lis2mdl.o
                0x080046b0                LIS2MDL_Init
 .text.LIS2MDL_DeInit
                0x080047bc       0x2c ./Drivers/BSP/Components/lis2mdl.o
                0x080047bc                LIS2MDL_DeInit
 .text.LIS2MDL_ReadID
                0x080047e8       0x4c ./Drivers/BSP/Components/lis2mdl.o
                0x080047e8                LIS2MDL_ReadID
 .text.LIS2MDL_GetCapabilities
                0x08004834       0x5c ./Drivers/BSP/Components/lis2mdl.o
                0x08004834                LIS2MDL_GetCapabilities
 .text.LIS2MDL_MAG_Enable
                0x08004890       0x84 ./Drivers/BSP/Components/lis2mdl.o
                0x08004890                LIS2MDL_MAG_Enable
 .text.LIS2MDL_MAG_Disable
                0x08004914       0x86 ./Drivers/BSP/Components/lis2mdl.o
                0x08004914                LIS2MDL_MAG_Disable
 .text.LIS2MDL_MAG_GetSensitivity
                0x0800499a       0x20 ./Drivers/BSP/Components/lis2mdl.o
                0x0800499a                LIS2MDL_MAG_GetSensitivity
 *fill*         0x080049ba        0x2 
 .text.LIS2MDL_MAG_GetOutputDataRate
                0x080049bc       0x8c ./Drivers/BSP/Components/lis2mdl.o
                0x080049bc                LIS2MDL_MAG_GetOutputDataRate
 .text.LIS2MDL_MAG_SetOutputDataRate
                0x08004a48       0xc8 ./Drivers/BSP/Components/lis2mdl.o
                0x08004a48                LIS2MDL_MAG_SetOutputDataRate
 .text.LIS2MDL_MAG_GetFullScale
                0x08004b10       0x1e ./Drivers/BSP/Components/lis2mdl.o
                0x08004b10                LIS2MDL_MAG_GetFullScale
 .text.LIS2MDL_MAG_SetFullScale
                0x08004b2e       0x18 ./Drivers/BSP/Components/lis2mdl.o
                0x08004b2e                LIS2MDL_MAG_SetFullScale
 .text.LIS2MDL_MAG_GetAxesRaw
                0x08004b46       0x48 ./Drivers/BSP/Components/lis2mdl.o
                0x08004b46                LIS2MDL_MAG_GetAxesRaw
 .text.LIS2MDL_MAG_GetAxes
                0x08004b8e      0x114 ./Drivers/BSP/Components/lis2mdl.o
                0x08004b8e                LIS2MDL_MAG_GetAxes
 .text.LIS2MDL_Write_Reg
                0x08004ca2       0x56 ./Drivers/BSP/Components/lis2mdl.o
                0x08004ca2                LIS2MDL_Write_Reg
 .text.ReadMagRegWrap
                0x08004cf8       0x82 ./Drivers/BSP/Components/lis2mdl.o
 .text.WriteMagRegWrap
                0x08004d7a       0x82 ./Drivers/BSP/Components/lis2mdl.o
 .text.LSM6DSOX_SENSORHUB_LIS2MDL_ReadShData
                0x08004dfc      0x27e ./Drivers/BSP/Components/lis2mdl.o
 .text.LSM6DSOX_SENSORHUB_LIS2MDL_WriteShData
                0x0800507a      0x23c ./Drivers/BSP/Components/lis2mdl.o
 .text.lis2mdl_read_reg
                0x080052b6       0x3c ./Drivers/BSP/Components/lis2mdl_reg.o
                0x080052b6                lis2mdl_read_reg
 .text.lis2mdl_write_reg
                0x080052f2       0x3c ./Drivers/BSP/Components/lis2mdl_reg.o
                0x080052f2                lis2mdl_write_reg
 .text.lis2mdl_operating_mode_set
                0x0800532e       0x4c ./Drivers/BSP/Components/lis2mdl_reg.o
                0x0800532e                lis2mdl_operating_mode_set
 .text.lis2mdl_data_rate_set
                0x0800537a       0x4c ./Drivers/BSP/Components/lis2mdl_reg.o
                0x0800537a                lis2mdl_data_rate_set
 *fill*         0x080053c6        0x2 
 .text.lis2mdl_data_rate_get
                0x080053c8       0x70 ./Drivers/BSP/Components/lis2mdl_reg.o
                0x080053c8                lis2mdl_data_rate_get
 .text.lis2mdl_block_data_update_set
                0x08005438       0x4c ./Drivers/BSP/Components/lis2mdl_reg.o
                0x08005438                lis2mdl_block_data_update_set
 .text.lis2mdl_magnetic_raw_get
                0x08005484       0x90 ./Drivers/BSP/Components/lis2mdl_reg.o
                0x08005484                lis2mdl_magnetic_raw_get
 .text.lis2mdl_device_id_get
                0x08005514       0x22 ./Drivers/BSP/Components/lis2mdl_reg.o
                0x08005514                lis2mdl_device_id_get
 .text.lis2mdl_self_test_set
                0x08005536       0x4c ./Drivers/BSP/Components/lis2mdl_reg.o
                0x08005536                lis2mdl_self_test_set
 .text.lis2mdl_i2c_interface_set
                0x08005582       0x4c ./Drivers/BSP/Components/lis2mdl_reg.o
                0x08005582                lis2mdl_i2c_interface_set
 *fill*         0x080055ce        0x2 
 .text.LPS22DF_RegisterBusIO
                0x080055d0       0xd4 ./Drivers/BSP/Components/lps22df.o
                0x080055d0                LPS22DF_RegisterBusIO
 .text.LPS22DF_Init
                0x080056a4       0x36 ./Drivers/BSP/Components/lps22df.o
                0x080056a4                LPS22DF_Init
 .text.LPS22DF_DeInit
                0x080056da       0x48 ./Drivers/BSP/Components/lps22df.o
                0x080056da                LPS22DF_DeInit
 .text.LPS22DF_ReadID
                0x08005722       0x36 ./Drivers/BSP/Components/lps22df.o
                0x08005722                LPS22DF_ReadID
 .text.LPS22DF_GetCapabilities
                0x08005758       0x58 ./Drivers/BSP/Components/lps22df.o
                0x08005758                LPS22DF_GetCapabilities
 .text.LPS22DF_PRESS_Enable
                0x080057b0       0x46 ./Drivers/BSP/Components/lps22df.o
                0x080057b0                LPS22DF_PRESS_Enable
 .text.LPS22DF_PRESS_Disable
                0x080057f6       0x80 ./Drivers/BSP/Components/lps22df.o
                0x080057f6                LPS22DF_PRESS_Disable
 .text.LPS22DF_PRESS_GetOutputDataRate
                0x08005876       0x1c ./Drivers/BSP/Components/lps22df.o
                0x08005876                LPS22DF_PRESS_GetOutputDataRate
 .text.LPS22DF_PRESS_SetOutputDataRate
                0x08005892       0x38 ./Drivers/BSP/Components/lps22df.o
                0x08005892                LPS22DF_PRESS_SetOutputDataRate
 .text.LPS22DF_PRESS_GetPressure
                0x080058ca       0x42 ./Drivers/BSP/Components/lps22df.o
                0x080058ca                LPS22DF_PRESS_GetPressure
 .text.LPS22DF_TEMP_Enable
                0x0800590c       0x46 ./Drivers/BSP/Components/lps22df.o
                0x0800590c                LPS22DF_TEMP_Enable
 .text.LPS22DF_TEMP_Disable
                0x08005952       0x80 ./Drivers/BSP/Components/lps22df.o
                0x08005952                LPS22DF_TEMP_Disable
 .text.LPS22DF_TEMP_GetOutputDataRate
                0x080059d2       0x1c ./Drivers/BSP/Components/lps22df.o
                0x080059d2                LPS22DF_TEMP_GetOutputDataRate
 .text.LPS22DF_TEMP_SetOutputDataRate
                0x080059ee       0x38 ./Drivers/BSP/Components/lps22df.o
                0x080059ee                LPS22DF_TEMP_SetOutputDataRate
 .text.LPS22DF_TEMP_GetTemperature
                0x08005a26       0x44 ./Drivers/BSP/Components/lps22df.o
                0x08005a26                LPS22DF_TEMP_GetTemperature
 .text.LPS22DF_Write_Reg
                0x08005a6a       0x36 ./Drivers/BSP/Components/lps22df.o
                0x08005a6a                LPS22DF_Write_Reg
 .text.LPS22DF_GetOutputDataRate
                0x08005aa0       0xd4 ./Drivers/BSP/Components/lps22df.o
 .text.LPS22DF_SetOutputDataRate_When_Enabled
                0x08005b74      0x118 ./Drivers/BSP/Components/lps22df.o
 .text.LPS22DF_SetOutputDataRate_When_Disabled
                0x08005c8c       0xc8 ./Drivers/BSP/Components/lps22df.o
 .text.LPS22DF_Initialize
                0x08005d54       0xb8 ./Drivers/BSP/Components/lps22df.o
 .text.ReadRegWrap
                0x08005e0c       0x36 ./Drivers/BSP/Components/lps22df.o
 .text.WriteRegWrap
                0x08005e42       0x36 ./Drivers/BSP/Components/lps22df.o
 .text.lps22df_read_reg
                0x08005e78       0x3c ./Drivers/BSP/Components/lps22df_reg.o
                0x08005e78                lps22df_read_reg
 .text.lps22df_write_reg
                0x08005eb4       0x3c ./Drivers/BSP/Components/lps22df_reg.o
                0x08005eb4                lps22df_write_reg
 .text.bytecpy  0x08005ef0       0x2a ./Drivers/BSP/Components/lps22df_reg.o
 *fill*         0x08005f1a        0x2 
 .text.lps22df_from_lsb_to_hPa
                0x08005f1c       0x30 ./Drivers/BSP/Components/lps22df_reg.o
                0x08005f1c                lps22df_from_lsb_to_hPa
 .text.lps22df_from_lsb_to_celsius
                0x08005f4c       0x34 ./Drivers/BSP/Components/lps22df_reg.o
                0x08005f4c                lps22df_from_lsb_to_celsius
 .text.lps22df_id_get
                0x08005f80       0x2a ./Drivers/BSP/Components/lps22df_reg.o
                0x08005f80                lps22df_id_get
 .text.lps22df_bus_mode_set
                0x08005faa       0xc4 ./Drivers/BSP/Components/lps22df_reg.o
                0x08005faa                lps22df_bus_mode_set
 .text.lps22df_init_set
                0x0800606e      0x1c4 ./Drivers/BSP/Components/lps22df_reg.o
                0x0800606e                lps22df_init_set
 .text.lps22df_status_get
                0x08006232      0x10a ./Drivers/BSP/Components/lps22df_reg.o
                0x08006232                lps22df_status_get
 .text.lps22df_mode_set
                0x0800633c       0xbc ./Drivers/BSP/Components/lps22df_reg.o
                0x0800633c                lps22df_mode_set
 .text.lps22df_mode_get
                0x080063f8      0x198 ./Drivers/BSP/Components/lps22df_reg.o
                0x080063f8                lps22df_mode_get
 .text.lps22df_pressure_raw_get
                0x08006590       0x52 ./Drivers/BSP/Components/lps22df_reg.o
                0x08006590                lps22df_pressure_raw_get
 .text.lps22df_temperature_raw_get
                0x080065e2       0x44 ./Drivers/BSP/Components/lps22df_reg.o
                0x080065e2                lps22df_temperature_raw_get
 *fill*         0x08006626        0x2 
 .text.LSM6DSO16IS_RegisterBusIO
                0x08006628       0xcc ./Drivers/BSP/Components/lsm6dso16is.o
                0x08006628                LSM6DSO16IS_RegisterBusIO
 .text.LSM6DSO16IS_Init
                0x080066f4       0xd8 ./Drivers/BSP/Components/lsm6dso16is.o
                0x080066f4                LSM6DSO16IS_Init
 .text.LSM6DSO16IS_DeInit
                0x080067cc       0x58 ./Drivers/BSP/Components/lsm6dso16is.o
                0x080067cc                LSM6DSO16IS_DeInit
 .text.LSM6DSO16IS_ReadID
                0x08006824       0x30 ./Drivers/BSP/Components/lsm6dso16is.o
                0x08006824                LSM6DSO16IS_ReadID
 .text.LSM6DSO16IS_GetCapabilities
                0x08006854       0x5c ./Drivers/BSP/Components/lsm6dso16is.o
                0x08006854                LSM6DSO16IS_GetCapabilities
 .text.LSM6DSO16IS_ACC_Enable
                0x080068b0       0x4e ./Drivers/BSP/Components/lsm6dso16is.o
                0x080068b0                LSM6DSO16IS_ACC_Enable
 .text.LSM6DSO16IS_ACC_Disable
                0x080068fe       0x64 ./Drivers/BSP/Components/lsm6dso16is.o
                0x080068fe                LSM6DSO16IS_ACC_Disable
 *fill*         0x08006962        0x2 
 .text.LSM6DSO16IS_ACC_GetSensitivity
                0x08006964       0x8c ./Drivers/BSP/Components/lsm6dso16is.o
                0x08006964                LSM6DSO16IS_ACC_GetSensitivity
 .text.LSM6DSO16IS_ACC_GetOutputDataRate
                0x080069f0      0x148 ./Drivers/BSP/Components/lsm6dso16is.o
                0x080069f0                LSM6DSO16IS_ACC_GetOutputDataRate
 .text.LSM6DSO16IS_ACC_SetOutputDataRate
                0x08006b38       0x3a ./Drivers/BSP/Components/lsm6dso16is.o
                0x08006b38                LSM6DSO16IS_ACC_SetOutputDataRate
 *fill*         0x08006b72        0x2 
 .text.LSM6DSO16IS_ACC_GetFullScale
                0x08006b74       0x7c ./Drivers/BSP/Components/lsm6dso16is.o
                0x08006b74                LSM6DSO16IS_ACC_GetFullScale
 .text.LSM6DSO16IS_ACC_SetFullScale
                0x08006bf0       0x54 ./Drivers/BSP/Components/lsm6dso16is.o
                0x08006bf0                LSM6DSO16IS_ACC_SetFullScale
 .text.LSM6DSO16IS_ACC_GetAxesRaw
                0x08006c44       0x4c ./Drivers/BSP/Components/lsm6dso16is.o
                0x08006c44                LSM6DSO16IS_ACC_GetAxesRaw
 .text.LSM6DSO16IS_ACC_GetAxes
                0x08006c90       0xb2 ./Drivers/BSP/Components/lsm6dso16is.o
                0x08006c90                LSM6DSO16IS_ACC_GetAxes
 .text.LSM6DSO16IS_GYRO_Enable
                0x08006d42       0x4e ./Drivers/BSP/Components/lsm6dso16is.o
                0x08006d42                LSM6DSO16IS_GYRO_Enable
 .text.LSM6DSO16IS_GYRO_Disable
                0x08006d90       0x64 ./Drivers/BSP/Components/lsm6dso16is.o
                0x08006d90                LSM6DSO16IS_GYRO_Disable
 .text.LSM6DSO16IS_GYRO_GetSensitivity
                0x08006df4       0xcc ./Drivers/BSP/Components/lsm6dso16is.o
                0x08006df4                LSM6DSO16IS_GYRO_GetSensitivity
 .text.LSM6DSO16IS_GYRO_GetOutputDataRate
                0x08006ec0      0x138 ./Drivers/BSP/Components/lsm6dso16is.o
                0x08006ec0                LSM6DSO16IS_GYRO_GetOutputDataRate
 .text.LSM6DSO16IS_GYRO_SetOutputDataRate
                0x08006ff8       0x3a ./Drivers/BSP/Components/lsm6dso16is.o
                0x08006ff8                LSM6DSO16IS_GYRO_SetOutputDataRate
 *fill*         0x08007032        0x2 
 .text.LSM6DSO16IS_GYRO_GetFullScale
                0x08007034       0xbc ./Drivers/BSP/Components/lsm6dso16is.o
                0x08007034                LSM6DSO16IS_GYRO_GetFullScale
 .text.LSM6DSO16IS_GYRO_SetFullScale
                0x080070f0       0x62 ./Drivers/BSP/Components/lsm6dso16is.o
                0x080070f0                LSM6DSO16IS_GYRO_SetFullScale
 .text.LSM6DSO16IS_GYRO_GetAxesRaw
                0x08007152       0x4c ./Drivers/BSP/Components/lsm6dso16is.o
                0x08007152                LSM6DSO16IS_GYRO_GetAxesRaw
 .text.LSM6DSO16IS_GYRO_GetAxes
                0x0800719e       0xb2 ./Drivers/BSP/Components/lsm6dso16is.o
                0x0800719e                LSM6DSO16IS_GYRO_GetAxes
 .text.LSM6DSO16IS_Write_Reg
                0x08007250       0x3a ./Drivers/BSP/Components/lsm6dso16is.o
                0x08007250                LSM6DSO16IS_Write_Reg
 .text.LSM6DSO16IS_Set_Mem_Bank
                0x0800728a       0x4c ./Drivers/BSP/Components/lsm6dso16is.o
                0x0800728a                LSM6DSO16IS_Set_Mem_Bank
 *fill*         0x080072d6        0x2 
 .text.LSM6DSO16IS_ACC_SetOutputDataRate_When_Enabled
                0x080072d8      0x11c ./Drivers/BSP/Components/lsm6dso16is.o
 .text.LSM6DSO16IS_ACC_SetOutputDataRate_When_Disabled
                0x080073f4      0x104 ./Drivers/BSP/Components/lsm6dso16is.o
 .text.LSM6DSO16IS_GYRO_SetOutputDataRate_When_Enabled
                0x080074f8      0x11c ./Drivers/BSP/Components/lsm6dso16is.o
 .text.LSM6DSO16IS_GYRO_SetOutputDataRate_When_Disabled
                0x08007614      0x104 ./Drivers/BSP/Components/lsm6dso16is.o
 .text.ReadRegWrap
                0x08007718       0x36 ./Drivers/BSP/Components/lsm6dso16is.o
 .text.WriteRegWrap
                0x0800774e       0x36 ./Drivers/BSP/Components/lsm6dso16is.o
 .text.lsm6dso16is_read_reg
                0x08007784       0x3c ./Drivers/BSP/Components/lsm6dso16is_reg.o
                0x08007784                lsm6dso16is_read_reg
 .text.lsm6dso16is_write_reg
                0x080077c0       0x3c ./Drivers/BSP/Components/lsm6dso16is_reg.o
                0x080077c0                lsm6dso16is_write_reg
 .text.lsm6dso16is_mem_bank_set
                0x080077fc       0x52 ./Drivers/BSP/Components/lsm6dso16is_reg.o
                0x080077fc                lsm6dso16is_mem_bank_set
 .text.lsm6dso16is_device_id_get
                0x0800784e       0x22 ./Drivers/BSP/Components/lsm6dso16is_reg.o
                0x0800784e                lsm6dso16is_device_id_get
 .text.lsm6dso16is_xl_hm_mode_set
                0x08007870       0x4c ./Drivers/BSP/Components/lsm6dso16is_reg.o
                0x08007870                lsm6dso16is_xl_hm_mode_set
 .text.lsm6dso16is_xl_full_scale_set
                0x080078bc       0x4c ./Drivers/BSP/Components/lsm6dso16is_reg.o
                0x080078bc                lsm6dso16is_xl_full_scale_set
 .text.lsm6dso16is_xl_full_scale_get
                0x08007908       0x70 ./Drivers/BSP/Components/lsm6dso16is_reg.o
                0x08007908                lsm6dso16is_xl_full_scale_get
 .text.lsm6dso16is_xl_data_rate_set
                0x08007978       0x7e ./Drivers/BSP/Components/lsm6dso16is_reg.o
                0x08007978                lsm6dso16is_xl_data_rate_set
 *fill*         0x080079f6        0x2 
 .text.lsm6dso16is_xl_data_rate_get
                0x080079f8      0x184 ./Drivers/BSP/Components/lsm6dso16is_reg.o
                0x080079f8                lsm6dso16is_xl_data_rate_get
 .text.lsm6dso16is_gy_hm_mode_set
                0x08007b7c       0x4c ./Drivers/BSP/Components/lsm6dso16is_reg.o
                0x08007b7c                lsm6dso16is_gy_hm_mode_set
 .text.lsm6dso16is_gy_full_scale_set
                0x08007bc8       0x60 ./Drivers/BSP/Components/lsm6dso16is_reg.o
                0x08007bc8                lsm6dso16is_gy_full_scale_set
 .text.lsm6dso16is_gy_full_scale_get
                0x08007c28       0xb8 ./Drivers/BSP/Components/lsm6dso16is_reg.o
                0x08007c28                lsm6dso16is_gy_full_scale_get
 .text.lsm6dso16is_gy_data_rate_set
                0x08007ce0       0x7e ./Drivers/BSP/Components/lsm6dso16is_reg.o
                0x08007ce0                lsm6dso16is_gy_data_rate_set
 *fill*         0x08007d5e        0x2 
 .text.lsm6dso16is_gy_data_rate_get
                0x08007d60      0x178 ./Drivers/BSP/Components/lsm6dso16is_reg.o
                0x08007d60                lsm6dso16is_gy_data_rate_get
 .text.lsm6dso16is_auto_increment_set
                0x08007ed8       0x4c ./Drivers/BSP/Components/lsm6dso16is_reg.o
                0x08007ed8                lsm6dso16is_auto_increment_set
 .text.lsm6dso16is_block_data_update_set
                0x08007f24       0x4c ./Drivers/BSP/Components/lsm6dso16is_reg.o
                0x08007f24                lsm6dso16is_block_data_update_set
 .text.lsm6dso16is_angular_rate_raw_get
                0x08007f70       0x90 ./Drivers/BSP/Components/lsm6dso16is_reg.o
                0x08007f70                lsm6dso16is_angular_rate_raw_get
 .text.lsm6dso16is_acceleration_raw_get
                0x08008000       0x90 ./Drivers/BSP/Components/lsm6dso16is_reg.o
                0x08008000                lsm6dso16is_acceleration_raw_get
 .text.LSM6DSV16X_RegisterBusIO
                0x08008090       0xec ./Drivers/BSP/Components/lsm6dsv16x.o
                0x08008090                LSM6DSV16X_RegisterBusIO
 .text.LSM6DSV16X_Init
                0x0800817c      0x106 ./Drivers/BSP/Components/lsm6dsv16x.o
                0x0800817c                LSM6DSV16X_Init
 .text.LSM6DSV16X_DeInit
                0x08008282       0x6e ./Drivers/BSP/Components/lsm6dsv16x.o
                0x08008282                LSM6DSV16X_DeInit
 .text.LSM6DSV16X_ReadID
                0x080082f0       0x2c ./Drivers/BSP/Components/lsm6dsv16x.o
                0x080082f0                LSM6DSV16X_ReadID
 .text.LSM6DSV16X_GetCapabilities
                0x0800831c       0x5c ./Drivers/BSP/Components/lsm6dsv16x.o
                0x0800831c                LSM6DSV16X_GetCapabilities
 .text.LSM6DSV16X_ACC_Enable
                0x08008378       0x48 ./Drivers/BSP/Components/lsm6dsv16x.o
                0x08008378                LSM6DSV16X_ACC_Enable
 .text.LSM6DSV16X_ACC_Disable
                0x080083c0       0x5e ./Drivers/BSP/Components/lsm6dsv16x.o
                0x080083c0                LSM6DSV16X_ACC_Disable
 *fill*         0x0800841e        0x2 
 .text.LSM6DSV16X_ACC_GetSensitivity
                0x08008420       0x8c ./Drivers/BSP/Components/lsm6dsv16x.o
                0x08008420                LSM6DSV16X_ACC_GetSensitivity
 .text.LSM6DSV16X_ACC_GetOutputDataRate
                0x080084ac      0x288 ./Drivers/BSP/Components/lsm6dsv16x.o
                0x080084ac                LSM6DSV16X_ACC_GetOutputDataRate
 .text.LSM6DSV16X_ACC_SetOutputDataRate
                0x08008734       0x38 ./Drivers/BSP/Components/lsm6dsv16x.o
                0x08008734                LSM6DSV16X_ACC_SetOutputDataRate
 .text.LSM6DSV16X_ACC_GetFullScale
                0x0800876c       0x7c ./Drivers/BSP/Components/lsm6dsv16x.o
                0x0800876c                LSM6DSV16X_ACC_GetFullScale
 .text.LSM6DSV16X_ACC_SetFullScale
                0x080087e8       0x50 ./Drivers/BSP/Components/lsm6dsv16x.o
                0x080087e8                LSM6DSV16X_ACC_SetFullScale
 .text.LSM6DSV16X_ACC_GetAxesRaw
                0x08008838       0x48 ./Drivers/BSP/Components/lsm6dsv16x.o
                0x08008838                LSM6DSV16X_ACC_GetAxesRaw
 .text.LSM6DSV16X_ACC_GetAxes
                0x08008880       0xae ./Drivers/BSP/Components/lsm6dsv16x.o
                0x08008880                LSM6DSV16X_ACC_GetAxes
 .text.LSM6DSV16X_GYRO_Enable
                0x0800892e       0x48 ./Drivers/BSP/Components/lsm6dsv16x.o
                0x0800892e                LSM6DSV16X_GYRO_Enable
 .text.LSM6DSV16X_GYRO_Disable
                0x08008976       0x5e ./Drivers/BSP/Components/lsm6dsv16x.o
                0x08008976                LSM6DSV16X_GYRO_Disable
 .text.LSM6DSV16X_GYRO_GetSensitivity
                0x080089d4       0xc8 ./Drivers/BSP/Components/lsm6dsv16x.o
                0x080089d4                LSM6DSV16X_GYRO_GetSensitivity
 .text.LSM6DSV16X_GYRO_GetOutputDataRate
                0x08008a9c      0x288 ./Drivers/BSP/Components/lsm6dsv16x.o
                0x08008a9c                LSM6DSV16X_GYRO_GetOutputDataRate
 .text.LSM6DSV16X_GYRO_SetOutputDataRate
                0x08008d24       0x38 ./Drivers/BSP/Components/lsm6dsv16x.o
                0x08008d24                LSM6DSV16X_GYRO_SetOutputDataRate
 .text.LSM6DSV16X_GYRO_GetFullScale
                0x08008d5c       0xb8 ./Drivers/BSP/Components/lsm6dsv16x.o
                0x08008d5c                LSM6DSV16X_GYRO_GetFullScale
 .text.LSM6DSV16X_GYRO_SetFullScale
                0x08008e14       0x6a ./Drivers/BSP/Components/lsm6dsv16x.o
                0x08008e14                LSM6DSV16X_GYRO_SetFullScale
 .text.LSM6DSV16X_GYRO_GetAxesRaw
                0x08008e7e       0x48 ./Drivers/BSP/Components/lsm6dsv16x.o
                0x08008e7e                LSM6DSV16X_GYRO_GetAxesRaw
 .text.LSM6DSV16X_GYRO_GetAxes
                0x08008ec6       0xae ./Drivers/BSP/Components/lsm6dsv16x.o
                0x08008ec6                LSM6DSV16X_GYRO_GetAxes
 .text.LSM6DSV16X_Write_Reg
                0x08008f74       0x36 ./Drivers/BSP/Components/lsm6dsv16x.o
                0x08008f74                LSM6DSV16X_Write_Reg
 .text.LSM6DSV16X_Set_Mem_Bank
                0x08008faa       0x4c ./Drivers/BSP/Components/lsm6dsv16x.o
                0x08008faa                LSM6DSV16X_Set_Mem_Bank
 *fill*         0x08008ff6        0x2 
 .text.LSM6DSV16X_ACC_SetOutputDataRate_When_Enabled
                0x08008ff8      0x144 ./Drivers/BSP/Components/lsm6dsv16x.o
 .text.LSM6DSV16X_ACC_SetOutputDataRate_When_Disabled
                0x0800913c      0x130 ./Drivers/BSP/Components/lsm6dsv16x.o
 .text.LSM6DSV16X_GYRO_SetOutputDataRate_When_Enabled
                0x0800926c      0x12c ./Drivers/BSP/Components/lsm6dsv16x.o
 .text.LSM6DSV16X_GYRO_SetOutputDataRate_When_Disabled
                0x08009398      0x11c ./Drivers/BSP/Components/lsm6dsv16x.o
 .text.ReadRegWrap
                0x080094b4       0x36 ./Drivers/BSP/Components/lsm6dsv16x.o
 .text.WriteRegWrap
                0x080094ea       0x36 ./Drivers/BSP/Components/lsm6dsv16x.o
 .text.lsm6dsv16x_read_reg
                0x08009520       0x3c ./Drivers/BSP/Components/lsm6dsv16x_reg.o
                0x08009520                lsm6dsv16x_read_reg
 .text.lsm6dsv16x_write_reg
                0x0800955c       0x3c ./Drivers/BSP/Components/lsm6dsv16x_reg.o
                0x0800955c                lsm6dsv16x_write_reg
 .text.lsm6dsv16x_mem_bank_set
                0x08009598       0x62 ./Drivers/BSP/Components/lsm6dsv16x_reg.o
                0x08009598                lsm6dsv16x_mem_bank_set
 .text.lsm6dsv16x_device_id_get
                0x080095fa       0x22 ./Drivers/BSP/Components/lsm6dsv16x_reg.o
                0x080095fa                lsm6dsv16x_device_id_get
 .text.lsm6dsv16x_xl_data_rate_set
                0x0800961c       0xa2 ./Drivers/BSP/Components/lsm6dsv16x_reg.o
                0x0800961c                lsm6dsv16x_xl_data_rate_set
 *fill*         0x080096be        0x2 
 .text.lsm6dsv16x_xl_data_rate_get
                0x080096c0      0x220 ./Drivers/BSP/Components/lsm6dsv16x_reg.o
                0x080096c0                lsm6dsv16x_xl_data_rate_get
 .text.lsm6dsv16x_gy_data_rate_set
                0x080098e0       0x9e ./Drivers/BSP/Components/lsm6dsv16x_reg.o
                0x080098e0                lsm6dsv16x_gy_data_rate_set
 *fill*         0x0800997e        0x2 
 .text.lsm6dsv16x_gy_data_rate_get
                0x08009980      0x220 ./Drivers/BSP/Components/lsm6dsv16x_reg.o
                0x08009980                lsm6dsv16x_gy_data_rate_get
 .text.lsm6dsv16x_auto_increment_set
                0x08009ba0       0x4c ./Drivers/BSP/Components/lsm6dsv16x_reg.o
                0x08009ba0                lsm6dsv16x_auto_increment_set
 .text.lsm6dsv16x_block_data_update_set
                0x08009bec       0x4c ./Drivers/BSP/Components/lsm6dsv16x_reg.o
                0x08009bec                lsm6dsv16x_block_data_update_set
 .text.lsm6dsv16x_gy_full_scale_set
                0x08009c38       0x4c ./Drivers/BSP/Components/lsm6dsv16x_reg.o
                0x08009c38                lsm6dsv16x_gy_full_scale_set
 .text.lsm6dsv16x_gy_full_scale_get
                0x08009c84       0xb0 ./Drivers/BSP/Components/lsm6dsv16x_reg.o
                0x08009c84                lsm6dsv16x_gy_full_scale_get
 .text.lsm6dsv16x_xl_full_scale_set
                0x08009d34       0x4c ./Drivers/BSP/Components/lsm6dsv16x_reg.o
                0x08009d34                lsm6dsv16x_xl_full_scale_set
 .text.lsm6dsv16x_xl_full_scale_get
                0x08009d80       0x7c ./Drivers/BSP/Components/lsm6dsv16x_reg.o
                0x08009d80                lsm6dsv16x_xl_full_scale_get
 .text.lsm6dsv16x_angular_rate_raw_get
                0x08009dfc       0x9a ./Drivers/BSP/Components/lsm6dsv16x_reg.o
                0x08009dfc                lsm6dsv16x_angular_rate_raw_get
 .text.lsm6dsv16x_acceleration_raw_get
                0x08009e96       0x9a ./Drivers/BSP/Components/lsm6dsv16x_reg.o
                0x08009e96                lsm6dsv16x_acceleration_raw_get
 .text.lsm6dsv16x_fifo_mode_set
                0x08009f30       0x4c ./Drivers/BSP/Components/lsm6dsv16x_reg.o
                0x08009f30                lsm6dsv16x_fifo_mode_set
 .text.lsm6dsv16x_ah_qvar_mode_set
                0x08009f7c       0x4a ./Drivers/BSP/Components/lsm6dsv16x_reg.o
                0x08009f7c                lsm6dsv16x_ah_qvar_mode_set
 *fill*         0x08009fc6        0x2 
 .text.SHT40AD1B_RegisterBusIO
                0x08009fc8       0x94 ./Drivers/BSP/Components/sht40ad1b.o
                0x08009fc8                SHT40AD1B_RegisterBusIO
 .text.SHT40AD1B_Init
                0x0800a05c       0x2e ./Drivers/BSP/Components/sht40ad1b.o
                0x0800a05c                SHT40AD1B_Init
 .text.SHT40AD1B_DeInit
                0x0800a08a       0x1e ./Drivers/BSP/Components/sht40ad1b.o
                0x0800a08a                SHT40AD1B_DeInit
 .text.SHT40AD1B_ReadID
                0x0800a0a8       0x20 ./Drivers/BSP/Components/sht40ad1b.o
                0x0800a0a8                SHT40AD1B_ReadID
 .text.SHT40AD1B_GetCapabilities
                0x0800a0c8       0x56 ./Drivers/BSP/Components/sht40ad1b.o
                0x0800a0c8                SHT40AD1B_GetCapabilities
 .text.SHT40AD1B_HUM_Enable
                0x0800a11e       0x2c ./Drivers/BSP/Components/sht40ad1b.o
                0x0800a11e                SHT40AD1B_HUM_Enable
 .text.SHT40AD1B_HUM_Disable
                0x0800a14a       0x2c ./Drivers/BSP/Components/sht40ad1b.o
                0x0800a14a                SHT40AD1B_HUM_Disable
 .text.SHT40AD1B_HUM_GetOutputDataRate
                0x0800a176       0x20 ./Drivers/BSP/Components/sht40ad1b.o
                0x0800a176                SHT40AD1B_HUM_GetOutputDataRate
 .text.SHT40AD1B_HUM_SetOutputDataRate
                0x0800a196       0x1a ./Drivers/BSP/Components/sht40ad1b.o
                0x0800a196                SHT40AD1B_HUM_SetOutputDataRate
 .text.SHT40AD1B_HUM_GetHumidity
                0x0800a1b0       0x2e ./Drivers/BSP/Components/sht40ad1b.o
                0x0800a1b0                SHT40AD1B_HUM_GetHumidity
 .text.SHT40AD1B_TEMP_Enable
                0x0800a1de       0x2c ./Drivers/BSP/Components/sht40ad1b.o
                0x0800a1de                SHT40AD1B_TEMP_Enable
 .text.SHT40AD1B_TEMP_Disable
                0x0800a20a       0x2c ./Drivers/BSP/Components/sht40ad1b.o
                0x0800a20a                SHT40AD1B_TEMP_Disable
 .text.SHT40AD1B_TEMP_GetOutputDataRate
                0x0800a236       0x20 ./Drivers/BSP/Components/sht40ad1b.o
                0x0800a236                SHT40AD1B_TEMP_GetOutputDataRate
 .text.SHT40AD1B_TEMP_SetOutputDataRate
                0x0800a256       0x1a ./Drivers/BSP/Components/sht40ad1b.o
                0x0800a256                SHT40AD1B_TEMP_SetOutputDataRate
 .text.SHT40AD1B_TEMP_GetTemperature
                0x0800a270       0x2e ./Drivers/BSP/Components/sht40ad1b.o
                0x0800a270                SHT40AD1B_TEMP_GetTemperature
 .text.GetData  0x0800a29e       0x3a ./Drivers/BSP/Components/sht40ad1b.o
 .text.ReadRegWrap
                0x0800a2d8       0x40 ./Drivers/BSP/Components/sht40ad1b.o
 .text.WriteRegWrap
                0x0800a318       0x40 ./Drivers/BSP/Components/sht40ad1b.o
 .text.sht40ad1b_read_reg
                0x0800a358       0x30 ./Drivers/BSP/Components/sht40ad1b_reg.o
                0x0800a358                sht40ad1b_read_reg
 .text.sht40ad1b_write_reg
                0x0800a388       0x30 ./Drivers/BSP/Components/sht40ad1b_reg.o
                0x0800a388                sht40ad1b_write_reg
 .text.sht40ad1b_data_get
                0x0800a3b8      0x14c ./Drivers/BSP/Components/sht40ad1b_reg.o
                0x0800a3b8                sht40ad1b_data_get
 .text.sht40ad1b_device_id_get
                0x0800a504       0x1e ./Drivers/BSP/Components/sht40ad1b_reg.o
                0x0800a504                sht40ad1b_device_id_get
 .text.crc_calculate
                0x0800a522       0x7a ./Drivers/BSP/Components/sht40ad1b_reg.o
 .text.crc_check
                0x0800a59c       0x32 ./Drivers/BSP/Components/sht40ad1b_reg.o
 *fill*         0x0800a5ce        0x2 
 .text.STTS22H_RegisterBusIO
                0x0800a5d0       0x94 ./Drivers/BSP/Components/stts22h.o
                0x0800a5d0                STTS22H_RegisterBusIO
 .text.STTS22H_Init
                0x0800a664       0x74 ./Drivers/BSP/Components/stts22h.o
                0x0800a664                STTS22H_Init
 .text.STTS22H_DeInit
                0x0800a6d8       0x36 ./Drivers/BSP/Components/stts22h.o
                0x0800a6d8                STTS22H_DeInit
 .text.STTS22H_ReadID
                0x0800a70e       0x36 ./Drivers/BSP/Components/stts22h.o
                0x0800a70e                STTS22H_ReadID
 .text.STTS22H_GetCapabilities
                0x0800a744       0x58 ./Drivers/BSP/Components/stts22h.o
                0x0800a744                STTS22H_GetCapabilities
 .text.STTS22H_TEMP_Enable
                0x0800a79c       0x44 ./Drivers/BSP/Components/stts22h.o
                0x0800a79c                STTS22H_TEMP_Enable
 .text.STTS22H_TEMP_Disable
                0x0800a7e0       0x58 ./Drivers/BSP/Components/stts22h.o
                0x0800a7e0                STTS22H_TEMP_Disable
 .text.STTS22H_TEMP_GetOutputDataRate
                0x0800a838      0x15c ./Drivers/BSP/Components/stts22h.o
                0x0800a838                STTS22H_TEMP_GetOutputDataRate
 .text.STTS22H_TEMP_SetOutputDataRate
                0x0800a994       0x94 ./Drivers/BSP/Components/stts22h.o
                0x0800a994                STTS22H_TEMP_SetOutputDataRate
 .text.STTS22H_TEMP_GetTemperature
                0x0800aa28       0x44 ./Drivers/BSP/Components/stts22h.o
                0x0800aa28                STTS22H_TEMP_GetTemperature
 .text.ReadRegWrap
                0x0800aa6c       0x6e ./Drivers/BSP/Components/stts22h.o
 .text.WriteRegWrap
                0x0800aada       0x6e ./Drivers/BSP/Components/stts22h.o
 .text.stts22h_read_reg
                0x0800ab48       0x3c ./Drivers/BSP/Components/stts22h_reg.o
                0x0800ab48                stts22h_read_reg
 .text.stts22h_write_reg
                0x0800ab84       0x3c ./Drivers/BSP/Components/stts22h_reg.o
                0x0800ab84                stts22h_write_reg
 .text.stts22h_from_lsb_to_celsius
                0x0800abc0       0x34 ./Drivers/BSP/Components/stts22h_reg.o
                0x0800abc0                stts22h_from_lsb_to_celsius
 .text.stts22h_temp_data_rate_set
                0x0800abf4       0x82 ./Drivers/BSP/Components/stts22h_reg.o
                0x0800abf4                stts22h_temp_data_rate_set
 *fill*         0x0800ac76        0x2 
 .text.stts22h_temp_data_rate_get
                0x0800ac78      0x16c ./Drivers/BSP/Components/stts22h_reg.o
                0x0800ac78                stts22h_temp_data_rate_get
 .text.stts22h_block_data_update_set
                0x0800ade4       0x4c ./Drivers/BSP/Components/stts22h_reg.o
                0x0800ade4                stts22h_block_data_update_set
 .text.stts22h_temperature_raw_get
                0x0800ae30       0x44 ./Drivers/BSP/Components/stts22h_reg.o
                0x0800ae30                stts22h_temperature_raw_get
 .text.stts22h_dev_id_get
                0x0800ae74       0x22 ./Drivers/BSP/Components/stts22h_reg.o
                0x0800ae74                stts22h_dev_id_get
 .text.stts22h_auto_increment_set
                0x0800ae96       0x4c ./Drivers/BSP/Components/stts22h_reg.o
                0x0800ae96                stts22h_auto_increment_set
 *fill*         0x0800aee2        0x2 
 .text.IKS4A1_ENV_SENSOR_Init
                0x0800aee4      0x21c ./Drivers/BSP/IKS4A1/iks4a1_env_sensors.o
                0x0800aee4                IKS4A1_ENV_SENSOR_Init
 .text.IKS4A1_ENV_SENSOR_GetCapabilities
                0x0800b100       0x54 ./Drivers/BSP/IKS4A1/iks4a1_env_sensors.o
                0x0800b100                IKS4A1_ENV_SENSOR_GetCapabilities
 .text.IKS4A1_ENV_SENSOR_ReadID
                0x0800b154       0x54 ./Drivers/BSP/IKS4A1/iks4a1_env_sensors.o
                0x0800b154                IKS4A1_ENV_SENSOR_ReadID
 .text.IKS4A1_ENV_SENSOR_GetOutputDataRate
                0x0800b1a8       0x84 ./Drivers/BSP/IKS4A1/iks4a1_env_sensors.o
                0x0800b1a8                IKS4A1_ENV_SENSOR_GetOutputDataRate
 .text.IKS4A1_ENV_SENSOR_GetValue
                0x0800b22c       0x84 ./Drivers/BSP/IKS4A1/iks4a1_env_sensors.o
                0x0800b22c                IKS4A1_ENV_SENSOR_GetValue
 .text.STTS22H_0_Probe
                0x0800b2b0      0x16c ./Drivers/BSP/IKS4A1/iks4a1_env_sensors.o
 .text.LPS22DF_0_Probe
                0x0800b41c      0x1a0 ./Drivers/BSP/IKS4A1/iks4a1_env_sensors.o
 .text.SHT40AD1B_0_Probe
                0x0800b5bc      0x1a0 ./Drivers/BSP/IKS4A1/iks4a1_env_sensors.o
 .text.IKS4A1_MOTION_SENSOR_Init
                0x0800b75c      0x264 ./Drivers/BSP/IKS4A1/iks4a1_motion_sensors.o
                0x0800b75c                IKS4A1_MOTION_SENSOR_Init
 .text.IKS4A1_MOTION_SENSOR_GetCapabilities
                0x0800b9c0       0x54 ./Drivers/BSP/IKS4A1/iks4a1_motion_sensors.o
                0x0800b9c0                IKS4A1_MOTION_SENSOR_GetCapabilities
 .text.IKS4A1_MOTION_SENSOR_ReadID
                0x0800ba14       0x54 ./Drivers/BSP/IKS4A1/iks4a1_motion_sensors.o
                0x0800ba14                IKS4A1_MOTION_SENSOR_ReadID
 .text.IKS4A1_MOTION_SENSOR_GetAxes
                0x0800ba68       0x88 ./Drivers/BSP/IKS4A1/iks4a1_motion_sensors.o
                0x0800ba68                IKS4A1_MOTION_SENSOR_GetAxes
 .text.IKS4A1_MOTION_SENSOR_GetOutputDataRate
                0x0800baf0       0x88 ./Drivers/BSP/IKS4A1/iks4a1_motion_sensors.o
                0x0800baf0                IKS4A1_MOTION_SENSOR_GetOutputDataRate
 .text.IKS4A1_MOTION_SENSOR_GetFullScale
                0x0800bb78       0x88 ./Drivers/BSP/IKS4A1/iks4a1_motion_sensors.o
                0x0800bb78                IKS4A1_MOTION_SENSOR_GetFullScale
 .text.LIS2MDL_0_Probe
                0x0800bc00      0x150 ./Drivers/BSP/IKS4A1/iks4a1_motion_sensors.o
 .text.LSM6DSV16X_0_Probe
                0x0800bd50      0x198 ./Drivers/BSP/IKS4A1/iks4a1_motion_sensors.o
 .text.LIS2DUXS12_0_Probe
                0x0800bee8      0x16c ./Drivers/BSP/IKS4A1/iks4a1_motion_sensors.o
 .text.LSM6DSO16IS_0_Probe
                0x0800c054      0x198 ./Drivers/BSP/IKS4A1/iks4a1_motion_sensors.o
 .text.BSP_LED_Init
                0x0800c1ec       0x24 ./Drivers/BSP/STM32L4xx_Nucleo/stm32l4xx_nucleo.o
                0x0800c1ec                BSP_LED_Init
 .text.LED_USER_GPIO_Init
                0x0800c210       0x7c ./Drivers/BSP/STM32L4xx_Nucleo/stm32l4xx_nucleo.o
 .text.BSP_PB_Init
                0x0800c28c       0xa8 ./Drivers/BSP/STM32L4xx_Nucleo/stm32l4xx_nucleo.o
                0x0800c28c                BSP_PB_Init
 .text.BSP_PB_GetState
                0x0800c334       0x38 ./Drivers/BSP/STM32L4xx_Nucleo/stm32l4xx_nucleo.o
                0x0800c334                BSP_PB_GetState
 .text.BUTTON_USER_EXTI_Callback
                0x0800c36c        0xe ./Drivers/BSP/STM32L4xx_Nucleo/stm32l4xx_nucleo.o
 *fill*         0x0800c37a        0x2 
 .text.BUTTON_USER_GPIO_Init
                0x0800c37c       0x74 ./Drivers/BSP/STM32L4xx_Nucleo/stm32l4xx_nucleo.o
 .text.BSP_COM_Init
                0x0800c3f0       0x7c ./Drivers/BSP/STM32L4xx_Nucleo/stm32l4xx_nucleo.o
                0x0800c3f0                BSP_COM_Init
 .text.MX_USART2_UART_Init
                0x0800c46c       0x68 ./Drivers/BSP/STM32L4xx_Nucleo/stm32l4xx_nucleo.o
                0x0800c46c                MX_USART2_UART_Init
 .text.__io_putchar
                0x0800c4d4       0x38 ./Drivers/BSP/STM32L4xx_Nucleo/stm32l4xx_nucleo.o
                0x0800c4d4                __io_putchar
 .text.USART2_MspInit
                0x0800c50c      0x15c ./Drivers/BSP/STM32L4xx_Nucleo/stm32l4xx_nucleo.o
 .text.SystemInit
                0x0800c668       0x24 ./Drivers/CMSIS/system_stm32l4xx.o
                0x0800c668                SystemInit
 .text.HAL_Init
                0x0800c68c       0x40 ./Drivers/STM32L4xx_HAL_Driver/stm32l4xx_hal.o
                0x0800c68c                HAL_Init
 .text.HAL_InitTick
                0x0800c6cc       0x78 ./Drivers/STM32L4xx_HAL_Driver/stm32l4xx_hal.o
                0x0800c6cc                HAL_InitTick
 .text.HAL_IncTick
                0x0800c744       0x28 ./Drivers/STM32L4xx_HAL_Driver/stm32l4xx_hal.o
                0x0800c744                HAL_IncTick
 .text.HAL_GetTick
                0x0800c76c       0x18 ./Drivers/STM32L4xx_HAL_Driver/stm32l4xx_hal.o
                0x0800c76c                HAL_GetTick
 .text.HAL_Delay
                0x0800c784       0x48 ./Drivers/STM32L4xx_HAL_Driver/stm32l4xx_hal.o
                0x0800c784                HAL_Delay
 .text.__NVIC_SetPriorityGrouping
                0x0800c7cc       0x48 ./Drivers/STM32L4xx_HAL_Driver/stm32l4xx_hal_cortex.o
 .text.__NVIC_GetPriorityGrouping
                0x0800c814       0x1c ./Drivers/STM32L4xx_HAL_Driver/stm32l4xx_hal_cortex.o
 .text.__NVIC_EnableIRQ
                0x0800c830       0x3c ./Drivers/STM32L4xx_HAL_Driver/stm32l4xx_hal_cortex.o
 .text.__NVIC_SetPriority
                0x0800c86c       0x54 ./Drivers/STM32L4xx_HAL_Driver/stm32l4xx_hal_cortex.o
 .text.NVIC_EncodePriority
                0x0800c8c0       0x66 ./Drivers/STM32L4xx_HAL_Driver/stm32l4xx_hal_cortex.o
 *fill*         0x0800c926        0x2 
 .text.SysTick_Config
                0x0800c928       0x44 ./Drivers/STM32L4xx_HAL_Driver/stm32l4xx_hal_cortex.o
 .text.HAL_NVIC_SetPriorityGrouping
                0x0800c96c       0x16 ./Drivers/STM32L4xx_HAL_Driver/stm32l4xx_hal_cortex.o
                0x0800c96c                HAL_NVIC_SetPriorityGrouping
 .text.HAL_NVIC_SetPriority
                0x0800c982       0x38 ./Drivers/STM32L4xx_HAL_Driver/stm32l4xx_hal_cortex.o
                0x0800c982                HAL_NVIC_SetPriority
 .text.HAL_NVIC_EnableIRQ
                0x0800c9ba       0x1c ./Drivers/STM32L4xx_HAL_Driver/stm32l4xx_hal_cortex.o
                0x0800c9ba                HAL_NVIC_EnableIRQ
 .text.HAL_SYSTICK_Config
                0x0800c9d6       0x18 ./Drivers/STM32L4xx_HAL_Driver/stm32l4xx_hal_cortex.o
                0x0800c9d6                HAL_SYSTICK_Config
 *fill*         0x0800c9ee        0x2 
 .text.HAL_CRC_Init
                0x0800c9f0       0xc8 ./Drivers/STM32L4xx_HAL_Driver/stm32l4xx_hal_crc.o
                0x0800c9f0                HAL_CRC_Init
 .text.HAL_CRCEx_Polynomial_Set
                0x0800cab8      0x11c ./Drivers/STM32L4xx_HAL_Driver/stm32l4xx_hal_crc_ex.o
                0x0800cab8                HAL_CRCEx_Polynomial_Set
 .text.HAL_DMA_Init
                0x0800cbd4      0x170 ./Drivers/STM32L4xx_HAL_Driver/stm32l4xx_hal_dma.o
                0x0800cbd4                HAL_DMA_Init
 .text.HAL_DMA_Abort
                0x0800cd44       0x7c ./Drivers/STM32L4xx_HAL_Driver/stm32l4xx_hal_dma.o
                0x0800cd44                HAL_DMA_Abort
 .text.HAL_DMA_Abort_IT
                0x0800cdc0       0x82 ./Drivers/STM32L4xx_HAL_Driver/stm32l4xx_hal_dma.o
                0x0800cdc0                HAL_DMA_Abort_IT
 .text.HAL_DMA_IRQHandler
                0x0800ce42      0x15e ./Drivers/STM32L4xx_HAL_Driver/stm32l4xx_hal_dma.o
                0x0800ce42                HAL_DMA_IRQHandler
 .text.HAL_EXTI_RegisterCallback
                0x0800cfa0       0x34 ./Drivers/STM32L4xx_HAL_Driver/stm32l4xx_hal_exti.o
                0x0800cfa0                HAL_EXTI_RegisterCallback
 .text.HAL_EXTI_GetHandle
                0x0800cfd4       0x28 ./Drivers/STM32L4xx_HAL_Driver/stm32l4xx_hal_exti.o
                0x0800cfd4                HAL_EXTI_GetHandle
 .text.HAL_GPIO_Init
                0x0800cffc      0x354 ./Drivers/STM32L4xx_HAL_Driver/stm32l4xx_hal_gpio.o
                0x0800cffc                HAL_GPIO_Init
 .text.HAL_GPIO_DeInit
                0x0800d350      0x1e8 ./Drivers/STM32L4xx_HAL_Driver/stm32l4xx_hal_gpio.o
                0x0800d350                HAL_GPIO_DeInit
 .text.HAL_GPIO_ReadPin
                0x0800d538       0x30 ./Drivers/STM32L4xx_HAL_Driver/stm32l4xx_hal_gpio.o
                0x0800d538                HAL_GPIO_ReadPin
 .text.HAL_GPIO_WritePin
                0x0800d568       0x30 ./Drivers/STM32L4xx_HAL_Driver/stm32l4xx_hal_gpio.o
                0x0800d568                HAL_GPIO_WritePin
 .text.HAL_I2C_Init
                0x0800d598      0x136 ./Drivers/STM32L4xx_HAL_Driver/stm32l4xx_hal_i2c.o
                0x0800d598                HAL_I2C_Init
 .text.HAL_I2C_DeInit
                0x0800d6ce       0x5e ./Drivers/STM32L4xx_HAL_Driver/stm32l4xx_hal_i2c.o
                0x0800d6ce                HAL_I2C_DeInit
 .text.HAL_I2C_MspInit
                0x0800d72c       0x14 ./Drivers/STM32L4xx_HAL_Driver/stm32l4xx_hal_i2c.o
                0x0800d72c                HAL_I2C_MspInit
 .text.HAL_I2C_MspDeInit
                0x0800d740       0x14 ./Drivers/STM32L4xx_HAL_Driver/stm32l4xx_hal_i2c.o
                0x0800d740                HAL_I2C_MspDeInit
 .text.HAL_I2C_Master_Transmit
                0x0800d754      0x230 ./Drivers/STM32L4xx_HAL_Driver/stm32l4xx_hal_i2c.o
                0x0800d754                HAL_I2C_Master_Transmit
 .text.HAL_I2C_Master_Receive
                0x0800d984      0x1ec ./Drivers/STM32L4xx_HAL_Driver/stm32l4xx_hal_i2c.o
                0x0800d984                HAL_I2C_Master_Receive
 .text.HAL_I2C_Mem_Write
                0x0800db70      0x228 ./Drivers/STM32L4xx_HAL_Driver/stm32l4xx_hal_i2c.o
                0x0800db70                HAL_I2C_Mem_Write
 .text.HAL_I2C_Mem_Read
                0x0800dd98      0x234 ./Drivers/STM32L4xx_HAL_Driver/stm32l4xx_hal_i2c.o
                0x0800dd98                HAL_I2C_Mem_Read
 .text.HAL_I2C_GetState
                0x0800dfcc       0x1c ./Drivers/STM32L4xx_HAL_Driver/stm32l4xx_hal_i2c.o
                0x0800dfcc                HAL_I2C_GetState
 .text.HAL_I2C_GetError
                0x0800dfe8       0x18 ./Drivers/STM32L4xx_HAL_Driver/stm32l4xx_hal_i2c.o
                0x0800dfe8                HAL_I2C_GetError
 .text.I2C_RequestMemoryWrite
                0x0800e000       0xa8 ./Drivers/STM32L4xx_HAL_Driver/stm32l4xx_hal_i2c.o
 .text.I2C_RequestMemoryRead
                0x0800e0a8       0xa8 ./Drivers/STM32L4xx_HAL_Driver/stm32l4xx_hal_i2c.o
 .text.I2C_Flush_TXDR
                0x0800e150       0x48 ./Drivers/STM32L4xx_HAL_Driver/stm32l4xx_hal_i2c.o
 .text.I2C_WaitOnFlagUntilTimeout
                0x0800e198       0xb2 ./Drivers/STM32L4xx_HAL_Driver/stm32l4xx_hal_i2c.o
 .text.I2C_WaitOnTXISFlagUntilTimeout
                0x0800e24a       0x8e ./Drivers/STM32L4xx_HAL_Driver/stm32l4xx_hal_i2c.o
 .text.I2C_WaitOnSTOPFlagUntilTimeout
                0x0800e2d8       0x86 ./Drivers/STM32L4xx_HAL_Driver/stm32l4xx_hal_i2c.o
 *fill*         0x0800e35e        0x2 
 .text.I2C_WaitOnRXNEFlagUntilTimeout
                0x0800e360      0x118 ./Drivers/STM32L4xx_HAL_Driver/stm32l4xx_hal_i2c.o
 .text.I2C_IsErrorOccurred
                0x0800e478      0x1c0 ./Drivers/STM32L4xx_HAL_Driver/stm32l4xx_hal_i2c.o
 .text.I2C_TransferConfig
                0x0800e638       0x64 ./Drivers/STM32L4xx_HAL_Driver/stm32l4xx_hal_i2c.o
 .text.HAL_I2CEx_ConfigAnalogFilter
                0x0800e69c       0x96 ./Drivers/STM32L4xx_HAL_Driver/stm32l4xx_hal_i2c_ex.o
                0x0800e69c                HAL_I2CEx_ConfigAnalogFilter
 .text.HAL_I2CEx_ConfigDigitalFilter
                0x0800e732       0x98 ./Drivers/STM32L4xx_HAL_Driver/stm32l4xx_hal_i2c_ex.o
                0x0800e732                HAL_I2CEx_ConfigDigitalFilter
 *fill*         0x0800e7ca        0x2 
 .text.HAL_PWREx_GetVoltageRange
                0x0800e7cc       0x1c ./Drivers/STM32L4xx_HAL_Driver/stm32l4xx_hal_pwr_ex.o
                0x0800e7cc                HAL_PWREx_GetVoltageRange
 .text.HAL_PWREx_ControlVoltageScaling
                0x0800e7e8       0xac ./Drivers/STM32L4xx_HAL_Driver/stm32l4xx_hal_pwr_ex.o
                0x0800e7e8                HAL_PWREx_ControlVoltageScaling
 .text.HAL_RCC_OscConfig
                0x0800e894      0x7b8 ./Drivers/STM32L4xx_HAL_Driver/stm32l4xx_hal_rcc.o
                0x0800e894                HAL_RCC_OscConfig
 .text.HAL_RCC_ClockConfig
                0x0800f04c      0x200 ./Drivers/STM32L4xx_HAL_Driver/stm32l4xx_hal_rcc.o
                0x0800f04c                HAL_RCC_ClockConfig
 .text.HAL_RCC_GetSysClockFreq
                0x0800f24c      0x118 ./Drivers/STM32L4xx_HAL_Driver/stm32l4xx_hal_rcc.o
                0x0800f24c                HAL_RCC_GetSysClockFreq
 .text.HAL_RCC_GetHCLKFreq
                0x0800f364       0x18 ./Drivers/STM32L4xx_HAL_Driver/stm32l4xx_hal_rcc.o
                0x0800f364                HAL_RCC_GetHCLKFreq
 .text.HAL_RCC_GetPCLK1Freq
                0x0800f37c       0x2c ./Drivers/STM32L4xx_HAL_Driver/stm32l4xx_hal_rcc.o
                0x0800f37c                HAL_RCC_GetPCLK1Freq
 .text.HAL_RCC_GetPCLK2Freq
                0x0800f3a8       0x2c ./Drivers/STM32L4xx_HAL_Driver/stm32l4xx_hal_rcc.o
                0x0800f3a8                HAL_RCC_GetPCLK2Freq
 .text.RCC_SetFlashLatencyFromMSIRange
                0x0800f3d4       0xc0 ./Drivers/STM32L4xx_HAL_Driver/stm32l4xx_hal_rcc.o
 .text.HAL_RCCEx_PeriphCLKConfig
                0x0800f494      0x5d4 ./Drivers/STM32L4xx_HAL_Driver/stm32l4xx_hal_rcc_ex.o
                0x0800f494                HAL_RCCEx_PeriphCLKConfig
 .text.RCCEx_PLLSAI1_Config
                0x0800fa68      0x1e8 ./Drivers/STM32L4xx_HAL_Driver/stm32l4xx_hal_rcc_ex.o
 .text.RCCEx_PLLSAI2_Config
                0x0800fc50      0x1bc ./Drivers/STM32L4xx_HAL_Driver/stm32l4xx_hal_rcc_ex.o
 .text.HAL_RTC_Init
                0x0800fe0c      0x110 ./Drivers/STM32L4xx_HAL_Driver/stm32l4xx_hal_rtc.o
                0x0800fe0c                HAL_RTC_Init
 .text.HAL_RTC_SetTime
                0x0800ff1c      0x13a ./Drivers/STM32L4xx_HAL_Driver/stm32l4xx_hal_rtc.o
                0x0800ff1c                HAL_RTC_SetTime
 .text.HAL_RTC_SetDate
                0x08010056      0x10e ./Drivers/STM32L4xx_HAL_Driver/stm32l4xx_hal_rtc.o
                0x08010056                HAL_RTC_SetDate
 .text.HAL_RTC_WaitForSynchro
                0x08010164       0x48 ./Drivers/STM32L4xx_HAL_Driver/stm32l4xx_hal_rtc.o
                0x08010164                HAL_RTC_WaitForSynchro
 .text.RTC_EnterInitMode
                0x080101ac       0x66 ./Drivers/STM32L4xx_HAL_Driver/stm32l4xx_hal_rtc.o
                0x080101ac                RTC_EnterInitMode
 *fill*         0x08010212        0x2 
 .text.RTC_ExitInitMode
                0x08010214       0x7c ./Drivers/STM32L4xx_HAL_Driver/stm32l4xx_hal_rtc.o
                0x08010214                RTC_ExitInitMode
 .text.RTC_ByteToBcd2
                0x08010290       0x40 ./Drivers/STM32L4xx_HAL_Driver/stm32l4xx_hal_rtc.o
                0x08010290                RTC_ByteToBcd2
 .text.HAL_SPI_Init
                0x080102d0      0x146 ./Drivers/STM32L4xx_HAL_Driver/stm32l4xx_hal_spi.o
                0x080102d0                HAL_SPI_Init
 *fill*         0x08010416        0x2 
 .text.HAL_SPI_IRQHandler
                0x08010418      0x200 ./Drivers/STM32L4xx_HAL_Driver/stm32l4xx_hal_spi.o
                0x08010418                HAL_SPI_IRQHandler
 .text.HAL_SPI_ErrorCallback
                0x08010618       0x14 ./Drivers/STM32L4xx_HAL_Driver/stm32l4xx_hal_spi.o
                0x08010618                HAL_SPI_ErrorCallback
 .text.SPI_DMAAbortOnError
                0x0801062c       0x2a ./Drivers/STM32L4xx_HAL_Driver/stm32l4xx_hal_spi.o
 .text.HAL_TIM_Base_Init
                0x08010656       0xae ./Drivers/STM32L4xx_HAL_Driver/stm32l4xx_hal_tim.o
                0x08010656                HAL_TIM_Base_Init
 .text.HAL_TIM_IRQHandler
                0x08010704      0x20e ./Drivers/STM32L4xx_HAL_Driver/stm32l4xx_hal_tim.o
                0x08010704                HAL_TIM_IRQHandler
 .text.HAL_TIM_ConfigClockSource
                0x08010912      0x192 ./Drivers/STM32L4xx_HAL_Driver/stm32l4xx_hal_tim.o
                0x08010912                HAL_TIM_ConfigClockSource
 .text.HAL_TIM_PeriodElapsedCallback
                0x08010aa4       0x14 ./Drivers/STM32L4xx_HAL_Driver/stm32l4xx_hal_tim.o
                0x08010aa4                HAL_TIM_PeriodElapsedCallback
 .text.HAL_TIM_OC_DelayElapsedCallback
                0x08010ab8       0x14 ./Drivers/STM32L4xx_HAL_Driver/stm32l4xx_hal_tim.o
                0x08010ab8                HAL_TIM_OC_DelayElapsedCallback
 .text.HAL_TIM_IC_CaptureCallback
                0x08010acc       0x14 ./Drivers/STM32L4xx_HAL_Driver/stm32l4xx_hal_tim.o
                0x08010acc                HAL_TIM_IC_CaptureCallback
 .text.HAL_TIM_PWM_PulseFinishedCallback
                0x08010ae0       0x14 ./Drivers/STM32L4xx_HAL_Driver/stm32l4xx_hal_tim.o
                0x08010ae0                HAL_TIM_PWM_PulseFinishedCallback
 .text.HAL_TIM_TriggerCallback
                0x08010af4       0x14 ./Drivers/STM32L4xx_HAL_Driver/stm32l4xx_hal_tim.o
                0x08010af4                HAL_TIM_TriggerCallback
 .text.TIM_Base_SetConfig
                0x08010b08      0x14c ./Drivers/STM32L4xx_HAL_Driver/stm32l4xx_hal_tim.o
                0x08010b08                TIM_Base_SetConfig
 .text.TIM_TI1_ConfigInputStage
                0x08010c54       0x5e ./Drivers/STM32L4xx_HAL_Driver/stm32l4xx_hal_tim.o
 .text.TIM_TI2_ConfigInputStage
                0x08010cb2       0x60 ./Drivers/STM32L4xx_HAL_Driver/stm32l4xx_hal_tim.o
 .text.TIM_ITRx_SetConfig
                0x08010d12       0x36 ./Drivers/STM32L4xx_HAL_Driver/stm32l4xx_hal_tim.o
 .text.TIM_ETR_SetConfig
                0x08010d48       0x40 ./Drivers/STM32L4xx_HAL_Driver/stm32l4xx_hal_tim.o
                0x08010d48                TIM_ETR_SetConfig
 .text.HAL_TIMEx_MasterConfigSynchronization
                0x08010d88      0x110 ./Drivers/STM32L4xx_HAL_Driver/stm32l4xx_hal_tim_ex.o
                0x08010d88                HAL_TIMEx_MasterConfigSynchronization
 .text.HAL_TIMEx_CommutCallback
                0x08010e98       0x14 ./Drivers/STM32L4xx_HAL_Driver/stm32l4xx_hal_tim_ex.o
                0x08010e98                HAL_TIMEx_CommutCallback
 .text.HAL_TIMEx_BreakCallback
                0x08010eac       0x14 ./Drivers/STM32L4xx_HAL_Driver/stm32l4xx_hal_tim_ex.o
                0x08010eac                HAL_TIMEx_BreakCallback
 .text.HAL_TIMEx_Break2Callback
                0x08010ec0       0x14 ./Drivers/STM32L4xx_HAL_Driver/stm32l4xx_hal_tim_ex.o
                0x08010ec0                HAL_TIMEx_Break2Callback
 .text.HAL_UART_Init
                0x08010ed4       0x9c ./Drivers/STM32L4xx_HAL_Driver/stm32l4xx_hal_uart.o
                0x08010ed4                HAL_UART_Init
 .text.HAL_UART_Transmit
                0x08010f70      0x112 ./Drivers/STM32L4xx_HAL_Driver/stm32l4xx_hal_uart.o
                0x08010f70                HAL_UART_Transmit
 *fill*         0x08011082        0x2 
 .text.HAL_UART_IRQHandler
                0x08011084      0x60c ./Drivers/STM32L4xx_HAL_Driver/stm32l4xx_hal_uart.o
                0x08011084                HAL_UART_IRQHandler
 .text.HAL_UART_TxCpltCallback
                0x08011690       0x14 ./Drivers/STM32L4xx_HAL_Driver/stm32l4xx_hal_uart.o
                0x08011690                HAL_UART_TxCpltCallback
 .text.HAL_UART_ErrorCallback
                0x080116a4       0x14 ./Drivers/STM32L4xx_HAL_Driver/stm32l4xx_hal_uart.o
                0x080116a4                HAL_UART_ErrorCallback
 .text.HAL_UARTEx_RxEventCallback
                0x080116b8       0x18 ./Drivers/STM32L4xx_HAL_Driver/stm32l4xx_hal_uart.o
                0x080116b8                HAL_UARTEx_RxEventCallback
 .text.UART_SetConfig
                0x080116d0      0x570 ./Drivers/STM32L4xx_HAL_Driver/stm32l4xx_hal_uart.o
                0x080116d0                UART_SetConfig
 .text.UART_AdvFeatureConfig
                0x08011c40      0x144 ./Drivers/STM32L4xx_HAL_Driver/stm32l4xx_hal_uart.o
                0x08011c40                UART_AdvFeatureConfig
 .text.UART_CheckIdleState
                0x08011d84      0x150 ./Drivers/STM32L4xx_HAL_Driver/stm32l4xx_hal_uart.o
                0x08011d84                UART_CheckIdleState
 .text.UART_WaitOnFlagUntilTimeout
                0x08011ed4       0xda ./Drivers/STM32L4xx_HAL_Driver/stm32l4xx_hal_uart.o
                0x08011ed4                UART_WaitOnFlagUntilTimeout
 .text.UART_EndRxTransfer
                0x08011fae       0xc8 ./Drivers/STM32L4xx_HAL_Driver/stm32l4xx_hal_uart.o
 .text.UART_DMAAbortOnError
                0x08012076       0x2c ./Drivers/STM32L4xx_HAL_Driver/stm32l4xx_hal_uart.o
 .text.UART_EndTransmit_IT
                0x080120a2       0x54 ./Drivers/STM32L4xx_HAL_Driver/stm32l4xx_hal_uart.o
 .text.HAL_UARTEx_WakeupCallback
                0x080120f6       0x14 ./Drivers/STM32L4xx_HAL_Driver/stm32l4xx_hal_uart_ex.o
                0x080120f6                HAL_UARTEx_WakeupCallback
 *fill*         0x0801210a        0x2 
 .text.std      0x0801210c       0x6c C:/ST/STM32CubeIDE_1.16.0/STM32CubeIDE/plugins/com.st.stm32cube.ide.mcu.externaltools.gnu-tools-for-stm32.13.3.rel1.win32_1.0.0.202411081344/tools/bin/../lib/gcc/arm-none-eabi/13.3.1/../../../../arm-none-eabi/lib/thumb/v7e-m+fp/hard\libc_nano.a(libc_a-findfp.o)
 .text.stdio_exit_handler
                0x08012178       0x18 C:/ST/STM32CubeIDE_1.16.0/STM32CubeIDE/plugins/com.st.stm32cube.ide.mcu.externaltools.gnu-tools-for-stm32.13.3.rel1.win32_1.0.0.202411081344/tools/bin/../lib/gcc/arm-none-eabi/13.3.1/../../../../arm-none-eabi/lib/thumb/v7e-m+fp/hard\libc_nano.a(libc_a-findfp.o)
 .text.cleanup_stdio
                0x08012190       0x40 C:/ST/STM32CubeIDE_1.16.0/STM32CubeIDE/plugins/com.st.stm32cube.ide.mcu.externaltools.gnu-tools-for-stm32.13.3.rel1.win32_1.0.0.202411081344/tools/bin/../lib/gcc/arm-none-eabi/13.3.1/../../../../arm-none-eabi/lib/thumb/v7e-m+fp/hard\libc_nano.a(libc_a-findfp.o)
 .text.global_stdio_init.part.0
                0x080121d0       0x3c C:/ST/STM32CubeIDE_1.16.0/STM32CubeIDE/plugins/com.st.stm32cube.ide.mcu.externaltools.gnu-tools-for-stm32.13.3.rel1.win32_1.0.0.202411081344/tools/bin/../lib/gcc/arm-none-eabi/13.3.1/../../../../arm-none-eabi/lib/thumb/v7e-m+fp/hard\libc_nano.a(libc_a-findfp.o)
 .text.__sfp_lock_acquire
                0x0801220c        0xc C:/ST/STM32CubeIDE_1.16.0/STM32CubeIDE/plugins/com.st.stm32cube.ide.mcu.externaltools.gnu-tools-for-stm32.13.3.rel1.win32_1.0.0.202411081344/tools/bin/../lib/gcc/arm-none-eabi/13.3.1/../../../../arm-none-eabi/lib/thumb/v7e-m+fp/hard\libc_nano.a(libc_a-findfp.o)
                0x0801220c                __sfp_lock_acquire
 .text.__sfp_lock_release
                0x08012218        0xc C:/ST/STM32CubeIDE_1.16.0/STM32CubeIDE/plugins/com.st.stm32cube.ide.mcu.externaltools.gnu-tools-for-stm32.13.3.rel1.win32_1.0.0.202411081344/tools/bin/../lib/gcc/arm-none-eabi/13.3.1/../../../../arm-none-eabi/lib/thumb/v7e-m+fp/hard\libc_nano.a(libc_a-findfp.o)
                0x08012218                __sfp_lock_release
 .text.__sinit  0x08012224       0x30 C:/ST/STM32CubeIDE_1.16.0/STM32CubeIDE/plugins/com.st.stm32cube.ide.mcu.externaltools.gnu-tools-for-stm32.13.3.rel1.win32_1.0.0.202411081344/tools/bin/../lib/gcc/arm-none-eabi/13.3.1/../../../../arm-none-eabi/lib/thumb/v7e-m+fp/hard\libc_nano.a(libc_a-findfp.o)
                0x08012224                __sinit
 .text._fwalk_sglue
                0x08012254       0x3c C:/ST/STM32CubeIDE_1.16.0/STM32CubeIDE/plugins/com.st.stm32cube.ide.mcu.externaltools.gnu-tools-for-stm32.13.3.rel1.win32_1.0.0.202411081344/tools/bin/../lib/gcc/arm-none-eabi/13.3.1/../../../../arm-none-eabi/lib/thumb/v7e-m+fp/hard\libc_nano.a(libc_a-fwalk.o)
                0x08012254                _fwalk_sglue
 .text.printf   0x08012290       0x24 C:/ST/STM32CubeIDE_1.16.0/STM32CubeIDE/plugins/com.st.stm32cube.ide.mcu.externaltools.gnu-tools-for-stm32.13.3.rel1.win32_1.0.0.202411081344/tools/bin/../lib/gcc/arm-none-eabi/13.3.1/../../../../arm-none-eabi/lib/thumb/v7e-m+fp/hard\libc_nano.a(libc_a-printf.o)
                0x08012290                iprintf
                0x08012290                printf
 .text.snprintf
                0x080122b4       0x6c C:/ST/STM32CubeIDE_1.16.0/STM32CubeIDE/plugins/com.st.stm32cube.ide.mcu.externaltools.gnu-tools-for-stm32.13.3.rel1.win32_1.0.0.202411081344/tools/bin/../lib/gcc/arm-none-eabi/13.3.1/../../../../arm-none-eabi/lib/thumb/v7e-m+fp/hard\libc_nano.a(libc_a-snprintf.o)
                0x080122b4                sniprintf
                0x080122b4                snprintf
 .text.__sread  0x08012320       0x22 C:/ST/STM32CubeIDE_1.16.0/STM32CubeIDE/plugins/com.st.stm32cube.ide.mcu.externaltools.gnu-tools-for-stm32.13.3.rel1.win32_1.0.0.202411081344/tools/bin/../lib/gcc/arm-none-eabi/13.3.1/../../../../arm-none-eabi/lib/thumb/v7e-m+fp/hard\libc_nano.a(libc_a-stdio.o)
                0x08012320                __sread
 .text.__swrite
                0x08012342       0x38 C:/ST/STM32CubeIDE_1.16.0/STM32CubeIDE/plugins/com.st.stm32cube.ide.mcu.externaltools.gnu-tools-for-stm32.13.3.rel1.win32_1.0.0.202411081344/tools/bin/../lib/gcc/arm-none-eabi/13.3.1/../../../../arm-none-eabi/lib/thumb/v7e-m+fp/hard\libc_nano.a(libc_a-stdio.o)
                0x08012342                __swrite
 .text.__sseek  0x0801237a       0x24 C:/ST/STM32CubeIDE_1.16.0/STM32CubeIDE/plugins/com.st.stm32cube.ide.mcu.externaltools.gnu-tools-for-stm32.13.3.rel1.win32_1.0.0.202411081344/tools/bin/../lib/gcc/arm-none-eabi/13.3.1/../../../../arm-none-eabi/lib/thumb/v7e-m+fp/hard\libc_nano.a(libc_a-stdio.o)
                0x0801237a                __sseek
 .text.__sclose
                0x0801239e        0x8 C:/ST/STM32CubeIDE_1.16.0/STM32CubeIDE/plugins/com.st.stm32cube.ide.mcu.externaltools.gnu-tools-for-stm32.13.3.rel1.win32_1.0.0.202411081344/tools/bin/../lib/gcc/arm-none-eabi/13.3.1/../../../../arm-none-eabi/lib/thumb/v7e-m+fp/hard\libc_nano.a(libc_a-stdio.o)
                0x0801239e                __sclose